Archive member included because of file (symbol)

C:\Users\Satyanarayana\SimplicityStudio\v4_workspace\soc-smartPhone\protocol\bluetooth_2.6\lib\EFR32BG13P\GCC\bgapi.a(gecko_bgapi_hardware.c.obj)
                              ./main.o (gecko_bgapi_class_hardware_init)
C:\Users\Satyanarayana\SimplicityStudio\v4_workspace\soc-smartPhone\protocol\bluetooth_2.6\lib\EFR32BG13P\GCC\bgapi.a(gecko_bgapi_test.c.obj)
                              ./main.o (gecko_bgapi_class_test_init)
C:\Users\Satyanarayana\SimplicityStudio\v4_workspace\soc-smartPhone\protocol\bluetooth_2.6\lib\EFR32BG13P\GCC\bgapi.a(gecko_bgapi_dfu.c.obj)
                              ./main.o (gecko_bgapi_class_dfu_init)
C:\Users\Satyanarayana\SimplicityStudio\v4_workspace\soc-smartPhone\protocol\bluetooth_2.6\lib\EFR32BG13P\GCC\bgapi.a(gecko_bgapi_gap.c.obj)
                              ./main.o (gecko_bgapi_class_le_gap_init)
C:\Users\Satyanarayana\SimplicityStudio\v4_workspace\soc-smartPhone\protocol\bluetooth_2.6\lib\EFR32BG13P\GCC\bgapi.a(gecko_bgapi_gatt.c.obj)
                              ./main.o (gecko_bgapi_class_gatt_init)
C:\Users\Satyanarayana\SimplicityStudio\v4_workspace\soc-smartPhone\protocol\bluetooth_2.6\lib\EFR32BG13P\GCC\bgapi.a(gecko_bgapi_gatt_server.c.obj)
                              ./main.o (gecko_bgapi_class_gatt_server_init)
C:\Users\Satyanarayana\SimplicityStudio\v4_workspace\soc-smartPhone\protocol\bluetooth_2.6\lib\EFR32BG13P\GCC\bgapi.a(gecko_bgapi_flash.c.obj)
                              ./main.o (gecko_bgapi_class_flash_init)
C:\Users\Satyanarayana\SimplicityStudio\v4_workspace\soc-smartPhone\protocol\bluetooth_2.6\lib\EFR32BG13P\GCC\bgapi.a(gecko_bgapi_sm.c.obj)
                              ./main.o (gecko_bgapi_class_sm_init)
C:\Users\Satyanarayana\SimplicityStudio\v4_workspace\soc-smartPhone\protocol\bluetooth_2.6\lib\EFR32BG13P\GCC\bgapi.a(gecko_bgapi_system.c.obj)
                              ./main.o (gecko_bgapi_class_system_init)
C:\Users\Satyanarayana\SimplicityStudio\v4_workspace\soc-smartPhone\protocol\bluetooth_2.6\lib\EFR32BG13P\GCC\bgapi.a(gecko_bgapi_endpoint.c.obj)
                              ./main.o (gecko_bgapi_class_endpoint_init)
C:\Users\Satyanarayana\SimplicityStudio\v4_workspace\soc-smartPhone\protocol\bluetooth_2.6\lib\EFR32BG13P\GCC\bgapi.a(gecko_bgapi_le_connection.c.obj)
                              ./main.o (gecko_bgapi_class_le_connection_init)
C:\Users\Satyanarayana\SimplicityStudio\v4_workspace\soc-smartPhone\protocol\bluetooth_2.6\lib\EFR32BG13P\GCC\bgapi.a(bgapi_hardware.c.obj)
                              C:\Users\Satyanarayana\SimplicityStudio\v4_workspace\soc-smartPhone\protocol\bluetooth_2.6\lib\EFR32BG13P\GCC\bgapi.a(gecko_bgapi_hardware.c.obj) (lib_hardware_handler_init)
C:\Users\Satyanarayana\SimplicityStudio\v4_workspace\soc-smartPhone\protocol\bluetooth_2.6\lib\EFR32BG13P\GCC\bgapi.a(bgapi_test_lib.c.obj)
                              C:\Users\Satyanarayana\SimplicityStudio\v4_workspace\soc-smartPhone\protocol\bluetooth_2.6\lib\EFR32BG13P\GCC\bgapi.a(gecko_bgapi_test.c.obj) (lib_test_handler_init)
C:\Users\Satyanarayana\SimplicityStudio\v4_workspace\soc-smartPhone\protocol\bluetooth_2.6\lib\EFR32BG13P\GCC\bgapi.a(bgapi_dfu.c.obj)
                              C:\Users\Satyanarayana\SimplicityStudio\v4_workspace\soc-smartPhone\protocol\bluetooth_2.6\lib\EFR32BG13P\GCC\bgapi.a(gecko_bgapi_dfu.c.obj) (lib_dfu_handler_init)
C:\Users\Satyanarayana\SimplicityStudio\v4_workspace\soc-smartPhone\protocol\bluetooth_2.6\lib\EFR32BG13P\GCC\bgapi.a(bgapi_gap.c.obj)
                              C:\Users\Satyanarayana\SimplicityStudio\v4_workspace\soc-smartPhone\protocol\bluetooth_2.6\lib\EFR32BG13P\GCC\bgapi.a(gecko_bgapi_gap.c.obj) (lib_le_gap_handler_init)
C:\Users\Satyanarayana\SimplicityStudio\v4_workspace\soc-smartPhone\protocol\bluetooth_2.6\lib\EFR32BG13P\GCC\bgapi.a(bgapi_gatt_lib.c.obj)
                              C:\Users\Satyanarayana\SimplicityStudio\v4_workspace\soc-smartPhone\protocol\bluetooth_2.6\lib\EFR32BG13P\GCC\bgapi.a(gecko_bgapi_gatt.c.obj) (lib_gatt_handler_init)
C:\Users\Satyanarayana\SimplicityStudio\v4_workspace\soc-smartPhone\protocol\bluetooth_2.6\lib\EFR32BG13P\GCC\bgapi.a(bgapi_ps.c.obj)
                              C:\Users\Satyanarayana\SimplicityStudio\v4_workspace\soc-smartPhone\protocol\bluetooth_2.6\lib\EFR32BG13P\GCC\bgapi.a(gecko_bgapi_flash.c.obj) (lib_flash_handler_init)
C:\Users\Satyanarayana\SimplicityStudio\v4_workspace\soc-smartPhone\protocol\bluetooth_2.6\lib\EFR32BG13P\GCC\bgapi.a(bgapi_sm.c.obj)
                              C:\Users\Satyanarayana\SimplicityStudio\v4_workspace\soc-smartPhone\protocol\bluetooth_2.6\lib\EFR32BG13P\GCC\bgapi.a(gecko_bgapi_sm.c.obj) (lib_sm_handler_init)
C:\Users\Satyanarayana\SimplicityStudio\v4_workspace\soc-smartPhone\protocol\bluetooth_2.6\lib\EFR32BG13P\GCC\bgapi.a(bgapi_system.c.obj)
[...]
Memory Configuration

Name             Origin             Length             Attributes
FLASH_BOOTLOADER 0x0fe10000         0x00004000         xr
FLASH            0x00000000         0x0007b000         xr
RAM              0x20003000         0x0000cffc         xrw
*default*        0x00000000         0xffffffff

Linker script and memory map

LOAD c:/siliconlabs/simplicitystudio/v4/developer/toolchains/gnu_arm/4.9_2015q3/bin/../lib/gcc/arm-none-eabi/4.9.3/armv7e-m/fpu/crti.o
LOAD c:/siliconlabs/simplicitystudio/v4/developer/toolchains/gnu_arm/4.9_2015q3/bin/../lib/gcc/arm-none-eabi/4.9.3/armv7e-m/fpu/crtbegin.o
LOAD c:/siliconlabs/simplicitystudio/v4/developer/toolchains/gnu_arm/4.9_2015q3/bin/../lib/gcc/arm-none-eabi/4.9.3/../../../../arm-none-eabi/lib/armv7e-m/fpu/crt0.o
LOAD ./advertisement.o
LOAD ./app.o
LOAD ./app_hw.o
LOAD ./app_ui.o
LOAD ./application_properties.o
LOAD ./beacon.o
LOAD ./gatt_db.o
LOAD ./graphics.o
LOAD ./htm.o
LOAD ./ia.o
LOAD ./init_app.o
LOAD ./init_board.o
LOAD ./init_mcu.o
LOAD ./main.o
LOAD ./pti.o
LOAD ./emlib/em_adc.o
LOAD ./emlib/em_cmu.o
LOAD ./emlib/em_crypto.o
LOAD ./emlib/em_gpio.o
LOAD ./emlib/em_i2c.o
LOAD ./emlib/em_ldma.o
LOAD ./emlib/em_letimer.o
LOAD ./emlib/em_leuart.o
LOAD ./emlib/em_msc.o
LOAD ./emlib/em_rmu.o
LOAD ./emlib/em_rtcc.o
LOAD ./emlib/em_system.o
LOAD ./emlib/em_usart.o
LOAD ./hardware/kit/common/bsp/bsp_stk.o
LOAD ./hardware/kit/common/bsp/bsp_stk_leds.o
LOAD ./hardware/kit/common/drivers/display.o
LOAD ./hardware/kit/common/drivers/displayls013b7dh03.o
LOAD ./hardware/kit/common/drivers/displaypalemlib.o
LOAD ./hardware/kit/common/drivers/i2cspm.o
LOAD ./hardware/kit/common/drivers/mx25flash_spi.o
LOAD ./hardware/kit/common/drivers/si7013.o
LOAD ./hardware/kit/common/drivers/tempsens.o
LOAD ./hardware/kit/common/drivers/udelay.o
LOAD ./platform/Device/SiliconLabs/EFR32BG13P/Source/GCC/startup_efr32bg13p.o
LOAD ./platform/emdrv/dmadrv/src/dmadrv.o
LOAD ./platform/emlib/src/em_cryotimer.o
LOAD ./platform/middleware/glib/dmd/display/dmd_display.o
LOAD ./platform/middleware/glib/glib/bmp.o
LOAD ./platform/middleware/glib/glib/glib.o
LOAD ./platform/middleware/glib/glib/glib_bitmap.o
LOAD ./platform/middleware/glib/glib/glib_circle.o
LOAD ./platform/middleware/glib/glib/glib_font_narrow_6x8.o
LOAD ./platform/middleware/glib/glib/glib_font_normal_8x8.o
LOAD ./platform/middleware/glib/glib/glib_font_number_16x20.o
LOAD ./platform/middleware/glib/glib/glib_line.o
LOAD ./platform/middleware/glib/glib/glib_polygon.o
LOAD ./platform/middleware/glib/glib/glib_rectangle.o
LOAD ./platform/middleware/glib/glib/glib_string.o
LOAD ./src/InitDevice.o
LOAD ./src/bma280.o
LOAD ./src/cmu.o
LOAD ./src/gpio.o
LOAD ./src/letimer0.o
LOAD ./src/spi.o
LOAD C:\Users\Satyanarayana\SimplicityStudio\v4_workspace\soc-smartPhone\protocol\bluetooth_2.6\lib\EFR32BG13P\GCC\bgapi.a
LOAD C:\Users\Satyanarayana\SimplicityStudio\v4_workspace\soc-smartPhone\protocol\bluetooth_2.6\lib\EFR32BG13P\EABI\binstack.o
LOAD C:\Users\Satyanarayana\SimplicityStudio\v4_workspace\soc-smartPhone\protocol\bluetooth_2.6\lib\EFR32BG13P\EABI\stack.a
LOAD c:/siliconlabs/simplicitystudio/v4/developer/toolchains/gnu_arm/4.9_2015q3/bin/../lib/gcc/arm-none-eabi/4.9.3/../../../../arm-none-eabi/lib/armv7e-m/fpu\libm.a
START GROUP
LOAD c:/siliconlabs/simplicitystudio/v4/developer/toolchains/gnu_arm/4.9_2015q3/bin/../lib/gcc/arm-none-eabi/4.9.3/armv7e-m/fpu\libgcc.a
LOAD c:/siliconlabs/simplicitystudio/v4/developer/toolchains/gnu_arm/4.9_2015q3/bin/../lib/gcc/arm-none-eabi/4.9.3/../../../../arm-none-eabi/lib/armv7e-m/fpu\libc.a
LOAD c:/siliconlabs/simplicitystudio/v4/developer/toolchains/gnu_arm/4.9_2015q3/bin/../lib/gcc/arm-none-eabi/4.9.3/../../../../arm-none-eabi/lib/armv7e-m/fpu\libnosys.a
END GROUP
START GROUP
LOAD c:/siliconlabs/simplicitystudio/v4/developer/toolchains/gnu_arm/4.9_2015q3/bin/../lib/gcc/arm-none-eabi/4.9.3/armv7e-m/fpu\libgcc.a
LOAD c:/siliconlabs/simplicitystudio/v4/developer/toolchains/gnu_arm/4.9_2015q3/bin/../lib/gcc/arm-none-eabi/4.9.3/../../../../arm-none-eabi/lib/armv7e-m/fpu\libg.a
LOAD c:/siliconlabs/simplicitystudio/v4/developer/toolchains/gnu_arm/4.9_2015q3/bin/../lib/gcc/arm-none-eabi/4.9.3/../../../../arm-none-eabi/lib/armv7e-m/fpu\libc.a
END GROUP
LOAD c:/siliconlabs/simplicitystudio/v4/developer/toolchains/gnu_arm/4.9_2015q3/bin/../lib/gcc/arm-none-eabi/4.9.3/armv7e-m/fpu/crtend.o
LOAD c:/siliconlabs/simplicitystudio/v4/developer/toolchains/gnu_arm/4.9_2015q3/bin/../lib/gcc/arm-none-eabi/4.9.3/armv7e-m/fpu/crtn.o

.text_bootloader
                0x0fe10000        0x0
 *(.binbootloader*)
                0x0fe10000                . = ALIGN (0x4000)

.text_stack_bin
                0x00000000    0x1e777
 *(.binstack*)
 .binstack      0x00000000    0x1e777 C:\Users\Satyanarayana\SimplicityStudio\v4_workspace\soc-smartPhone\protocol\bluetooth_2.6\lib\EFR32BG13P\EABI\binstack.o

.text_signature
                0x0001e777       0x89
                0x0001e7b7                . = (. + 0x40)
 *fill*         0x0001e777       0x40 
                0x0001e800                . = ALIGN (0x800)
 *fill*         0x0001e7b7       0x49 
                0x0001e800                __text_start__ = .

.text_app       0x0001e800     0xd714
 *(.AAT)
 .AAT           0x0001e800       0x80 ./main.o
                0x0001e800                AppAddressTable
 *(.vectors)
 .vectors       0x0001e880       0xfc ./platform/Device/SiliconLabs/EFR32BG13P/Source/GCC/startup_efr32bg13p.o
                0x0001e880                __Vectors
                0x0001e97c                __Vectors_End = .
                0x000000fc                __Vectors_Size = (__Vectors_End - __Vectors)
                0x0001e97c                __end__ = .
 *(.gecko_configuration)
 *(.xo_configuration)
 *(.gatt_header)
 .gatt_header   0x0001e97c       0x34 ./gatt_db.o
                0x0001e97c                bg_gattdb_data
 *(.gatt_data)
 .gatt_data     0x0001e9b0      0x291 ./gatt_db.o
                0x0001e9b0                bg_gattdb_data_uuidtable_16_map
                0x0001e9d4                bg_gattdb_data_uuidtable_128_map
                0x0001e9f4                bg_gattdb_data_attribute_field_28
                0x0001e9fc                bg_gattdb_data_attribute_field_27
                0x0001ea14                bg_gattdb_data_attribute_field_26
                0x0001ea28                bg_gattdb_data_attribute_field_25
                0x0001ea30                bg_gattdb_data_attribute_field_24
                0x0001ea38                bg_gattdb_data_attribute_field_23
                0x0001ea3c                bg_gattdb_data_attribute_field_22
                0x0001ea44                bg_gattdb_data_attribute_field_21
                0x0001ea4c                bg_gattdb_data_attribute_field_19
                0x0001ea54                bg_gattdb_data_attribute_field_18
                0x0001ea5c                bg_gattdb_data_attribute_field_17
                0x0001ea64                bg_gattdb_data_attribute_field_16
                0x0001ea6c                bg_gattdb_data_attribute_field_14
                0x0001ea74                bg_gattdb_data_attribute_field_13
                0x0001ea7c                bg_gattdb_data_attribute_field_12
                0x0001ea80                bg_gattdb_data_attribute_field_11
                0x0001ea90                bg_gattdb_data_attribute_field_10
                0x0001ea98                bg_gattdb_data_attribute_field_9
                0x0001ea9c                bg_gattdb_data_attribute_field_8
                0x0001eaa0                bg_gattdb_data_attribute_field_7
                0x0001eaa8                bg_gattdb_data_attribute_field_6
                0x0001eab0                bg_gattdb_data_attribute_field_5
                0x0001eab8                bg_gattdb_data_attribute_field_4
                0x0001eabc                bg_gattdb_data_attribute_field_2
                0x0001eac4                bg_gattdb_data_attribute_field_1
                0x0001eacc                bg_gattdb_data_attribute_field_0
                0x0001ead0                bg_gattdb_data_attributes_map
                0x0001ec2c                bg_gattdb_data_attributes_dynamic_mapping_map
                0x0001ec3c                bg_gattdb_data_adv_uuid16_map
                0x0001ec40                bg_gattdb_data_adv_uuid128_map
 *(.application_properties)
 *fill*         0x0001ec41        0x3 
 .application_properties
                0x0001ec44       0x38 ./application_properties.o
                0x0001ec44                applicationProperties
 *(.text*)
 .text          0x0001ec7c       0x5c c:/siliconlabs/simplicitystudio/v4/developer/toolchains/gnu_arm/4.9_2015q3/bin/../lib/gcc/arm-none-eabi/4.9.3/armv7e-m/fpu/crtbegin.o
 .text          0x0001ecd8       0x74 c:/siliconlabs/simplicitystudio/v4/developer/toolchains/gnu_arm/4.9_2015q3/bin/../lib/gcc/arm-none-eabi/4.9.3/../../../../arm-none-eabi/lib/armv7e-m/fpu/crt0.o
                0x0001ecd8                _start
                0x0001ecd8                _mainCRTStartup
 .text.gecko_cmd_le_gap_set_mode
                0x0001ed4c       0x58 ./advertisement.o
 .text.advSetup
                0x0001eda4       0x38 ./advertisement.o
                0x0001eda4                advSetup
 .text.advSwitchAdvMessage
                0x0001eddc       0x3c ./advertisement.o
                0x0001eddc                advSwitchAdvMessage
 .text.advConnectionStarted
                0x0001ee18       0x18 ./advertisement.o
                0x0001ee18                advConnectionStarted
 .text.gecko_cmd_system_get_bt_address
                0x0001ee30       0x38 ./app.o
 .text.gecko_cmd_gatt_server_write_attribute_value
                0x0001ee68       0x98 ./app.o
 .text.appInit  0x0001ef00       0x50 ./app.o
                0x0001ef00                appInit
 .text.appHwInit
                0x0001ef50       0x2c ./app_hw.o
                0x0001ef50                appHwInit
 .text.appHwReadTm
                0x0001ef7c       0x2c ./app_hw.o
                0x0001ef7c                appHwReadTm
 .text.appHwInitTempSens
                0x0001efa8       0x28 ./app_hw.o
                0x0001efa8                appHwInitTempSens
 .text.appBtnCback
                0x0001efd0       0x18 ./app_hw.o
 .text.BUS_RegBitRead
                0x0001efe8       0x2c ./app_ui.o
 .text.GPIO_PinInGet
                0x0001f014       0x54 ./app_ui.o
 .text.gecko_cmd_hardware_set_soft_timer
                0x0001f068       0x60 ./app_ui.o
 .text.appUiBtnRegister
                0x0001f0c8       0x1c ./app_ui.o
                0x0001f0c8                appUiBtnRegister
 .text.appUiLedOff
                0x0001f0e4       0x1c ./app_ui.o
                0x0001f0e4                appUiLedOff
 .text.appUiLedLowAlert
                0x0001f100       0x1c ./app_ui.o
                0x0001f100                appUiLedLowAlert
 .text.appUiLedHighAlert
                0x0001f11c       0x1c ./app_ui.o
                0x0001f11c                appUiLedHighAlert
 .text.appUiInit
                0x0001f138       0x1c ./app_ui.o
                0x0001f138                appUiInit
 .text.appUiTick
                0x0001f154       0x1c ./app_ui.o
                0x0001f154                appUiTick
 .text.appUiWriteString
                0x0001f170       0x14 ./app_ui.o
                0x0001f170                appUiWriteString
 .text.appUiLedTimerCback
                0x0001f184       0xb4 ./app_ui.o
 .text.appUiButtonTimerCallback
                0x0001f238      0x110 ./app_ui.o
 .text.appUiPushButtonsGet
                0x0001f348       0x4c ./app_ui.o
 .text.appUiBtnSendEvent
                0x0001f394       0x1c ./app_ui.o
 .text.gecko_cmd_le_gap_set_mode
                0x0001f3b0       0x58 ./beacon.o
 .text.gecko_cmd_le_gap_set_adv_data
                0x0001f408       0x8c ./beacon.o
 .text.bcnSetupAdvBeaconing
                0x0001f494       0x38 ./beacon.o
                0x0001f494                bcnSetupAdvBeaconing
 .text.graphWriteString
                0x0001f4cc       0x40 ./graphics.o
                0x0001f4cc                graphWriteString
 .text.graphPrintCenter
                0x0001f50c       0xc0 ./graphics.o
 .text.gecko_cmd_gatt_server_send_characteristic_notification
                0x0001f5cc       0x9c ./htm.o
 .text.gecko_cmd_hardware_set_soft_timer
                0x0001f668       0x60 ./htm.o
 .text.htmInit  0x0001f6c8       0x1c ./htm.o
                0x0001f6c8                htmInit
 .text.htmTemperatureCharStatusChange
                0x0001f6e4       0x38 ./htm.o
                0x0001f6e4                htmTemperatureCharStatusChange
 .text.htmTemperatureMeasure
                0x0001f71c       0x34 ./htm.o
                0x0001f71c                htmTemperatureMeasure
 .text.htmBuildTempMeas
                0x0001f750      0x14c ./htm.o
 .text.htmProcMsg
                0x0001f89c      0x230 ./htm.o
 .text.iaImmediateAlertWrite
                0x0001facc       0x4c ./ia.o
                0x0001facc                iaImmediateAlertWrite
 .text.GPIO_IntEnable
                0x0001fb18       0x28 ./main.o
 .text.gecko_initCoexHAL
                0x0001fb40        0xc ./main.o
 .text.gecko_init
                0x0001fb4c       0x44 ./main.o
 .text.gecko_cmd_system_reset
                0x0001fb90       0x40 ./main.o
 .text.gecko_cmd_gatt_server_send_user_write_response
                0x0001fbd0       0x64 ./main.o
 .text.gecko_cmd_endpoint_close
                0x0001fc34       0x48 ./main.o
 .text.button_init
                0x0001fc7c       0x20 ./main.o
 .text.led_init
                0x0001fc9c       0x20 ./main.o
 *fill*         0x0001fcbc        0x4 
 .text.main     0x0001fcc0      0x180 ./main.o
                0x0001fcc0                main
 .text.BUS_RegBitWrite
                0x0001fe40       0x2c ./emlib/em_cmu.o
 .text.BUS_RegBitRead
                0x0001fe6c       0x2c ./emlib/em_cmu.o
 .text.BUS_RegMaskedSet
                0x0001fe98       0x24 ./emlib/em_cmu.o
 .text.BUS_RegMaskedClear
                0x0001febc       0x24 ./emlib/em_cmu.o
 .text.BUS_RegMaskedWrite
                0x0001fee0       0x24 ./emlib/em_cmu.o
 .text.CMU_Log2ToDiv
                0x0001ff04       0x1c ./emlib/em_cmu.o
 .text.CMU_PrescToLog2
                0x0001ff20       0x28 ./emlib/em_cmu.o
 .text.EMU_VScaleWait
                0x0001ff48       0x1c ./emlib/em_cmu.o
 .text.EMU_VScaleGet
                0x0001ff64       0x1c ./emlib/em_cmu.o
 .text.setHfLeConfig
                0x0001ff80       0x64 ./emlib/em_cmu.o
 .text.auxClkGet
                0x0001ffe4       0x20 ./emlib/em_cmu.o
 .text.hfSrcClkGet
                0x00020004       0x2c ./emlib/em_cmu.o
 .text.dbgClkGet
                0x00020030       0x3c ./emlib/em_cmu.o
 .text.adcAsyncClkGet
                0x0002006c       0x80 ./emlib/em_cmu.o
 .text.flashWaitStateControl
                0x000200ec       0xac ./emlib/em_cmu.o
 .text.flashWaitStateMax
                0x00020198       0x14 ./emlib/em_cmu.o
 .text.CMU_UpdateWaitStates
                0x000201ac       0x18 ./emlib/em_cmu.o
                0x000201ac                CMU_UpdateWaitStates
 .text.getRegIshUpperVal
                0x000201c4       0x38 ./emlib/em_cmu.o
 .text.getHfxoTuningMode
                0x000201fc       0x1c ./emlib/em_cmu.o
 .text.setHfxoTuningMode
                0x00020218       0x28 ./emlib/em_cmu.o
 .text.lfClkGet
                0x00020240       0xf4 ./emlib/em_cmu.o
 .text.syncReg  0x00020334       0x38 ./emlib/em_cmu.o
 .text.CMU_AUXHFRCODevinfoGet
                0x0002036c       0xdc ./emlib/em_cmu.o
 .text.CMU_AUXHFRCOBandSet
                0x00020448       0x98 ./emlib/em_cmu.o
                0x00020448                CMU_AUXHFRCOBandSet
 .text.CMU_ClockDivSet
                0x000204e0       0x1c ./emlib/em_cmu.o
                0x000204e0                CMU_ClockDivSet
 .text.CMU_ClockEnable
                0x000204fc       0xcc ./emlib/em_cmu.o
                0x000204fc                CMU_ClockEnable
 .text.CMU_ClockFreqGet
                0x000205c8      0x1f8 ./emlib/em_cmu.o
                0x000205c8                CMU_ClockFreqGet
 .text.CMU_ClockPrescSet
                0x000207c0      0x268 ./emlib/em_cmu.o
                0x000207c0                CMU_ClockPrescSet
 .text.CMU_ClockSelectGet
                0x00020a28      0x1d0 ./emlib/em_cmu.o
                0x00020a28                CMU_ClockSelectGet
 .text.CMU_ClockSelectSet
                0x00020bf8      0x2d0 ./emlib/em_cmu.o
                0x00020bf8                CMU_ClockSelectSet
 .text.CMU_HFRCOBandGet
                0x00020ec8       0x18 ./emlib/em_cmu.o
                0x00020ec8                CMU_HFRCOBandGet
 .text.CMU_HFXOAutostartEnable
                0x00020ee0       0x84 ./emlib/em_cmu.o
                0x00020ee0                CMU_HFXOAutostartEnable
 .text.CMU_HFXOInit
                0x00020f64       0xe4 ./emlib/em_cmu.o
                0x00020f64                CMU_HFXOInit
 .text.CMU_LFXOInit
                0x00021048       0x50 ./emlib/em_cmu.o
                0x00021048                CMU_LFXOInit
 .text.CMU_OscillatorEnable
                0x00021098      0x19c ./emlib/em_cmu.o
                0x00021098                CMU_OscillatorEnable
 .text.CMU_OscillatorTuningGet
                0x00021234       0x74 ./emlib/em_cmu.o
                0x00021234                CMU_OscillatorTuningGet
 .text.CMU_OscillatorTuningSet
                0x000212a8       0xfc ./emlib/em_cmu.o
                0x000212a8                CMU_OscillatorTuningSet
 .text.CMU_OscillatorTuningWait
                0x000213a4       0x8c ./emlib/em_cmu.o
                0x000213a4                CMU_OscillatorTuningWait
 .text.CMU_OscillatorTuningOptimize
                0x00021430       0x4c ./emlib/em_cmu.o
                0x00021430                CMU_OscillatorTuningOptimize
 .text.BUS_RegBitWrite
                0x0002147c       0x2c ./emlib/em_gpio.o
 .text.BUS_RegMaskedSet
                0x000214a8       0x24 ./emlib/em_gpio.o
 .text.BUS_RegMaskedClear
                0x000214cc       0x24 ./emlib/em_gpio.o
 .text.BUS_RegMaskedWrite
                0x000214f0       0x24 ./emlib/em_gpio.o
 .text.GPIO_PinOutClear
                0x00021514       0x58 ./emlib/em_gpio.o
 .text.GPIO_PinOutSet
                0x0002156c       0x58 ./emlib/em_gpio.o
 .text.GPIO_ExtIntConfig
                0x000215c4      0x128 ./emlib/em_gpio.o
                0x000215c4                GPIO_ExtIntConfig
 .text.GPIO_PinModeSet
                0x000216ec      0x108 ./emlib/em_gpio.o
                0x000216ec                GPIO_PinModeSet
 .text.I2C_Transfer
                0x000217f4      0x454 ./emlib/em_i2c.o
                0x000217f4                I2C_Transfer
 .text.I2C_TransferInit
                0x00021c48       0xe8 ./emlib/em_i2c.o
                0x00021c48                I2C_TransferInit
 .text.LETIMER_CompareSet
                0x00021d30       0x58 ./emlib/em_letimer.o
                0x00021d30                LETIMER_CompareSet
 .text.LETIMER_Init
                0x00021d88       0xcc ./emlib/em_letimer.o
                0x00021d88                LETIMER_Init
 .text.RTCC_Init
                0x00021e54       0x60 ./emlib/em_rtcc.o
                0x00021e54                RTCC_Init
 .text.USART_BaudrateSyncSet
                0x00021eb4       0x40 ./emlib/em_usart.o
                0x00021eb4                USART_BaudrateSyncSet
 .text.USART_Enable
                0x00021ef4       0x58 ./emlib/em_usart.o
                0x00021ef4                USART_Enable
 .text.USART_InitSync
                0x00021f4c       0xf8 ./emlib/em_usart.o
                0x00021f4c                USART_InitSync
 .text.USART_Reset
                0x00022044       0xb0 ./emlib/em_usart.o
                0x00022044                USART_Reset
 .text.USART_SpiTransfer
                0x000220f4       0x40 ./emlib/em_usart.o
                0x000220f4                USART_SpiTransfer
 .text.BUS_RegMaskedSet
                0x00022134       0x24 ./hardware/kit/common/bsp/bsp_stk_leds.o
 .text.BUS_RegMaskedClear
                0x00022158       0x24 ./hardware/kit/common/bsp/bsp_stk_leds.o
 .text.GPIO_PinOutClear
                0x0002217c       0x58 ./hardware/kit/common/bsp/bsp_stk_leds.o
 .text.GPIO_PinOutSet
                0x000221d4       0x58 ./hardware/kit/common/bsp/bsp_stk_leds.o
 .text.BSP_LedClear
                0x0002222c       0x44 ./hardware/kit/common/bsp/bsp_stk_leds.o
                0x0002222c                BSP_LedClear
 .text.BSP_LedSet
                0x00022270       0x44 ./hardware/kit/common/bsp/bsp_stk_leds.o
                0x00022270                BSP_LedSet
 .text.I2CSPM_Transfer
                0x000222b4       0x40 ./hardware/kit/common/drivers/i2cspm.o
                0x000222b4                I2CSPM_Transfer
 .text.BUS_RegMaskedSet
                0x000222f4       0x24 ./hardware/kit/common/drivers/mx25flash_spi.o
 .text.BUS_RegMaskedClear
                0x00022318       0x24 ./hardware/kit/common/drivers/mx25flash_spi.o
 .text.GPIO_PinOutClear
                0x0002233c       0x58 ./hardware/kit/common/drivers/mx25flash_spi.o
 .text.GPIO_PinOutSet
                0x00022394       0x58 ./hardware/kit/common/drivers/mx25flash_spi.o
 .text.MX25_init
                0x000223ec       0x98 ./hardware/kit/common/drivers/mx25flash_spi.o
                0x000223ec                MX25_init
 .text.Wait_Flash_WarmUp
                0x00022484       0x24 ./hardware/kit/common/drivers/mx25flash_spi.o
                0x00022484                Wait_Flash_WarmUp
 .text.Initial_Spi
                0x000224a8        0xc ./hardware/kit/common/drivers/mx25flash_spi.o
                0x000224a8                Initial_Spi
 .text.CS_Low   0x000224b4       0x10 ./hardware/kit/common/drivers/mx25flash_spi.o
                0x000224b4                CS_Low
 .text.CS_High  0x000224c4       0x10 ./hardware/kit/common/drivers/mx25flash_spi.o
                0x000224c4                CS_High
 .text.InsertDummyCycle
                0x000224d4       0x38 ./hardware/kit/common/drivers/mx25flash_spi.o
                0x000224d4                InsertDummyCycle
 .text.SendByte
                0x0002250c       0x3c ./hardware/kit/common/drivers/mx25flash_spi.o
                0x0002250c                SendByte
 .text.MX25_DP  0x00022548       0x34 ./hardware/kit/common/drivers/mx25flash_spi.o
                0x00022548                MX25_DP
 .text.Si7013_Measure
                0x0002257c       0x70 ./hardware/kit/common/drivers/si7013.o
 .text.Si7013_MeasureRHAndTemp
                0x000225ec       0x84 ./hardware/kit/common/drivers/si7013.o
                0x000225ec                Si7013_MeasureRHAndTemp
 .text.Si7013_Detect
                0x00022670       0x64 ./hardware/kit/common/drivers/si7013.o
                0x00022670                Si7013_Detect
 .text.Reset_Handler
                0x000226d4       0x38 ./platform/Device/SiliconLabs/EFR32BG13P/Source/GCC/startup_efr32bg13p.o
                0x000226d4                Reset_Handler
 .text.Default_Handler
                0x0002270c        0x8 ./platform/Device/SiliconLabs/EFR32BG13P/Source/GCC/startup_efr32bg13p.o
                0x0002270c                DebugMon_Handler
                0x0002270c                USART0_TX_IRQHandler
                0x0002270c                PRORTC_IRQHandler
                0x0002270c                I2C0_IRQHandler
                0x0002270c                HardFault_Handler
                0x0002270c                SysTick_Handler
                0x0002270c                USART1_RX_IRQHandler
                0x0002270c                PendSV_Handler
                0x0002270c                NMI_Handler
                0x0002270c                SYNTH_IRQHandler
                0x0002270c                I2C1_IRQHandler
                0x0002270c                WTIMER0_IRQHandler
                0x0002270c                CRYPTO0_IRQHandler
                0x0002270c                WDOG0_IRQHandler
                0x0002270c                USART1_TX_IRQHandler
                0x0002270c                SMU_IRQHandler
                0x0002270c                MSC_IRQHandler
                0x0002270c                ADC0_IRQHandler
                0x0002270c                UsageFault_Handler
                0x0002270c                WDOG1_IRQHandler
                0x0002270c                LEUART0_IRQHandler
                0x0002270c                FPUEH_IRQHandler
                0x0002270c                GPIO_EVEN_IRQHandler
                0x0002270c                VDAC0_IRQHandler
                0x0002270c                CSEN_IRQHandler
                0x0002270c                CRYPTO1_IRQHandler
                0x0002270c                TIMER0_IRQHandler
                0x0002270c                TIMER1_IRQHandler
                0x0002270c                TRNG0_IRQHandler
                0x0002270c                RFSENSE_IRQHandler
                0x0002270c                BUFC_IRQHandler
                0x0002270c                MODEM_IRQHandler
                0x0002270c                USART2_RX_IRQHandler
                0x0002270c                Default_Handler
                0x0002270c                RAC_SEQ_IRQHandler
                0x0002270c                FRC_PRI_IRQHandler
                0x0002270c                FRC_IRQHandler
                0x0002270c                CRYOTIMER_IRQHandler
                0x0002270c                PCNT0_IRQHandler
                0x0002270c                AGC_IRQHandler
                0x0002270c                ACMP0_IRQHandler
                0x0002270c                USART0_RX_IRQHandler
                0x0002270c                MemManage_Handler
                0x0002270c                SVC_Handler
                0x0002270c                RTCC_IRQHandler
                0x0002270c                CMU_IRQHandler
                0x0002270c                RAC_RSM_IRQHandler
                0x0002270c                LESENSE_IRQHandler
                0x0002270c                PROTIMER_IRQHandler
                0x0002270c                BusFault_Handler
                0x0002270c                USART2_TX_IRQHandler
                0x0002270c                IDAC0_IRQHandler
 .text.LDMA_IRQHandler
                0x00022714       0xe0 ./platform/emdrv/dmadrv/src/dmadrv.o
                0x00022714                LDMA_IRQHandler
 .text.DMD_setClippingArea
                0x000227f4       0x8c ./platform/middleware/glib/dmd/display/dmd_display.o
                0x000227f4                DMD_setClippingArea
 .text.DMD_writeColor
                0x00022880      0x2b4 ./platform/middleware/glib/dmd/display/dmd_display.o
                0x00022880                DMD_writeColor
 .text.DMD_updateDisplay
                0x00022b34      0x114 ./platform/middleware/glib/dmd/display/dmd_display.o
                0x00022b34                DMD_updateDisplay
 .text.GLIB_colorTranslate24bppInl
                0x00022c48       0x34 ./platform/middleware/glib/glib/glib.o
 .text.GLIB_clear
                0x00022c7c       0x70 ./platform/middleware/glib/glib/glib.o
                0x00022c7c                GLIB_clear
 .text.GLIB_resetDisplayClippingArea
                0x00022cec       0x30 ./platform/middleware/glib/glib/glib.o
                0x00022cec                GLIB_resetDisplayClippingArea
 .text.GLIB_colorTranslate24bpp
                0x00022d1c       0x20 ./platform/middleware/glib/glib/glib.o
                0x00022d1c                GLIB_colorTranslate24bpp
 .text.GLIB_drawPixel
                0x00022d3c       0x6c ./platform/middleware/glib/glib/glib.o
                0x00022d3c                GLIB_drawPixel
 .text.GLIB_drawPixelColor
                0x00022da8       0x6c ./platform/middleware/glib/glib/glib.o
                0x00022da8                GLIB_drawPixelColor
 .text.GLIB_rectContainsPoint
                0x00022e14       0x4c ./platform/middleware/glib/glib/glib_rectangle.o
                0x00022e14                GLIB_rectContainsPoint
 .text.GLIB_drawChar
                0x00022e60      0x1d4 ./platform/middleware/glib/glib/glib_string.o
                0x00022e60                GLIB_drawChar
 .text.GLIB_drawString
                0x00023034       0xd0 ./platform/middleware/glib/glib/glib_string.o
                0x00023034                GLIB_drawString
 .text.CHIP_Init
                0x00023104       0x50 ./src/InitDevice.o
 .text.enter_DefaultMode_from_RESET
                0x00023154       0x30 ./src/InitDevice.o
                0x00023154                enter_DefaultMode_from_RESET
 .text.EMU_enter_DefaultMode_from_RESET
                0x00023184       0xb4 ./src/InitDevice.o
                0x00023184                EMU_enter_DefaultMode_from_RESET
 .text.LFXO_enter_DefaultMode_from_RESET
                0x00023238        0xc ./src/InitDevice.o
                0x00023238                LFXO_enter_DefaultMode_from_RESET
 .text.CMU_enter_DefaultMode_from_RESET
                0x00023244      0x138 ./src/InitDevice.o
                0x00023244                CMU_enter_DefaultMode_from_RESET
 .text.RTCC_enter_DefaultMode_from_RESET
                0x0002337c       0x4c ./src/InitDevice.o
                0x0002337c                RTCC_enter_DefaultMode_from_RESET
 .text.GPCRC_enter_DefaultMode_from_RESET
                0x000233c8        0xc ./src/InitDevice.o
                0x000233c8                GPCRC_enter_DefaultMode_from_RESET
 .text.LDMA_enter_DefaultMode_from_RESET
                0x000233d4        0xc ./src/InitDevice.o
                0x000233d4                LDMA_enter_DefaultMode_from_RESET
 .text.PRS_enter_DefaultMode_from_RESET
                0x000233e0       0x20 ./src/InitDevice.o
                0x000233e0                PRS_enter_DefaultMode_from_RESET
 .text.CRYPTO0_enter_DefaultMode_from_RESET
                0x00023400        0xc ./src/InitDevice.o
                0x00023400                CRYPTO0_enter_DefaultMode_from_RESET
 .text.PORTIO_enter_DefaultMode_from_RESET
                0x0002340c        0xc ./src/InitDevice.o
                0x0002340c                PORTIO_enter_DefaultMode_from_RESET
 .text.BMA280_RegisterRead
                0x00023418       0x64 ./src/bma280.o
                0x00023418                BMA280_RegisterRead
 .text.BMA280_RegisterWrite
                0x0002347c       0x58 ./src/bma280.o
                0x0002347c                BMA280_RegisterWrite
 .text.BMA280_Enable
                0x000234d4       0x64 ./src/bma280.o
                0x000234d4                BMA280_Enable
 .text.cmu_init
                0x00023538       0xd0 ./src/cmu.o
                0x00023538                cmu_init
 .text.NVIC_EnableIRQ
                0x00023608       0x2c ./src/gpio.o
 .text.BUS_RegMaskedSet
                0x00023634       0x24 ./src/gpio.o
 .text.GPIO_IntClear
                0x00023658       0x20 ./src/gpio.o
 .text.GPIO_IntEnable
                0x00023678       0x28 ./src/gpio.o
 .text.GPIO_IntGet
                0x000236a0       0x18 ./src/gpio.o
 .text.GPIO_PinOutSet
                0x000236b8       0x58 ./src/gpio.o
 .text.GPIO_PinOutToggle
                0x00023710       0x58 ./src/gpio.o
 .text.GPIO_IntConfig
                0x00023768       0x34 ./src/gpio.o
 .text.gpio_init
                0x0002379c       0x38 ./src/gpio.o
                0x0002379c                gpio_init
 .text.gpio_interrupt_int
                0x000237d4       0x40 ./src/gpio.o
                0x000237d4                gpio_interrupt_int
 .text.GPIO_ODD_IRQHandler
                0x00023814      0x1d8 ./src/gpio.o
                0x00023814                GPIO_ODD_IRQHandler
 .text.NVIC_EnableIRQ
                0x000239ec       0x2c ./src/letimer0.o
 .text.LETIMER_IntClear
                0x00023a18       0x1c ./src/letimer0.o
 .text.LETIMER_IntEnable
                0x00023a34       0x20 ./src/letimer0.o
 .text.LETIMER_IntGet
                0x00023a54       0x18 ./src/letimer0.o
 .text.LETIMER0_IRQHandler
                0x00023a6c       0x3c ./src/letimer0.o
                0x00023a6c                LETIMER0_IRQHandler
 .text.LETIMER0_call
                0x00023aa8       0x94 ./src/letimer0.o
                0x00023aa8                LETIMER0_call
 .text.spi_init
                0x00023b3c       0x98 ./src/spi.o
                0x00023b3c                spi_init
 .text          0x00023bd4       0x18 C:\Users\Satyanarayana\SimplicityStudio\v4_workspace\soc-smartPhone\protocol\bluetooth_2.6\lib\EFR32BG13P\GCC\bgapi.a(gecko_bgapi_hardware.c.obj)
                0x00023bd4                gecko_bgapi_class_hardware_init
 .text          0x00023bec       0x18 C:\Users\Satyanarayana\SimplicityStudio\v4_workspace\soc-smartPhone\protocol\bluetooth_2.6\lib\EFR32BG13P\GCC\bgapi.a(gecko_bgapi_test.c.obj)
                0x00023bec                gecko_bgapi_class_test_init
 .text          0x00023c04       0x18 C:\Users\Satyanarayana\SimplicityStudio\v4_workspace\soc-smartPhone\protocol\bluetooth_2.6\lib\EFR32BG13P\GCC\bgapi.a(gecko_bgapi_dfu.c.obj)
                0x00023c04                gecko_bgapi_class_dfu_init
 .text          0x00023c1c       0x18 C:\Users\Satyanarayana\SimplicityStudio\v4_workspace\soc-smartPhone\protocol\bluetooth_2.6\lib\EFR32BG13P\GCC\bgapi.a(gecko_bgapi_gap.c.obj)
                0x00023c1c                gecko_bgapi_class_le_gap_init
 .text          0x00023c34       0x18 C:\Users\Satyanarayana\SimplicityStudio\v4_workspace\soc-smartPhone\protocol\bluetooth_2.6\lib\EFR32BG13P\GCC\bgapi.a(gecko_bgapi_gatt.c.obj)
                0x00023c34                gecko_bgapi_class_gatt_init
 .text          0x00023c4c       0x18 C:\Users\Satyanarayana\SimplicityStudio\v4_workspace\soc-smartPhone\protocol\bluetooth_2.6\lib\EFR32BG13P\GCC\bgapi.a(gecko_bgapi_gatt_server.c.obj)
                0x00023c4c                gecko_bgapi_class_gatt_server_init
 .text          0x00023c64       0x18 C:\Users\Satyanarayana\SimplicityStudio\v4_workspace\soc-smartPhone\protocol\bluetooth_2.6\lib\EFR32BG13P\GCC\bgapi.a(gecko_bgapi_flash.c.obj)
                0x00023c64                gecko_bgapi_class_flash_init
 .text          0x00023c7c       0x18 C:\Users\Satyanarayana\SimplicityStudio\v4_workspace\soc-smartPhone\protocol\bluetooth_2.6\lib\EFR32BG13P\GCC\bgapi.a(gecko_bgapi_sm.c.obj)
                0x00023c7c                gecko_bgapi_class_sm_init
 .text          0x00023c94       0x18 C:\Users\Satyanarayana\SimplicityStudio\v4_workspace\soc-smartPhone\protocol\bluetooth_2.6\lib\EFR32BG13P\GCC\bgapi.a(gecko_bgapi_system.c.obj)
                0x00023c94                gecko_bgapi_class_system_init
 .text          0x00023cac       0x18 C:\Users\Satyanarayana\SimplicityStudio\v4_workspace\soc-smartPhone\protocol\bluetooth_2.6\lib\EFR32BG13P\GCC\bgapi.a(gecko_bgapi_endpoint.c.obj)
                0x00023cac                gecko_bgapi_class_endpoint_init
 .text          0x00023cc4       0x18 C:\Users\Satyanarayana\SimplicityStudio\v4_workspace\soc-smartPhone\protocol\bluetooth_2.6\lib\EFR32BG13P\GCC\bgapi.a(gecko_bgapi_le_connection.c.obj)
                0x00023cc4                gecko_bgapi_class_le_connection_init
 .text          0x00023cdc      0x1b8 C:\Users\Satyanarayana\SimplicityStudio\v4_workspace\soc-smartPhone\protocol\bluetooth_2.6\lib\EFR32BG13P\GCC\bgapi.a(bgapi_hardware.c.obj)
                0x00023cdc                bgapi_hardware_soft_timer_listener
                0x00023db0                lib_hardware_handler_init
                0x00023dc4                gecko_cmd_hardware_set_soft_timer
                0x00023df8                gecko_cmd_hardware_set_lazy_soft_timer
                0x00023e2c                gecko_cmd_hardware_get_time
                0x00023e60                gecko_cmd_hardware_enable_dcdc
 .text          0x00023e94      0x3e0 C:\Users\Satyanarayana\SimplicityStudio\v4_workspace\soc-smartPhone\protocol\bluetooth_2.6\lib\EFR32BG13P\GCC\bgapi.a(bgapi_test_lib.c.obj)
                0x00023e94                bgapi_test_lib_msg_handler
                0x00023eec                lib_test_handler_init
                0x00023f0c                disable_interrupts
                0x00023f30                gecko_cmd_test_dtm_tx
                0x00024048                gecko_cmd_test_dtm_rx
                0x00024094                gecko_cmd_test_dtm_end
                0x00024128                gecko_cmd_test_debug_command
                0x000241f8                gecko_cmd_test_debug_counter
 .text          0x00024274       0x8c C:\Users\Satyanarayana\SimplicityStudio\v4_workspace\soc-smartPhone\protocol\bluetooth_2.6\lib\EFR32BG13P\GCC\bgapi.a(bgapi_dfu.c.obj)
                0x00024274                lib_dfu_handler_init
                0x00024276                gecko_cmd_dfu_reset
                0x0002427c                gecko_cmd_dfu_flash_set_address
                0x000242a8                gecko_cmd_dfu_flash_upload
                0x000242d4                gecko_cmd_dfu_flash_upload_finish
 .text          0x00024300      0x368 C:\Users\Satyanarayana\SimplicityStudio\v4_workspace\soc-smartPhone\protocol\bluetooth_2.6\lib\EFR32BG13P\GCC\bgapi.a(bgapi_gap.c.obj)
                0x00024300                lib_le_gap_handler_init
                0x00024302                gecko_cmd_le_gap_set_mode
                0x00024348                gecko_cmd_le_gap_bt5_set_mode
                0x0002438c                gecko_cmd_le_gap_set_adv_data
                0x000243dc                gecko_cmd_le_gap_bt5_set_adv_data
                0x00024438                gecko_cmd_le_gap_set_adv_timeout
                0x0002448c                gecko_cmd_le_gap_open
                0x000244dc                gecko_cmd_le_gap_discover
                0x00024508                gecko_cmd_le_gap_end_procedure
                0x00024534                gecko_cmd_le_gap_set_adv_parameters
                0x00024568                gecko_cmd_le_gap_bt5_set_adv_parameters
                0x000245a4                gecko_cmd_le_gap_set_scan_parameters
                0x000245d4                gecko_cmd_le_gap_set_conn_parameters
                0x0002460c                gecko_cmd_le_gap_set_phy
                0x00024638                gecko_cmd_le_gap_set_privacy_mode
 .text          0x00024668      0x660 C:\Users\Satyanarayana\SimplicityStudio\v4_workspace\soc-smartPhone\protocol\bluetooth_2.6\lib\EFR32BG13P\GCC\bgapi.a(bgapi_gatt_lib.c.obj)
                0x00024668                lib_gatt_handler_init
                0x0002466c                lib_gatt_server_handler_init
                0x0002466e                gecko_cmd_gatt_set_max_mtu
                0x000246a8                gecko_cmd_gatt_discover_primary_services
                0x000246d4                gecko_cmd_gatt_discover_primary_services_by_uuid
                0x0002470c                gecko_cmd_gatt_find_included_services
                0x0002473c                gecko_cmd_gatt_discover_characteristics
                0x0002476c                gecko_cmd_gatt_discover_characteristics_by_uuid
                0x000247a8                gecko_cmd_gatt_read_characteristic_value
                0x000247dc                gecko_cmd_gatt_read_characteristic_value_from_offset
                0x00024814                gecko_cmd_gatt_read_characteristic_value_by_uuid
                0x00024850                gecko_cmd_gatt_read_multiple_characteristic_values
                0x00024880                gecko_cmd_gatt_write_characteristic_value
                0x000248b4                gecko_cmd_gatt_write_characteristic_value_without_response
                0x000248f4                gecko_cmd_gatt_prepare_characteristic_value_write
                0x00024940                gecko_cmd_gatt_execute_characteristic_value_write
                0x00024970                gecko_cmd_gatt_set_characteristic_notification
                0x000249a4                gecko_cmd_gatt_discover_descriptors
                0x000249d4                gecko_cmd_gatt_read_descriptor_value
                0x00024a04                gecko_cmd_gatt_write_descriptor_value
                0x00024a38                gecko_cmd_gatt_server_read_attribute_value
                0x00024a80                gecko_cmd_gatt_server_read_attribute_type
                0x00024ac4                gecko_cmd_gatt_server_find_attribute
                0x00024b00                gecko_cmd_gatt_server_write_attribute_value
                0x00024b34                gecko_cmd_gatt_server_send_user_read_response
                0x00024b78                gecko_cmd_gatt_server_send_user_write_response
                0x00024bac                gecko_cmd_gatt_server_send_characteristic_notification
                0x00024bf0                gecko_cmd_gatt_send_characteristic_confirmation
                0x00024c1c                gecko_cmd_gatt_server_set_database
                0x00024c4c                gecko_cmd_gatt_server_set_capabilities
                0x00024c7c                gecko_cmd_gatt_prepare_characteristic_value_reliable_write
 .text          0x00024cc8      0x1d0 C:\Users\Satyanarayana\SimplicityStudio\v4_workspace\soc-smartPhone\protocol\bluetooth_2.6\lib\EFR32BG13P\GCC\bgapi.a(bgapi_ps.c.obj)
                0x00024cc8                bgapi_ps_dump_listener
                0x00024d08                lib_flash_handler_init
                0x00024d1c                gecko_cmd_flash_ps_dump
                0x00024db4                gecko_cmd_flash_ps_erase_all
                0x00024de4                gecko_cmd_flash_ps_save
                0x00024e20                gecko_cmd_flash_ps_load
                0x00024e64                gecko_cmd_flash_ps_erase
 .text          0x00024e98      0x3bc C:\Users\Satyanarayana\SimplicityStudio\v4_workspace\soc-smartPhone\protocol\bluetooth_2.6\lib\EFR32BG13P\GCC\bgapi.a(bgapi_sm.c.obj)
                0x00024f60                lib_sm_handler_init
                0x00024f74                gecko_cmd_sm_list_all_bondings
                0x00024fac                gecko_cmd_sm_increase_security
                0x00024fd8                gecko_cmd_sm_set_bondable_mode
                0x00025004                gecko_cmd_sm_delete_bonding
                0x00025034                gecko_cmd_sm_delete_bondings
                0x00025064                gecko_cmd_sm_configure
                0x00025094                gecko_cmd_sm_enter_passkey
                0x000250c4                gecko_cmd_sm_set_passkey
                0x000250f0                gecko_cmd_sm_passkey_confirm
                0x00025120                gecko_cmd_sm_set_oob_data
                0x00025150                gecko_cmd_sm_set_sc_remote_oob_data
                0x00025180                gecko_cmd_sm_use_sc_oob
                0x000251c0                gecko_cmd_sm_store_bonding_configuration
                0x000251f4                gecko_cmd_sm_bonding_confirm
                0x00025224                gecko_cmd_sm_set_debug_mode
 .text          0x00025254      0x208 C:\Users\Satyanarayana\SimplicityStudio\v4_workspace\soc-smartPhone\protocol\bluetooth_2.6\lib\EFR32BG13P\GCC\bgapi.a(bgapi_system.c.obj)
                0x00025254                bgapi_system_listener
                0x00025284                lib_system_handler_init
                0x00025298                gecko_cmd_system_get_bt_address
                0x000252d0                gecko_cmd_system_set_bt_address
                0x00025304                gecko_cmd_system_set_device_name
                0x00025340                gecko_cmd_system_get_random_data
                0x00025388                gecko_cmd_system_halt
                0x000253bc                gecko_cmd_system_set_tx_power
                0x000253ec                gecko_cmd_system_hello
                0x00025414                gecko_cmd_system_reset
                0x0002541a                gecko_send_system_awake
                0x0002542c                gecko_cmd_system_linklayer_configure
 .text          0x0002545c       0x40 C:\Users\Satyanarayana\SimplicityStudio\v4_workspace\soc-smartPhone\protocol\bluetooth_2.6\lib\EFR32BG13P\GCC\bgapi.a(bgapi_endpoint.c.obj)
                0x0002545c                lib_endpoint_handler_init
                0x0002545e                gecko_cmd_endpoint_close
 .text          0x0002549c      0x13c C:\Users\Satyanarayana\SimplicityStudio\v4_workspace\soc-smartPhone\protocol\bluetooth_2.6\lib\EFR32BG13P\GCC\bgapi.a(bgapi_le_connection.c.obj)
                0x0002549c                lib_le_connection_handler_init
                0x0002549e                gecko_cmd_le_connection_set_parameters
                0x000254e8                gecko_cmd_le_connection_get_rssi
                0x00025514                gecko_cmd_le_connection_disable_slave_latency
                0x00025558                gecko_cmd_le_connection_set_phy
                0x00025594                bgapi_close_le_connection
                0x000255aa                gecko_cmd_le_connection_close
 .text          0x000255d8      0xda8 C:\Users\Satyanarayana\SimplicityStudio\v4_workspace\soc-smartPhone\protocol\bluetooth_2.6\lib\EFR32BG13P\GCC\bgapi.a(gatt_client.c.obj)
                0x00025834                gatt_discover_primary_services
                0x00025872                gatt_discover_primary_services_by_uuid
                0x000258c6                gatt_find_included_services
                0x00025918                gatt_find_included_services_handler
                0x000259c8                gatt_discover_characteristics
                0x000259ea                gatt_discover_characteristics_by_uuid
                0x00025a28                gatt_discover_descriptors
                0x00025a64                gatt_read_characteristic_value
                0x00025a9c                gatt_read_characteristic_value_by_uuid
                0x00025ad6                gatt_read_multiple_characteristic_values
                0x00025afa                gatt_write_characteristic_value
                0x00025b20                gatt_write_characteristic_value_without_response
                0x00025b3a                gatt_prepare_characteristic_value_write
                0x00025bac                gatt_execute_characteristic_value_write
                0x00025bce                gatt_set_characteristic_notification
                0x00025c0e                gatt_read_descriptor_value
                0x00025c36                gatt_write_descriptor_value
                0x00025c5c                gatt_handle_exchange_mtu_rsp
                0x00025c78                gatt_handle_find_information_response
                0x00025dca                gatt_handle_find_by_type_value_response
                0x00025e6a                gatt_handle_read_response
                0x00025fc2                gatt_handle_read_blob_response
                0x00025ff8                gatt_handle_read_multiple_response
                0x00026034                gatt_handle_read_by_type_response
                0x0002617c                gatt_handle_read_by_group_type_response
                0x0002622a                gatt_handle_write_response
                0x0002623e                gatt_handle_prepare_write_response
                0x000262f4                gatt_handle_execute_write_response
                0x00026330                gatt_client_handle_value_notification
                0x00026342                gatt_client_handle_value_indication
                0x00026356                gatt_send_characteristic_confirmation
                0x00026374                gatt_client_init
 .text          0x00026380      0x250 C:\Users\Satyanarayana\SimplicityStudio\v4_workspace\soc-smartPhone\protocol\bluetooth_2.6\lib\EFR32BG13P\GCC\bgapi.a(ubt_gatt_client.c.obj)
                0x00026380                ubt_gatt_discover_primary_services
                0x00026396                ubt_gatt_discover_primary_services_by_uuid
                0x000263c2                ubt_gatt_find_included_services
                0x000263dc                ubt_gatt_discover_characteristics
                0x000263f6                ubt_gatt_discover_characteristics_by_uuid
                0x00026426                ubt_gatt_discover_descriptors
                0x00026440                ubt_gatt_read_characteristic_value
                0x00026462                ubt_gatt_read_characteristic_value_by_uuid
                0x00026492                ubt_gatt_read_multiple_characteristic_values
                0x000264b0                ubt_gatt_write_characteristic_value
                0x000264d2                ubt_gatt_write_characteristic_value_without_response
                0x0002650c                ubt_gatt_prepare_characteristic_value_write
                0x00026546                ubt_gatt_execute_characteristic_value_write
                0x00026560                ubt_gatt_send_characteristic_confirmation
                0x00026576                ubt_gatt_read_descriptor_value
                0x00026590                ubt_gatt_write_descriptor_value
                0x000265b2                ubt_gatt_set_characteristic_notification
 .text          0x000265d0      0x514 C:\Users\Satyanarayana\SimplicityStudio\v4_workspace\soc-smartPhone\protocol\bluetooth_2.6\lib\EFR32BG13P\GCC\bgapi.a(att_client.c.obj)
                0x000265d0                att_send_find_information_request
                0x000265f6                att_send_find_by_type_value_request
                0x00026628                att_send_read_by_type_request
                0x00026654                att_send_read_request
                0x00026674                att_send_read_blob_request
                0x0002669a                att_send_read_multiple_request
                0x000266c6                att_send_read_by_group_type_request
                0x000266f2                att_send_write_request
                0x0002671e                att_send_write_command
                0x0002674a                att_send_signed_write_command
                0x00026784                att_send_prepare_write_request
                0x000267f8                att_send_execute_write_request
                0x00026816                att_send_handle_value_confirmation
                0x0002682e                validate_gatt_client_pdu_len
                0x000268dc                att_gatt_client_handler
 .text          0x00026ae4      0x370 c:/siliconlabs/simplicitystudio/v4/developer/toolchains/gnu_arm/4.9_2015q3/bin/../lib/gcc/arm-none-eabi/4.9.3/armv7e-m/fpu\libgcc.a(_arm_addsubdf3.o)
                0x00026ae4                __aeabi_drsub
                0x00026aec                __aeabi_dsub
                0x00026aec                __subdf3
                0x00026af0                __aeabi_dadd
                0x00026af0                __adddf3
                0x00026d68                __floatunsidf
                0x00026d68                __aeabi_ui2d
                0x00026d88                __floatsidf
                0x00026d88                __aeabi_i2d
                0x00026dac                __aeabi_f2d
                0x00026dac                __extendsfdf2
                0x00026de8                __floatundidf
                0x00026de8                __aeabi_ul2d
                0x00026df8                __floatdidf
                0x00026df8                __aeabi_l2d
 .text          0x00026e54      0x424 c:/siliconlabs/simplicitystudio/v4/developer/toolchains/gnu_arm/4.9_2015q3/bin/../lib/gcc/arm-none-eabi/4.9.3/armv7e-m/fpu\libgcc.a(_arm_muldivdf3.o)
                0x00026e54                __aeabi_dmul
                0x00026e54                __muldf3
                0x000270a8                __divdf3
                0x000270a8                __aeabi_ddiv
 .text          0x00027278       0x50 c:/siliconlabs/simplicitystudio/v4/developer/toolchains/gnu_arm/4.9_2015q3/bin/../lib/gcc/arm-none-eabi/4.9.3/armv7e-m/fpu\libgcc.a(_arm_fixdfsi.o)
                0x00027278                __aeabi_d2iz
                0x00027278                __fixdfsi
 .text          0x000272c8       0xa0 c:/siliconlabs/simplicitystudio/v4/developer/toolchains/gnu_arm/4.9_2015q3/bin/../lib/gcc/arm-none-eabi/4.9.3/armv7e-m/fpu\libgcc.a(_arm_truncdfsf2.o)
                0x000272c8                __truncdfsf2
                0x000272c8                __aeabi_d2f
 .text          0x00027368       0x30 c:/siliconlabs/simplicitystudio/v4/developer/toolchains/gnu_arm/4.9_2015q3/bin/../lib/gcc/arm-none-eabi/4.9.3/armv7e-m/fpu\libgcc.a(_aeabi_uldivmod.o)
                0x00027368                __aeabi_uldivmod
 .text          0x00027398       0x60 c:/siliconlabs/simplicitystudio/v4/developer/toolchains/gnu_arm/4.9_2015q3/bin/../lib/gcc/arm-none-eabi/4.9.3/armv7e-m/fpu\libgcc.a(bpabi.o)
                0x00027398                __gnu_ldivmod_helper
                0x000273c8                __gnu_uldivmod_helper
 .text          0x000273f8        0x4 c:/siliconlabs/simplicitystudio/v4/developer/toolchains/gnu_arm/4.9_2015q3/bin/../lib/gcc/arm-none-eabi/4.9.3/armv7e-m/fpu\libgcc.a(_dvmd_tls.o)
                0x000273f8                __aeabi_idiv0
                0x000273f8                __aeabi_ldiv0
 .text          0x000273fc      0x29c c:/siliconlabs/simplicitystudio/v4/developer/toolchains/gnu_arm/4.9_2015q3/bin/../lib/gcc/arm-none-eabi/4.9.3/armv7e-m/fpu\libgcc.a(_divdi3.o)
                0x000273fc                __divdi3
 .text          0x00027698      0x26c c:/siliconlabs/simplicitystudio/v4/developer/toolchains/gnu_arm/4.9_2015q3/bin/../lib/gcc/arm-none-eabi/4.9.3/armv7e-m/fpu\libgcc.a(_udivdi3.o)
                0x00027698                __udivdi3
 .text.exit     0x00027904       0x20 c:/siliconlabs/simplicitystudio/v4/developer/toolchains/gnu_arm/4.9_2015q3/bin/../lib/gcc/arm-none-eabi/4.9.3/../../../../arm-none-eabi/lib/armv7e-m/fpu\libc.a(lib_a-exit.o)
                0x00027904                exit
 .text.__libc_init_array
                0x00027924       0x50 c:/siliconlabs/simplicitystudio/v4/developer/toolchains/gnu_arm/4.9_2015q3/bin/../lib/gcc/arm-none-eabi/4.9.3/../../../../arm-none-eabi/lib/armv7e-m/fpu\libc.a(lib_a-init.o)
                0x00027924                __libc_init_array
 .text          0x00027974      0x134 c:/siliconlabs/simplicitystudio/v4/developer/toolchains/gnu_arm/4.9_2015q3/bin/../lib/gcc/arm-none-eabi/4.9.3/../../../../arm-none-eabi/lib/armv7e-m/fpu\libc.a(lib_a-memcpy.o)
                0x00027974                memcpy
 .text.memset   0x00027aa8       0x9c c:/siliconlabs/simplicitystudio/v4/developer/toolchains/gnu_arm/4.9_2015q3/bin/../lib/gcc/arm-none-eabi/4.9.3/../../../../arm-none-eabi/lib/armv7e-m/fpu\libc.a(lib_a-memset.o)
                0x00027aa8                memset
 .text.snprintf
                0x00027b44       0x9c c:/siliconlabs/simplicitystudio/v4/developer/toolchains/gnu_arm/4.9_2015q3/bin/../lib/gcc/arm-none-eabi/4.9.3/../../../../arm-none-eabi/lib/armv7e-m/fpu\libc.a(lib_a-snprintf.o)
                0x00027b44                snprintf
 .text.strlen   0x00027be0       0x5c c:/siliconlabs/simplicitystudio/v4/developer/toolchains/gnu_arm/4.9_2015q3/bin/../lib/gcc/arm-none-eabi/4.9.3/../../../../arm-none-eabi/lib/armv7e-m/fpu\libc.a(lib_a-strlen.o)
                0x00027be0                strlen
 *fill*         0x00027c3c        0x4 
 .text._svfprintf_r
                0x00027c40     0x14cc c:/siliconlabs/simplicitystudio/v4/developer/toolchains/gnu_arm/4.9_2015q3/bin/../lib/gcc/arm-none-eabi/4.9.3/../../../../arm-none-eabi/lib/armv7e-m/fpu\libc.a(lib_a-svfprintf.o)
                0x00027c40                _svfprintf_r
 .text.startup.register_fini
                0x0002910c       0x14 c:/siliconlabs/simplicitystudio/v4/developer/toolchains/gnu_arm/4.9_2015q3/bin/../lib/gcc/arm-none-eabi/4.9.3/../../../../arm-none-eabi/lib/armv7e-m/fpu\libc.a(lib_a-__call_atexit.o)
 .text.__call_exitprocs
                0x00029120       0xd4 c:/siliconlabs/simplicitystudio/v4/developer/toolchains/gnu_arm/4.9_2015q3/bin/../lib/gcc/arm-none-eabi/4.9.3/../../../../arm-none-eabi/lib/armv7e-m/fpu\libc.a(lib_a-__call_atexit.o)
                0x00029120                __call_exitprocs
 .text.atexit   0x000291f4        0xc c:/siliconlabs/simplicitystudio/v4/developer/toolchains/gnu_arm/4.9_2015q3/bin/../lib/gcc/arm-none-eabi/4.9.3/../../../../arm-none-eabi/lib/armv7e-m/fpu\libc.a(lib_a-atexit.o)
                0x000291f4                atexit
 .text.quorem   0x00029200      0x12c c:/siliconlabs/simplicitystudio/v4/developer/toolchains/gnu_arm/4.9_2015q3/bin/../lib/gcc/arm-none-eabi/4.9.3/../../../../arm-none-eabi/lib/armv7e-m/fpu\libc.a(lib_a-dtoa.o)
 *fill*         0x0002932c        0x4 
 .text._dtoa_r  0x00029330      0xea4 c:/siliconlabs/simplicitystudio/v4/developer/toolchains/gnu_arm/4.9_2015q3/bin/../lib/gcc/arm-none-eabi/4.9.3/../../../../arm-none-eabi/lib/armv7e-m/fpu\libc.a(lib_a-dtoa.o)
                0x00029330                _dtoa_r
 .text.__libc_fini_array
                0x0002a1d4       0x2c c:/siliconlabs/simplicitystudio/v4/developer/toolchains/gnu_arm/4.9_2015q3/bin/../lib/gcc/arm-none-eabi/4.9.3/../../../../arm-none-eabi/lib/armv7e-m/fpu\libc.a(lib_a-fini.o)
                0x0002a1d4                __libc_fini_array
 .text._localeconv_r
                0x0002a200        0x8 c:/siliconlabs/simplicitystudio/v4/developer/toolchains/gnu_arm/4.9_2015q3/bin/../lib/gcc/arm-none-eabi/4.9.3/../../../../arm-none-eabi/lib/armv7e-m/fpu\libc.a(lib_a-locale.o)
                0x0002a200                _localeconv_r
 .text._malloc_r
                0x0002a208      0x524 c:/siliconlabs/simplicitystudio/v4/developer/toolchains/gnu_arm/4.9_2015q3/bin/../lib/gcc/arm-none-eabi/4.9.3/../../../../arm-none-eabi/lib/armv7e-m/fpu\libc.a(lib_a-mallocr.o)
                0x0002a208                _malloc_r
 .text.memchr   0x0002a72c       0x94 c:/siliconlabs/simplicitystudio/v4/developer/toolchains/gnu_arm/4.9_2015q3/bin/../lib/gcc/arm-none-eabi/4.9.3/../../../../arm-none-eabi/lib/armv7e-m/fpu\libc.a(lib_a-memchr.o)
                0x0002a72c                memchr
 .text.__malloc_lock
                0x0002a7c0        0x4 c:/siliconlabs/simplicitystudio/v4/developer/toolchains/gnu_arm/4.9_2015q3/bin/../lib/gcc/arm-none-eabi/4.9.3/../../../../arm-none-eabi/lib/armv7e-m/fpu\libc.a(lib_a-mlock.o)
                0x0002a7c0                __malloc_lock
 .text.__malloc_unlock
                0x0002a7c4        0x4 c:/siliconlabs/simplicitystudio/v4/developer/toolchains/gnu_arm/4.9_2015q3/bin/../lib/gcc/arm-none-eabi/4.9.3/../../../../arm-none-eabi/lib/armv7e-m/fpu\libc.a(lib_a-mlock.o)
                0x0002a7c4                __malloc_unlock
 .text._Balloc  0x0002a7c8       0x4c c:/siliconlabs/simplicitystudio/v4/developer/toolchains/gnu_arm/4.9_2015q3/bin/../lib/gcc/arm-none-eabi/4.9.3/../../../../arm-none-eabi/lib/armv7e-m/fpu\libc.a(lib_a-mprec.o)
                0x0002a7c8                _Balloc
 .text._Bfree   0x0002a814       0x14 c:/siliconlabs/simplicitystudio/v4/developer/toolchains/gnu_arm/4.9_2015q3/bin/../lib/gcc/arm-none-eabi/4.9.3/../../../../arm-none-eabi/lib/armv7e-m/fpu\libc.a(lib_a-mprec.o)
                0x0002a814                _Bfree
 .text.__multadd
                0x0002a828       0x84 c:/siliconlabs/simplicitystudio/v4/developer/toolchains/gnu_arm/4.9_2015q3/bin/../lib/gcc/arm-none-eabi/4.9.3/../../../../arm-none-eabi/lib/armv7e-m/fpu\libc.a(lib_a-mprec.o)
                0x0002a828                __multadd
 .text.__hi0bits
                0x0002a8ac       0x40 c:/siliconlabs/simplicitystudio/v4/developer/toolchains/gnu_arm/4.9_2015q3/bin/../lib/gcc/arm-none-eabi/4.9.3/../../../../arm-none-eabi/lib/armv7e-m/fpu\libc.a(lib_a-mprec.o)
                0x0002a8ac                __hi0bits
 .text.__lo0bits
                0x0002a8ec       0x5c c:/siliconlabs/simplicitystudio/v4/developer/toolchains/gnu_arm/4.9_2015q3/bin/../lib/gcc/arm-none-eabi/4.9.3/../../../../arm-none-eabi/lib/armv7e-m/fpu\libc.a(lib_a-mprec.o)
                0x0002a8ec                __lo0bits
 .text.__i2b    0x0002a948       0x14 c:/siliconlabs/simplicitystudio/v4/developer/toolchains/gnu_arm/4.9_2015q3/bin/../lib/gcc/arm-none-eabi/4.9.3/../../../../arm-none-eabi/lib/armv7e-m/fpu\libc.a(lib_a-mprec.o)
                0x0002a948                __i2b
 .text.__multiply
                0x0002a95c      0x134 c:/siliconlabs/simplicitystudio/v4/developer/toolchains/gnu_arm/4.9_2015q3/bin/../lib/gcc/arm-none-eabi/4.9.3/../../../../arm-none-eabi/lib/armv7e-m/fpu\libc.a(lib_a-mprec.o)
                0x0002a95c                __multiply
 .text.__pow5mult
                0x0002aa90       0xa0 c:/siliconlabs/simplicitystudio/v4/developer/toolchains/gnu_arm/4.9_2015q3/bin/../lib/gcc/arm-none-eabi/4.9.3/../../../../arm-none-eabi/lib/armv7e-m/fpu\libc.a(lib_a-mprec.o)
                0x0002aa90                __pow5mult
 .text.__lshift
                0x0002ab30       0xac c:/siliconlabs/simplicitystudio/v4/developer/toolchains/gnu_arm/4.9_2015q3/bin/../lib/gcc/arm-none-eabi/4.9.3/../../../../arm-none-eabi/lib/armv7e-m/fpu\libc.a(lib_a-mprec.o)
                0x0002ab30                __lshift
 .text.__mcmp   0x0002abdc       0x48 c:/siliconlabs/simplicitystudio/v4/developer/toolchains/gnu_arm/4.9_2015q3/bin/../lib/gcc/arm-none-eabi/4.9.3/../../../../arm-none-eabi/lib/armv7e-m/fpu\libc.a(lib_a-mprec.o)
                0x0002abdc                __mcmp
 .text.__mdiff  0x0002ac24       0xd4 c:/siliconlabs/simplicitystudio/v4/developer/toolchains/gnu_arm/4.9_2015q3/bin/../lib/gcc/arm-none-eabi/4.9.3/../../../../arm-none-eabi/lib/armv7e-m/fpu\libc.a(lib_a-mprec.o)
                0x0002ac24                __mdiff
 .text.__d2b    0x0002acf8       0xbc c:/siliconlabs/simplicitystudio/v4/developer/toolchains/gnu_arm/4.9_2015q3/bin/../lib/gcc/arm-none-eabi/4.9.3/../../../../arm-none-eabi/lib/armv7e-m/fpu\libc.a(lib_a-mprec.o)
                0x0002acf8                __d2b
 .text.__fpclassifyd
                0x0002adb4       0x5c c:/siliconlabs/simplicitystudio/v4/developer/toolchains/gnu_arm/4.9_2015q3/bin/../lib/gcc/arm-none-eabi/4.9.3/../../../../arm-none-eabi/lib/armv7e-m/fpu\libc.a(lib_a-s_fpclassify.o)
                0x0002adb4                __fpclassifyd
 .text._sbrk_r  0x0002ae10       0x24 c:/siliconlabs/simplicitystudio/v4/developer/toolchains/gnu_arm/4.9_2015q3/bin/../lib/gcc/arm-none-eabi/4.9.3/../../../../arm-none-eabi/lib/armv7e-m/fpu\libc.a(lib_a-sbrkr.o)
                0x0002ae10                _sbrk_r
 .text.__ssprint_r
                0x0002ae34      0x104 c:/siliconlabs/simplicitystudio/v4/developer/toolchains/gnu_arm/4.9_2015q3/bin/../lib/gcc/arm-none-eabi/4.9.3/../../../../arm-none-eabi/lib/armv7e-m/fpu\libc.a(lib_a-svfiprintf.o)
                0x0002ae34                __ssprint_r
 .text.__register_exitproc
                0x0002af38       0xa4 c:/siliconlabs/simplicitystudio/v4/developer/toolchains/gnu_arm/4.9_2015q3/bin/../lib/gcc/arm-none-eabi/4.9.3/../../../../arm-none-eabi/lib/armv7e-m/fpu\libc.a(lib_a-__atexit.o)
                0x0002af38                __register_exitproc
 .text._calloc_r
                0x0002afdc       0x60 c:/siliconlabs/simplicitystudio/v4/developer/toolchains/gnu_arm/4.9_2015q3/bin/../lib/gcc/arm-none-eabi/4.9.3/../../../../arm-none-eabi/lib/armv7e-m/fpu\libc.a(lib_a-callocr.o)
                0x0002afdc                _calloc_r
 .text._malloc_trim_r
                0x0002b03c       0x9c c:/siliconlabs/simplicitystudio/v4/developer/toolchains/gnu_arm/4.9_2015q3/bin/../lib/gcc/arm-none-eabi/4.9.3/../../../../arm-none-eabi/lib/armv7e-m/fpu\libc.a(lib_a-freer.o)
                0x0002b03c                _malloc_trim_r
 .text._free_r  0x0002b0d8      0x1b0 c:/siliconlabs/simplicitystudio/v4/developer/toolchains/gnu_arm/4.9_2015q3/bin/../lib/gcc/arm-none-eabi/4.9.3/../../../../arm-none-eabi/lib/armv7e-m/fpu\libc.a(lib_a-freer.o)
                0x0002b0d8                _free_r
 .text.memmove  0x0002b288       0xc8 c:/siliconlabs/simplicitystudio/v4/developer/toolchains/gnu_arm/4.9_2015q3/bin/../lib/gcc/arm-none-eabi/4.9.3/../../../../arm-none-eabi/lib/armv7e-m/fpu\libc.a(lib_a-memmove.o)
                0x0002b288                memmove
 .text._realloc_r
                0x0002b350      0x3ec c:/siliconlabs/simplicitystudio/v4/developer/toolchains/gnu_arm/4.9_2015q3/bin/../lib/gcc/arm-none-eabi/4.9.3/../../../../arm-none-eabi/lib/armv7e-m/fpu\libc.a(lib_a-reallocr.o)
                0x0002b350                _realloc_r
 .text._sbrk    0x0002b73c       0x1c c:/siliconlabs/simplicitystudio/v4/developer/toolchains/gnu_arm/4.9_2015q3/bin/../lib/gcc/arm-none-eabi/4.9.3/../../../../arm-none-eabi/lib/armv7e-m/fpu\libnosys.a(sbrk.o)
                0x0002b73c                _sbrk
 .text._exit    0x0002b758        0x4 c:/siliconlabs/simplicitystudio/v4/developer/toolchains/gnu_arm/4.9_2015q3/bin/../lib/gcc/arm-none-eabi/4.9.3/../../../../arm-none-eabi/lib/armv7e-m/fpu\libnosys.a(_exit.o)
                0x0002b758                _exit
 .text          0x0002b75c      0x110 c:/siliconlabs/simplicitystudio/v4/developer/toolchains/gnu_arm/4.9_2015q3/bin/../lib/gcc/arm-none-eabi/4.9.3/armv7e-m/fpu\libgcc.a(_arm_cmpdf2.o)
                0x0002b75c                __gtdf2
                0x0002b75c                __gedf2
                0x0002b764                __ltdf2
                0x0002b764                __ledf2
                0x0002b76c                __nedf2
                0x0002b76c                __eqdf2
                0x0002b76c                __cmpdf2
                0x0002b7e8                __aeabi_cdrcmple
                0x0002b7f8                __aeabi_cdcmpeq
                0x0002b7f8                __aeabi_cdcmple
                0x0002b808                __aeabi_dcmpeq
                0x0002b81c                __aeabi_dcmplt
                0x0002b830                __aeabi_dcmple
                0x0002b844                __aeabi_dcmpge
                0x0002b858                __aeabi_dcmpgt
 *(.init)
 .init          0x0002b86c        0x4 c:/siliconlabs/simplicitystudio/v4/developer/toolchains/gnu_arm/4.9_2015q3/bin/../lib/gcc/arm-none-eabi/4.9.3/armv7e-m/fpu/crti.o
                0x0002b86c                _init
 .init          0x0002b870        0x8 c:/siliconlabs/simplicitystudio/v4/developer/toolchains/gnu_arm/4.9_2015q3/bin/../lib/gcc/arm-none-eabi/4.9.3/armv7e-m/fpu/crtn.o
 *(.fini)
 .fini          0x0002b878        0x4 c:/siliconlabs/simplicitystudio/v4/developer/toolchains/gnu_arm/4.9_2015q3/bin/../lib/gcc/arm-none-eabi/4.9.3/armv7e-m/fpu/crti.o
                0x0002b878                _fini
 .fini          0x0002b87c        0x8 c:/siliconlabs/simplicitystudio/v4/developer/toolchains/gnu_arm/4.9_2015q3/bin/../lib/gcc/arm-none-eabi/4.9.3/armv7e-m/fpu/crtn.o
 *crtbegin.o(.ctors)
 *crtbegin?.o(.ctors)
 *(EXCLUDE_FILE(*crtend.o *crtend?.o) .ctors)
 *(SORT(.ctors.*))
 *(.ctors)
 *crtbegin.o(.dtors)
 *crtbegin?.o(.dtors)
 *(EXCLUDE_FILE(*crtend.o *crtend?.o) .dtors)
 *(SORT(.dtors.*))
 *(.dtors)
 *(.rodata*)
 .rodata        0x0002b884       0x1f ./advertisement.o
 *fill*         0x0002b8a3        0x1 
 .rodata        0x0002b8a4        0x7 ./app.o
 *fill*         0x0002b8ab        0x1 
 .rodata        0x0002b8ac       0x20 ./app_hw.o
 .rodata        0x0002b8cc       0x17 ./beacon.o
 *fill*         0x0002b8e3        0x1 
 .rodata        0x0002b8e4       0x26 ./htm.o
 *fill*         0x0002b90a        0x2 
 .rodata        0x0002b90c       0x45 ./ia.o
 *fill*         0x0002b951        0x3 
 .rodata        0x0002b954        0x4 ./main.o
 .rodata.config
                0x0002b958       0x38 ./main.o
 .rodata.flashWsTable
                0x0002b990       0x28 ./emlib/em_cmu.o
 .rodata.ledArray
                0x0002b9b8       0x10 ./hardware/kit/common/bsp/bsp_stk_leds.o
 .rodata        0x0002b9c8       0x24 ./hardware/kit/common/drivers/mx25flash_spi.o
 .rodata        0x0002b9ec       0x50 ./src/InitDevice.o
 .rodata        0x0002ba3c       0x28 C:\Users\Satyanarayana\SimplicityStudio\v4_workspace\soc-smartPhone\protocol\bluetooth_2.6\lib\EFR32BG13P\GCC\bgapi.a(gecko_bgapi_hardware.c.obj)
 .rodata        0x0002ba64       0x30 C:\Users\Satyanarayana\SimplicityStudio\v4_workspace\soc-smartPhone\protocol\bluetooth_2.6\lib\EFR32BG13P\GCC\bgapi.a(gecko_bgapi_test.c.obj)
 .rodata        0x0002ba94       0x28 C:\Users\Satyanarayana\SimplicityStudio\v4_workspace\soc-smartPhone\protocol\bluetooth_2.6\lib\EFR32BG13P\GCC\bgapi.a(gecko_bgapi_dfu.c.obj)
 .rodata        0x0002babc       0x78 C:\Users\Satyanarayana\SimplicityStudio\v4_workspace\soc-smartPhone\protocol\bluetooth_2.6\lib\EFR32BG13P\GCC\bgapi.a(gecko_bgapi_gap.c.obj)
 .rodata        0x0002bb34       0xa8 C:\Users\Satyanarayana\SimplicityStudio\v4_workspace\soc-smartPhone\protocol\bluetooth_2.6\lib\EFR32BG13P\GCC\bgapi.a(gecko_bgapi_gatt.c.obj)
 .rodata        0x0002bbdc       0x50 C:\Users\Satyanarayana\SimplicityStudio\v4_workspace\soc-smartPhone\protocol\bluetooth_2.6\lib\EFR32BG13P\GCC\bgapi.a(gecko_bgapi_gatt_server.c.obj)
 .rodata        0x0002bc2c       0x30 C:\Users\Satyanarayana\SimplicityStudio\v4_workspace\soc-smartPhone\protocol\bluetooth_2.6\lib\EFR32BG13P\GCC\bgapi.a(gecko_bgapi_flash.c.obj)
 .rodata        0x0002bc5c       0x80 C:\Users\Satyanarayana\SimplicityStudio\v4_workspace\soc-smartPhone\protocol\bluetooth_2.6\lib\EFR32BG13P\GCC\bgapi.a(gecko_bgapi_sm.c.obj)
 .rodata        0x0002bcdc       0x50 C:\Users\Satyanarayana\SimplicityStudio\v4_workspace\soc-smartPhone\protocol\bluetooth_2.6\lib\EFR32BG13P\GCC\bgapi.a(gecko_bgapi_system.c.obj)
 .rodata        0x0002bd2c       0x10 C:\Users\Satyanarayana\SimplicityStudio\v4_workspace\soc-smartPhone\protocol\bluetooth_2.6\lib\EFR32BG13P\GCC\bgapi.a(gecko_bgapi_endpoint.c.obj)
 .rodata        0x0002bd3c       0x30 C:\Users\Satyanarayana\SimplicityStudio\v4_workspace\soc-smartPhone\protocol\bluetooth_2.6\lib\EFR32BG13P\GCC\bgapi.a(gecko_bgapi_le_connection.c.obj)
 .rodata        0x0002bd6c       0x18 C:\Users\Satyanarayana\SimplicityStudio\v4_workspace\soc-smartPhone\protocol\bluetooth_2.6\lib\EFR32BG13P\GCC\bgapi.a(bgapi_sm.c.obj)
 .rodata        0x0002bd84        0x4 C:\Users\Satyanarayana\SimplicityStudio\v4_workspace\soc-smartPhone\protocol\bluetooth_2.6\lib\EFR32BG13P\GCC\bgapi.a(gatt_client.c.obj)
 .rodata.str1.4
                0x0002bd88        0x2 c:/siliconlabs/simplicitystudio/v4/developer/toolchains/gnu_arm/4.9_2015q3/bin/../lib/gcc/arm-none-eabi/4.9.3/../../../../arm-none-eabi/lib/armv7e-m/fpu\libc.a(lib_a-impure.o)
 *fill*         0x0002bd8a        0x2 
 .rodata._global_impure_ptr
                0x0002bd8c        0x4 c:/siliconlabs/simplicitystudio/v4/developer/toolchains/gnu_arm/4.9_2015q3/bin/../lib/gcc/arm-none-eabi/4.9.3/../../../../arm-none-eabi/lib/armv7e-m/fpu\libc.a(lib_a-impure.o)
                0x0002bd8c                _global_impure_ptr
 .rodata.zeroes.6911
                0x0002bd90       0x10 c:/siliconlabs/simplicitystudio/v4/developer/toolchains/gnu_arm/4.9_2015q3/bin/../lib/gcc/arm-none-eabi/4.9.3/../../../../arm-none-eabi/lib/armv7e-m/fpu\libc.a(lib_a-svfprintf.o)
 .rodata.blanks.6910
                0x0002bda0       0x10 c:/siliconlabs/simplicitystudio/v4/developer/toolchains/gnu_arm/4.9_2015q3/bin/../lib/gcc/arm-none-eabi/4.9.3/../../../../arm-none-eabi/lib/armv7e-m/fpu\libc.a(lib_a-svfprintf.o)
 .rodata.str1.4
                0x0002bdb0       0x42 c:/siliconlabs/simplicitystudio/v4/developer/toolchains/gnu_arm/4.9_2015q3/bin/../lib/gcc/arm-none-eabi/4.9.3/../../../../arm-none-eabi/lib/armv7e-m/fpu\libc.a(lib_a-svfprintf.o)
 *fill*         0x0002bdf2        0x2 
 .rodata.str1.4
                0x0002bdf4       0x10 c:/siliconlabs/simplicitystudio/v4/developer/toolchains/gnu_arm/4.9_2015q3/bin/../lib/gcc/arm-none-eabi/4.9.3/../../../../arm-none-eabi/lib/armv7e-m/fpu\libc.a(lib_a-dtoa.o)
                                 0x12 (size before relaxing)
 .rodata.str1.4
                0x0002be04        0xc c:/siliconlabs/simplicitystudio/v4/developer/toolchains/gnu_arm/4.9_2015q3/bin/../lib/gcc/arm-none-eabi/4.9.3/../../../../arm-none-eabi/lib/armv7e-m/fpu\libc.a(lib_a-locale.o)
                                 0x12 (size before relaxing)
 .rodata.__mprec_tens
                0x0002be10       0xc8 c:/siliconlabs/simplicitystudio/v4/developer/toolchains/gnu_arm/4.9_2015q3/bin/../lib/gcc/arm-none-eabi/4.9.3/../../../../arm-none-eabi/lib/armv7e-m/fpu\libc.a(lib_a-mprec.o)
                0x0002be10                __mprec_tens
 .rodata.p05.5302
                0x0002bed8        0xc c:/siliconlabs/simplicitystudio/v4/developer/toolchains/gnu_arm/4.9_2015q3/bin/../lib/gcc/arm-none-eabi/4.9.3/../../../../arm-none-eabi/lib/armv7e-m/fpu\libc.a(lib_a-mprec.o)
 *fill*         0x0002bee4        0x4 
 .rodata.__mprec_bigtens
                0x0002bee8       0x28 c:/siliconlabs/simplicitystudio/v4/developer/toolchains/gnu_arm/4.9_2015q3/bin/../lib/gcc/arm-none-eabi/4.9.3/../../../../arm-none-eabi/lib/armv7e-m/fpu\libc.a(lib_a-mprec.o)
                0x0002bee8                __mprec_bigtens
 *(.eh_frame*)
 .eh_frame      0x0002bf10        0x0 c:/siliconlabs/simplicitystudio/v4/developer/toolchains/gnu_arm/4.9_2015q3/bin/../lib/gcc/arm-none-eabi/4.9.3/armv7e-m/fpu/crtbegin.o
 .eh_frame      0x0002bf10        0x0 c:/siliconlabs/simplicitystudio/v4/developer/toolchains/gnu_arm/4.9_2015q3/bin/../lib/gcc/arm-none-eabi/4.9.3/../../../../arm-none-eabi/lib/armv7e-m/fpu\libc.a(lib_a-strcmp.o)
                                 0x70 (size before relaxing)
 .eh_frame      0x0002bf10        0x4 c:/siliconlabs/simplicitystudio/v4/developer/toolchains/gnu_arm/4.9_2015q3/bin/../lib/gcc/arm-none-eabi/4.9.3/armv7e-m/fpu/crtend.o
                0x0002bf14                . = ALIGN (0x4)

.glue_7         0x0002bf14        0x0
 .glue_7        0x00000000        0x0 linker stubs

.glue_7t        0x0002bf14        0x0
 .glue_7t       0x00000000        0x0 linker stubs

.vfp11_veneer   0x0002bf14        0x0
 .vfp11_veneer  0x00000000        0x0 linker stubs

.v4_bx          0x0002bf14        0x0
 .v4_bx         0x00000000        0x0 linker stubs

.iplt           0x0002bf14        0x0
 .iplt          0x00000000        0x0 c:/siliconlabs/simplicitystudio/v4/developer/toolchains/gnu_arm/4.9_2015q3/bin/../lib/gcc/arm-none-eabi/4.9.3/armv7e-m/fpu/crtbegin.o

.igot.plt       0x0002bf14        0x0
 .igot.plt      0x00000000        0x0 c:/siliconlabs/simplicitystudio/v4/developer/toolchains/gnu_arm/4.9_2015q3/bin/../lib/gcc/arm-none-eabi/4.9.3/armv7e-m/fpu/crtbegin.o

.text_app_ARM.extab
 *(.ARM.extab* .gnu.linkonce.armextab.*)
                0x0002bf14                __exidx_start = .

.text_app_ARM.exidx
                0x0002bf14        0x8
 *(.ARM.exidx* .gnu.linkonce.armexidx.*)
 .ARM.exidx     0x0002bf14        0x8 c:/siliconlabs/simplicitystudio/v4/developer/toolchains/gnu_arm/4.9_2015q3/bin/../lib/gcc/arm-none-eabi/4.9.3/../../../../arm-none-eabi/lib/armv7e-m/fpu/crt0.o
 .ARM.exidx     0x0002bf1c        0x0 c:/siliconlabs/simplicitystudio/v4/developer/toolchains/gnu_arm/4.9_2015q3/bin/../lib/gcc/arm-none-eabi/4.9.3/armv7e-m/fpu\libgcc.a(_divdi3.o)
                                  0x8 (size before relaxing)
 .ARM.exidx     0x0002bf1c        0x0 c:/siliconlabs/simplicitystudio/v4/developer/toolchains/gnu_arm/4.9_2015q3/bin/../lib/gcc/arm-none-eabi/4.9.3/armv7e-m/fpu\libgcc.a(_udivdi3.o)
                                  0x8 (size before relaxing)
                0x0002bf1c                __exidx_end = .
                0x0002bf1c                __etext = .

.rel.dyn        0x0002bf1c        0x0
 .rel.iplt      0x00000000        0x0 c:/siliconlabs/simplicitystudio/v4/developer/toolchains/gnu_arm/4.9_2015q3/bin/../lib/gcc/arm-none-eabi/4.9.3/armv7e-m/fpu/crtbegin.o

.text_app_data  0x20003000      0x92c load address 0x0002bf1c
                0x20003000                __data_start__ = .
 *(vtable)
 *(.data*)
 .data.advConnectableMode
                0x20003000        0x1 ./advertisement.o
 *fill*         0x20003001        0x3 
 .data.appUiLedSeqOffReq
                0x20003004        0x8 ./app_ui.o
 .data.appUiLedSeqLowAlert
                0x2000300c       0x20 ./app_ui.o
 .data.appUiLedSeqLowAlertReq
                0x2000302c        0x8 ./app_ui.o
 .data.appUiLedSeqHighAlert
                0x20003034        0x8 ./app_ui.o
 .data.appUiLedSeqHighAlertReq
                0x2000303c        0x8 ./app_ui.o
 .data.activeReq.9266
                0x20003044        0x4 ./app_ui.o
 .data.button0Released.9270
                0x20003048        0x1 ./app_ui.o
 .data.button1Released.9271
                0x20003049        0x1 ./app_ui.o
 *fill*         0x2000304a        0x2 
 .data.bcnBeaconAdvData
                0x2000304c       0x1e ./beacon.o
 *fill*         0x2000306a        0x2 
 .data.bg_gattdb_data_attribute_field_22_data
                0x2000306c        0x2 ./gatt_db.o
                0x2000306c                bg_gattdb_data_attribute_field_22_data
 *fill*         0x2000306e        0x2 
 .data.bg_gattdb_data_attribute_field_17_data
                0x20003070        0x1 ./gatt_db.o
                0x20003070                bg_gattdb_data_attribute_field_17_data
 *fill*         0x20003071        0x3 
 .data.bg_gattdb_data_attribute_field_6_data
                0x20003074        0x7 ./gatt_db.o
                0x20003074                bg_gattdb_data_attribute_field_6_data
 *fill*         0x2000307b        0x1 
 .data.htmTempMeas
                0x2000307c       0x18 ./htm.o
 .data.htmDateTime
                0x20003094        0x8 ./htm.o
 .data.htmClientConnection
                0x2000309c        0x1 ./htm.o
 *fill*         0x2000309d        0x3 
 .data.auxHfrcoFreq
                0x200030a0        0x4 ./emlib/em_cmu.o
 *fill*         0x200030a4        0x4 
 .data.impure_data
                0x200030a8      0x428 c:/siliconlabs/simplicitystudio/v4/developer/toolchains/gnu_arm/4.9_2015q3/bin/../lib/gcc/arm-none-eabi/4.9.3/../../../../arm-none-eabi/lib/armv7e-m/fpu\libc.a(lib_a-impure.o)
 .data._impure_ptr
                0x200034d0        0x4 c:/siliconlabs/simplicitystudio/v4/developer/toolchains/gnu_arm/4.9_2015q3/bin/../lib/gcc/arm-none-eabi/4.9.3/../../../../arm-none-eabi/lib/armv7e-m/fpu\libc.a(lib_a-impure.o)
                0x200034d0                _impure_ptr
 .data.lconv    0x200034d4       0x38 c:/siliconlabs/simplicitystudio/v4/developer/toolchains/gnu_arm/4.9_2015q3/bin/../lib/gcc/arm-none-eabi/4.9.3/../../../../arm-none-eabi/lib/armv7e-m/fpu\libc.a(lib_a-locale.o)
 .data.__malloc_av_
                0x2000350c      0x408 c:/siliconlabs/simplicitystudio/v4/developer/toolchains/gnu_arm/4.9_2015q3/bin/../lib/gcc/arm-none-eabi/4.9.3/../../../../arm-none-eabi/lib/armv7e-m/fpu\libc.a(lib_a-mallocr.o)
                0x2000350c                __malloc_av_
 .data.__malloc_trim_threshold
                0x20003914        0x4 c:/siliconlabs/simplicitystudio/v4/developer/toolchains/gnu_arm/4.9_2015q3/bin/../lib/gcc/arm-none-eabi/4.9.3/../../../../arm-none-eabi/lib/armv7e-m/fpu\libc.a(lib_a-mallocr.o)
                0x20003914                __malloc_trim_threshold
 .data.__malloc_sbrk_base
                0x20003918        0x4 c:/siliconlabs/simplicitystudio/v4/developer/toolchains/gnu_arm/4.9_2015q3/bin/../lib/gcc/arm-none-eabi/4.9.3/../../../../arm-none-eabi/lib/armv7e-m/fpu\libc.a(lib_a-mallocr.o)
                0x20003918                __malloc_sbrk_base
                0x2000391c                . = ALIGN (0x4)
 *(.ram)
                0x2000391c                . = ALIGN (0x4)
                0x2000391c                PROVIDE (__preinit_array_start, .)
 *(.preinit_array)
                0x2000391c                PROVIDE (__preinit_array_end, .)
                0x2000391c                . = ALIGN (0x4)
                0x2000391c                PROVIDE (__init_array_start, .)
 *(SORT(.init_array.*))
 .init_array.00000
                0x2000391c        0x4 c:/siliconlabs/simplicitystudio/v4/developer/toolchains/gnu_arm/4.9_2015q3/bin/../lib/gcc/arm-none-eabi/4.9.3/../../../../arm-none-eabi/lib/armv7e-m/fpu\libc.a(lib_a-__call_atexit.o)
 *(.init_array)
 .init_array    0x20003920        0x4 c:/siliconlabs/simplicitystudio/v4/developer/toolchains/gnu_arm/4.9_2015q3/bin/../lib/gcc/arm-none-eabi/4.9.3/armv7e-m/fpu/crtbegin.o
                0x20003924                PROVIDE (__init_array_end, .)
                0x20003924                . = ALIGN (0x4)
                0x20003924                PROVIDE (__fini_array_start, .)
 *(SORT(.fini_array.*))
 *(.fini_array)
 .fini_array    0x20003924        0x4 c:/siliconlabs/simplicitystudio/v4/developer/toolchains/gnu_arm/4.9_2015q3/bin/../lib/gcc/arm-none-eabi/4.9.3/armv7e-m/fpu/crtbegin.o
                0x20003928                PROVIDE (__fini_array_end, .)
 *(.jcr*)
 .jcr           0x20003928        0x0 c:/siliconlabs/simplicitystudio/v4/developer/toolchains/gnu_arm/4.9_2015q3/bin/../lib/gcc/arm-none-eabi/4.9.3/armv7e-m/fpu/crtbegin.o
 .jcr           0x20003928        0x4 c:/siliconlabs/simplicitystudio/v4/developer/toolchains/gnu_arm/4.9_2015q3/bin/../lib/gcc/arm-none-eabi/4.9.3/armv7e-m/fpu/crtend.o
                0x2000392c                . = ALIGN (0x4)
                0x2000392c                __data_end__ = .

.bss            0x2000392c     0x1eec load address 0x0002c848
                0x2000392c                . = ALIGN (0x4)
                0x2000392c                __bss_start__ = .
 *(.bss*)
 .bss           0x2000392c       0x1c c:/siliconlabs/simplicitystudio/v4/developer/toolchains/gnu_arm/4.9_2015q3/bin/../lib/gcc/arm-none-eabi/4.9.3/armv7e-m/fpu/crtbegin.o
 .bss.advIsConnected
                0x20003948        0x1 ./advertisement.o
 .bss.si7013_status
                0x20003949        0x1 ./app_hw.o
 *fill*         0x2000394a        0x2 
 .bss.appUiBtn  0x2000394c        0x4 ./app_ui.o
 .bss.appUiLedSeqOff
                0x20003950        0x2 ./app_ui.o
 *fill*         0x20003952        0x2 
 .bss.appUiLedSeqReq
                0x20003954        0x4 ./app_ui.o
 .bss.pos.9265  0x20003958        0x1 ./app_ui.o
 *fill*         0x20003959        0x1 
 .bss.button0Time.9272
                0x2000395a        0x2 ./app_ui.o
 .bss.button1Time.9273
                0x2000395c        0x2 ./app_ui.o
 *fill*         0x2000395e        0x2 
 .bss.bg_gattdb_data_attribute_field_25_data
                0x20003960        0x1 ./gatt_db.o
                0x20003960                bg_gattdb_data_attribute_field_25_data
 *fill*         0x20003961        0x3 
 .bss.bg_gattdb_data_attribute_field_19_data
                0x20003964        0xd ./gatt_db.o
                0x20003964                bg_gattdb_data_attribute_field_19_data
 *fill*         0x20003971        0x3 
 .bss.bg_gattdb_data_attribute_field_14_data
                0x20003974        0xd ./gatt_db.o
                0x20003974                bg_gattdb_data_attribute_field_14_data
 *fill*         0x20003981        0x3 
 .bss.bg_gattdb_data_attribute_field_2_data
                0x20003984        0x4 ./gatt_db.o
                0x20003984                bg_gattdb_data_attribute_field_2_data
 .bss.glibContext
                0x20003988       0x2c ./graphics.o
 .bss.graphLineNum
                0x200039b4        0x1 ./graphics.o
 *fill*         0x200039b5        0x3 
 .bss.deviceHeader
                0x200039b8        0x4 ./graphics.o
 .bss.boot_to_dfu.9424
                0x200039bc        0x1 ./main.o
 *fill*         0x200039bd        0x3 
 .bss.i2cTransfer
                0x200039c0       0x20 ./emlib/em_i2c.o
 .bss.chTable   0x200039e0       0xa0 ./platform/emdrv/dmadrv/src/dmadrv.o
 .bss.dmaXfer   0x20003a80      0x100 ./platform/emdrv/dmadrv/src/dmadrv.o
 .bss.moduleInitialized
                0x20003b80        0x1 ./platform/middleware/glib/dmd/display/dmd_display.o
 *fill*         0x20003b81        0x3 
 .bss.displayDevice
                0x20003b84       0x30 ./platform/middleware/glib/dmd/display/dmd_display.o
 .bss.pixelMatrixBuffer
                0x20003bb4        0x4 ./platform/middleware/glib/dmd/display/dmd_display.o
 .bss.dimensions
                0x20003bb8        0xc ./platform/middleware/glib/dmd/display/dmd_display.o
 .bss.switch_on
                0x20003bc4        0x4 ./src/gpio.o
                0x20003bc4                switch_on
 .bss.xtempValue
                0x20003bc8        0x2 ./src/gpio.o
                0x20003bc8                xtempValue
 .bss.ytempValue
                0x20003bca        0x2 ./src/gpio.o
                0x20003bca                ytempValue
 .bss.ztempValue
                0x20003bcc        0x2 ./src/gpio.o
                0x20003bcc                ztempValue
 .bss.fifo_index
                0x20003bce        0x1 ./src/gpio.o
 *fill*         0x20003bcf        0x1 
 .bss           0x20003bd0        0x4 C:\Users\Satyanarayana\SimplicityStudio\v4_workspace\soc-smartPhone\protocol\bluetooth_2.6\lib\EFR32BG13P\GCC\bgapi.a(bgapi_hardware.c.obj)
 .bss           0x20003bd4        0x5 C:\Users\Satyanarayana\SimplicityStudio\v4_workspace\soc-smartPhone\protocol\bluetooth_2.6\lib\EFR32BG13P\GCC\bgapi.a(bgapi_test_lib.c.obj)
 *fill*         0x20003bd9        0x1 
 .bss           0x20003bda        0x2 C:\Users\Satyanarayana\SimplicityStudio\v4_workspace\soc-smartPhone\protocol\bluetooth_2.6\lib\EFR32BG13P\GCC\bgapi.a(bgapi_gap.c.obj)
                0x20003bda                legacy_maxadv_events
 .bss           0x20003bdc        0x4 C:\Users\Satyanarayana\SimplicityStudio\v4_workspace\soc-smartPhone\protocol\bluetooth_2.6\lib\EFR32BG13P\GCC\bgapi.a(bgapi_ps.c.obj)
 .bss           0x20003be0        0x4 C:\Users\Satyanarayana\SimplicityStudio\v4_workspace\soc-smartPhone\protocol\bluetooth_2.6\lib\EFR32BG13P\GCC\bgapi.a(bgapi_sm.c.obj)
 .bss           0x20003be4        0x4 C:\Users\Satyanarayana\SimplicityStudio\v4_workspace\soc-smartPhone\protocol\bluetooth_2.6\lib\EFR32BG13P\GCC\bgapi.a(bgapi_system.c.obj)
 .bss.__malloc_max_total_mem
                0x20003be8        0x4 c:/siliconlabs/simplicitystudio/v4/developer/toolchains/gnu_arm/4.9_2015q3/bin/../lib/gcc/arm-none-eabi/4.9.3/../../../../arm-none-eabi/lib/armv7e-m/fpu\libc.a(lib_a-mallocr.o)
                0x20003be8                __malloc_max_total_mem
 .bss.__malloc_max_sbrked_mem
                0x20003bec        0x4 c:/siliconlabs/simplicitystudio/v4/developer/toolchains/gnu_arm/4.9_2015q3/bin/../lib/gcc/arm-none-eabi/4.9.3/../../../../arm-none-eabi/lib/armv7e-m/fpu\libc.a(lib_a-mallocr.o)
                0x20003bec                __malloc_max_sbrked_mem
 .bss.__malloc_top_pad
                0x20003bf0        0x4 c:/siliconlabs/simplicitystudio/v4/developer/toolchains/gnu_arm/4.9_2015q3/bin/../lib/gcc/arm-none-eabi/4.9.3/../../../../arm-none-eabi/lib/armv7e-m/fpu\libc.a(lib_a-mallocr.o)
                0x20003bf0                __malloc_top_pad
 .bss.__malloc_current_mallinfo
                0x20003bf4       0x28 c:/siliconlabs/simplicitystudio/v4/developer/toolchains/gnu_arm/4.9_2015q3/bin/../lib/gcc/arm-none-eabi/4.9.3/../../../../arm-none-eabi/lib/armv7e-m/fpu\libc.a(lib_a-mallocr.o)
                0x20003bf4                __malloc_current_mallinfo
 .bss.heap_end.4079
                0x20003c1c        0x4 c:/siliconlabs/simplicitystudio/v4/developer/toolchains/gnu_arm/4.9_2015q3/bin/../lib/gcc/arm-none-eabi/4.9.3/../../../../arm-none-eabi/lib/armv7e-m/fpu\libnosys.a(sbrk.o)
 *(COMMON)
 COMMON         0x20003c20     0x1988 ./main.o
                0x20003c20                bluetooth_stack_heap
 COMMON         0x200055a8       0x10 ./platform/middleware/glib/dmd/display/dmd_display.o
                0x200055a8                dirtyRows
 COMMON         0x200055b8      0x258 ./src/gpio.o
                0x200055b8                Ydata_FIFO
                0x20005680                Xdata_FIFO
                0x20005748                Zdata_FIFO
 COMMON         0x20005810        0x4 C:\Users\Satyanarayana\SimplicityStudio\v4_workspace\soc-smartPhone\protocol\bluetooth_2.6\lib\EFR32BG13P\GCC\bgapi.a(bgapi_test_lib.c.obj)
                0x20005810                msg_sender
 COMMON         0x20005814        0x4 c:/siliconlabs/simplicitystudio/v4/developer/toolchains/gnu_arm/4.9_2015q3/bin/../lib/gcc/arm-none-eabi/4.9.3/../../../../arm-none-eabi/lib/armv7e-m/fpu\libc.a(lib_a-reent.o)
                0x20005814                errno
                0x20005818                . = ALIGN (0x4)
                0x20005818                __bss_end__ = .

.heap           0x20005818      0xc00
                0x20005818                __HeapBase = .
                0x20005818                __end__ = .
                0x20005818                end = __end__
                0x20005818                _end = __end__
 *(.heap*)
 .heap          0x20005818      0xc00 ./platform/Device/SiliconLabs/EFR32BG13P/Source/GCC/startup_efr32bg13p.o
                0x20006418                __HeapLimit = .

.stack_dummy    0x20006418      0x400
 *(.stack*)
 .stack         0x20006418      0x400 ./platform/Device/SiliconLabs/EFR32BG13P/Source/GCC/startup_efr32bg13p.o
                0x2000fffc                __StackTop = (ORIGIN (RAM) + 0xcffc)
                0x2000fbfc                __StackLimit = (__StackTop - SIZEOF (.stack_dummy))
                0x2000fffc                PROVIDE (__stack, __StackTop)
                0x00000001                ASSERT ((__StackLimit >= __HeapLimit), region RAM overflowed with stack)
                0x00000001                ASSERT ((0x7f000 >= (__etext + SIZEOF (.text_app_data))), FLASH memory overflowed !)
OUTPUT(soc-smartPhone.axf elf32-littlearm)

.ARM.attributes
                0x00000000       0x30
 .ARM.attributes
                0x00000000       0x22 c:/siliconlabs/simplicitystudio/v4/developer/toolchains/gnu_arm/4.9_2015q3/bin/../lib/gcc/arm-none-eabi/4.9.3/armv7e-m/fpu/crti.o
 .ARM.attributes
                0x00000022       0x34 c:/siliconlabs/simplicitystudio/v4/developer/toolchains/gnu_arm/4.9_2015q3/bin/../lib/gcc/arm-none-eabi/4.9.3/armv7e-m/fpu/crtbegin.o
 .ARM.attributes
                0x00000056       0x20 c:/siliconlabs/simplicitystudio/v4/developer/toolchains/gnu_arm/4.9_2015q3/bin/../lib/gcc/arm-none-eabi/4.9.3/../../../../arm-none-eabi/lib/armv7e-m/fpu/crt0.o
 .ARM.attributes
                0x00000076       0x39 ./advertisement.o
 .ARM.attributes
                0x000000af       0x39 ./app.o
 .ARM.attributes
                0x000000e8       0x39 ./app_hw.o
 .ARM.attributes
                0x00000121       0x39 ./app_ui.o
 .ARM.attributes
                0x0000015a       0x39 ./application_properties.o
 .ARM.attributes
                0x00000193       0x39 ./beacon.o
 .ARM.attributes
                0x000001cc       0x39 ./gatt_db.o
 .ARM.attributes
                0x00000205       0x39 ./graphics.o
 .ARM.attributes
                0x0000023e       0x39 ./htm.o
 .ARM.attributes
                0x00000277       0x39 ./ia.o
 .ARM.attributes
                0x000002b0       0x39 ./main.o
 .ARM.attributes
                0x000002e9       0x39 ./emlib/em_cmu.o
 .ARM.attributes
                0x00000322       0x39 ./emlib/em_gpio.o
 .ARM.attributes
                0x0000035b       0x39 ./emlib/em_i2c.o
 .ARM.attributes
                0x00000394       0x39 ./emlib/em_letimer.o
 .ARM.attributes
                0x000003cd       0x39 ./emlib/em_rtcc.o
 .ARM.attributes
                0x00000406       0x39 ./emlib/em_usart.o
 .ARM.attributes
                0x0000043f       0x39 ./hardware/kit/common/bsp/bsp_stk_leds.o
 .ARM.attributes
                0x00000478       0x39 ./hardware/kit/common/drivers/i2cspm.o
 .ARM.attributes
                0x000004b1       0x39 ./hardware/kit/common/drivers/mx25flash_spi.o
 .ARM.attributes
                0x000004ea       0x39 ./hardware/kit/common/drivers/si7013.o
 .ARM.attributes
                0x00000523       0x39 ./platform/Device/SiliconLabs/EFR32BG13P/Source/GCC/startup_efr32bg13p.o
 .ARM.attributes
                0x0000055c       0x39 ./platform/emdrv/dmadrv/src/dmadrv.o
 .ARM.attributes
                0x00000595       0x39 ./platform/middleware/glib/dmd/display/dmd_display.o
 .ARM.attributes
                0x000005ce       0x39 ./platform/middleware/glib/glib/glib.o
 .ARM.attributes
                0x00000607       0x39 ./platform/middleware/glib/glib/glib_rectangle.o
 .ARM.attributes
                0x00000640       0x39 ./platform/middleware/glib/glib/glib_string.o
 .ARM.attributes
                0x00000679       0x39 ./src/InitDevice.o
 .ARM.attributes
                0x000006b2       0x39 ./src/bma280.o
 .ARM.attributes
                0x000006eb       0x39 ./src/cmu.o
 .ARM.attributes
                0x00000724       0x39 ./src/gpio.o
 .ARM.attributes
                0x0000075d       0x39 ./src/letimer0.o
 .ARM.attributes
                0x00000796       0x39 ./src/spi.o
 .ARM.attributes
                0x000007cf       0x39 C:\Users\Satyanarayana\SimplicityStudio\v4_workspace\soc-smartPhone\protocol\bluetooth_2.6\lib\EFR32BG13P\GCC\bgapi.a(gecko_bgapi_hardware.c.obj)
 .ARM.attributes
                0x00000808       0x39 C:\Users\Satyanarayana\SimplicityStudio\v4_workspace\soc-smartPhone\protocol\bluetooth_2.6\lib\EFR32BG13P\GCC\bgapi.a(gecko_bgapi_test.c.obj)
 .ARM.attributes
                0x00000841       0x39 C:\Users\Satyanarayana\SimplicityStudio\v4_workspace\soc-smartPhone\protocol\bluetooth_2.6\lib\EFR32BG13P\GCC\bgapi.a(gecko_bgapi_dfu.c.obj)
 .ARM.attributes
                0x0000087a       0x39 C:\Users\Satyanarayana\SimplicityStudio\v4_workspace\soc-smartPhone\protocol\bluetooth_2.6\lib\EFR32BG13P\GCC\bgapi.a(gecko_bgapi_gap.c.obj)
 .ARM.attributes
                0x000008b3       0x39 C:\Users\Satyanarayana\SimplicityStudio\v4_workspace\soc-smartPhone\protocol\bluetooth_2.6\lib\EFR32BG13P\GCC\bgapi.a(gecko_bgapi_gatt.c.obj)
 .ARM.attributes
                0x000008ec       0x39 C:\Users\Satyanarayana\SimplicityStudio\v4_workspace\soc-smartPhone\protocol\bluetooth_2.6\lib\EFR32BG13P\GCC\bgapi.a(gecko_bgapi_gatt_server.c.obj)
 .ARM.attributes
                0x00000925       0x39 C:\Users\Satyanarayana\SimplicityStudio\v4_workspace\soc-smartPhone\protocol\bluetooth_2.6\lib\EFR32BG13P\GCC\bgapi.a(gecko_bgapi_flash.c.obj)
 .ARM.attributes
                0x0000095e       0x39 C:\Users\Satyanarayana\SimplicityStudio\v4_workspace\soc-smartPhone\protocol\bluetooth_2.6\lib\EFR32BG13P\GCC\bgapi.a(gecko_bgapi_sm.c.obj)
 .ARM.attributes