Archive member included because of file (symbol)

C:\Users\Satyanarayana\SimplicityStudio\v4_workspace\soc-smartPhone_NoBuff\protocol\bluetooth_2.6\lib\EFR32BG13P\GCC\bgapi.a(gecko_bgapi_hardware.c.obj)
                              ./main.o (gecko_bgapi_class_hardware_init)
C:\Users\Satyanarayana\SimplicityStudio\v4_workspace\soc-smartPhone_NoBuff\protocol\bluetooth_2.6\lib\EFR32BG13P\GCC\bgapi.a(gecko_bgapi_test.c.obj)
                              ./main.o (gecko_bgapi_class_test_init)
C:\Users\Satyanarayana\SimplicityStudio\v4_workspace\soc-smartPhone_NoBuff\protocol\bluetooth_2.6\lib\EFR32BG13P\GCC\bgapi.a(gecko_bgapi_dfu.c.obj)
                              ./main.o (gecko_bgapi_class_dfu_init)
C:\Users\Satyanarayana\SimplicityStudio\v4_workspace\soc-smartPhone_NoBuff\protocol\bluetooth_2.6\lib\EFR32BG13P\GCC\bgapi.a(gecko_bgapi_gap.c.obj)
                              ./main.o (gecko_bgapi_class_le_gap_init)
C:\Users\Satyanarayana\SimplicityStudio\v4_workspace\soc-smartPhone_NoBuff\protocol\bluetooth_2.6\lib\EFR32BG13P\GCC\bgapi.a(gecko_bgapi_gatt.c.obj)
                              ./main.o (gecko_bgapi_class_gatt_init)
C:\Users\Satyanarayana\SimplicityStudio\v4_workspace\soc-smartPhone_NoBuff\protocol\bluetooth_2.6\lib\EFR32BG13P\GCC\bgapi.a(gecko_bgapi_gatt_server.c.obj)
                              ./main.o (gecko_bgapi_class_gatt_server_init)
C:\Users\Satyanarayana\SimplicityStudio\v4_workspace\soc-smartPhone_NoBuff\protocol\bluetooth_2.6\lib\EFR32BG13P\GCC\bgapi.a(gecko_bgapi_flash.c.obj)
                              ./main.o (gecko_bgapi_class_flash_init)
C:\Users\Satyanarayana\SimplicityStudio\v4_workspace\soc-smartPhone_NoBuff\protocol\bluetooth_2.6\lib\EFR32BG13P\GCC\bgapi.a(gecko_bgapi_sm.c.obj)
                              ./main.o (gecko_bgapi_class_sm_init)
C:\Users\Satyanarayana\SimplicityStudio\v4_workspace\soc-smartPhone_NoBuff\protocol\bluetooth_2.6\lib\EFR32BG13P\GCC\bgapi.a(gecko_bgapi_system.c.obj)
                              ./main.o (gecko_bgapi_class_system_init)
C:\Users\Satyanarayana\SimplicityStudio\v4_workspace\soc-smartPhone_NoBuff\protocol\bluetooth_2.6\lib\EFR32BG13P\GCC\bgapi.a(gecko_bgapi_endpoint.c.obj)
                              ./main.o (gecko_bgapi_class_endpoint_init)
C:\Users\Satyanarayana\SimplicityStudio\v4_workspace\soc-smartPhone_NoBuff\protocol\bluetooth_2.6\lib\EFR32BG13P\GCC\bgapi.a(gecko_bgapi_le_connection.c.obj)
                              ./main.o (gecko_bgapi_class_le_connection_init)
C:\Users\Satyanarayana\SimplicityStudio\v4_workspace\soc-smartPhone_NoBuff\protocol\bluetooth_2.6\lib\EFR32BG13P\GCC\bgapi.a(bgapi_hardware.c.obj)
                              C:\Users\Satyanarayana\SimplicityStudio\v4_workspace\soc-smartPhone_NoBuff\protocol\bluetooth_2.6\lib\EFR32BG13P\GCC\bgapi.a(gecko_bgapi_hardware.c.obj) (lib_hardware_handler_init)
C:\Users\Satyanarayana\SimplicityStudio\v4_workspace\soc-smartPhone_NoBuff\protocol\bluetooth_2.6\lib\EFR32BG13P\GCC\bgapi.a(bgapi_test_lib.c.obj)
                              C:\Users\Satyanarayana\SimplicityStudio\v4_workspace\soc-smartPhone_NoBuff\protocol\bluetooth_2.6\lib\EFR32BG13P\GCC\bgapi.a(gecko_bgapi_test.c.obj) (lib_test_handler_init)
C:\Users\Satyanarayana\SimplicityStudio\v4_workspace\soc-smartPhone_NoBuff\protocol\bluetooth_2.6\lib\EFR32BG13P\GCC\bgapi.a(bgapi_dfu.c.obj)
                              C:\Users\Satyanarayana\SimplicityStudio\v4_workspace\soc-smartPhone_NoBuff\protocol\bluetooth_2.6\lib\EFR32BG13P\GCC\bgapi.a(gecko_bgapi_dfu.c.obj) (lib_dfu_handler_init)
C:\Users\Satyanarayana\SimplicityStudio\v4_workspace\soc-smartPhone_NoBuff\protocol\bluetooth_2.6\lib\EFR32BG13P\GCC\bgapi.a(bgapi_gap.c.obj)
                              C:\Users\Satyanarayana\SimplicityStudio\v4_workspace\soc-smartPhone_NoBuff\protocol\bluetooth_2.6\lib\EFR32BG13P\GCC\bgapi.a(gecko_bgapi_gap.c.obj) (lib_le_gap_handler_init)
C:\Users\Satyanarayana\SimplicityStudio\v4_workspace\soc-smartPhone_NoBuff\protocol\bluetooth_2.6\lib\EFR32BG13P\GCC\bgapi.a(bgapi_gatt_lib.c.obj)
                              C:\Users\Satyanarayana\SimplicityStudio\v4_workspace\soc-smartPhone_NoBuff\protocol\bluetooth_2.6\lib\EFR32BG13P\GCC\bgapi.a(gecko_bgapi_gatt.c.obj) (lib_gatt_handler_init)
C:\Users\Satyanarayana\SimplicityStudio\v4_workspace\soc-smartPhone_NoBuff\protocol\bluetooth_2.6\lib\EFR32BG13P\GCC\bgapi.a(bgapi_ps.c.obj)
                              C:\Users\Satyanarayana\SimplicityStudio\v4_workspace\soc-smartPhone_NoBuff\protocol\bluetooth_2.6\lib\EFR32BG13P\GCC\bgapi.a(gecko_bgapi_flash.c.obj) (lib_flash_handler_init)
C:\Users\Satyanarayana\SimplicityStudio\v4_workspace\soc-smartPhone_NoBuff\protocol\bluetooth_2.6\lib\EFR32BG13P\GCC\bgapi.a(bgapi_sm.c.obj)
                              C:\Users\Satyanarayana\SimplicityStudio\v4_workspace\soc-smartPhone_NoBuff\protocol\bluetooth_2.6\lib\EFR32BG13P\GCC\bgapi.a(gecko_bgapi_sm.c.obj) (lib_sm_handler_init)
[...]
Memory Configuration

Name             Origin             Length             Attributes
FLASH_BOOTLOADER 0x0fe10000         0x00004000         xr
FLASH            0x00000000         0x0007b000         xr
RAM              0x20003000         0x0000cffc         xrw
*default*        0x00000000         0xffffffff

Linker script and memory map

LOAD c:/siliconlabs/simplicitystudio/v4/developer/toolchains/gnu_arm/4.9_2015q3/bin/../lib/gcc/arm-none-eabi/4.9.3/armv7e-m/fpu/crti.o
LOAD c:/siliconlabs/simplicitystudio/v4/developer/toolchains/gnu_arm/4.9_2015q3/bin/../lib/gcc/arm-none-eabi/4.9.3/armv7e-m/fpu/crtbegin.o
LOAD c:/siliconlabs/simplicitystudio/v4/developer/toolchains/gnu_arm/4.9_2015q3/bin/../lib/gcc/arm-none-eabi/4.9.3/../../../../arm-none-eabi/lib/armv7e-m/fpu/crt0.o
LOAD ./advertisement.o
LOAD ./app.o
LOAD ./app_hw.o
LOAD ./app_ui.o
LOAD ./application_properties.o
LOAD ./beacon.o
LOAD ./gatt_db.o
LOAD ./graphics.o
LOAD ./htm.o
LOAD ./ia.o
LOAD ./init_app.o
LOAD ./init_board.o
LOAD ./init_mcu.o
LOAD ./main.o
LOAD ./pti.o
LOAD ./emlib/em_adc.o
LOAD ./emlib/em_cmu.o
LOAD ./emlib/em_crypto.o
LOAD ./emlib/em_gpio.o
LOAD ./emlib/em_i2c.o
LOAD ./emlib/em_ldma.o
LOAD ./emlib/em_letimer.o
LOAD ./emlib/em_leuart.o
LOAD ./emlib/em_msc.o
LOAD ./emlib/em_rmu.o
LOAD ./emlib/em_rtcc.o
LOAD ./emlib/em_system.o
LOAD ./emlib/em_usart.o
LOAD ./hardware/kit/common/bsp/bsp_stk.o
LOAD ./hardware/kit/common/bsp/bsp_stk_leds.o
LOAD ./hardware/kit/common/drivers/display.o
LOAD ./hardware/kit/common/drivers/displayls013b7dh03.o
LOAD ./hardware/kit/common/drivers/displaypalemlib.o
LOAD ./hardware/kit/common/drivers/i2cspm.o
LOAD ./hardware/kit/common/drivers/mx25flash_spi.o
LOAD ./hardware/kit/common/drivers/si7013.o
LOAD ./hardware/kit/common/drivers/tempsens.o
LOAD ./hardware/kit/common/drivers/udelay.o
LOAD ./platform/Device/SiliconLabs/EFR32BG13P/Source/GCC/startup_efr32bg13p.o
LOAD ./platform/emdrv/dmadrv/src/dmadrv.o
LOAD ./platform/emlib/src/em_cryotimer.o
LOAD ./platform/middleware/glib/dmd/display/dmd_display.o
LOAD ./platform/middleware/glib/glib/bmp.o
LOAD ./platform/middleware/glib/glib/glib.o
LOAD ./platform/middleware/glib/glib/glib_bitmap.o
LOAD ./platform/middleware/glib/glib/glib_circle.o
LOAD ./platform/middleware/glib/glib/glib_font_narrow_6x8.o
LOAD ./platform/middleware/glib/glib/glib_font_normal_8x8.o
LOAD ./platform/middleware/glib/glib/glib_font_number_16x20.o
LOAD ./platform/middleware/glib/glib/glib_line.o
LOAD ./platform/middleware/glib/glib/glib_polygon.o
LOAD ./platform/middleware/glib/glib/glib_rectangle.o
LOAD ./platform/middleware/glib/glib/glib_string.o
LOAD ./src/InitDevice.o
LOAD ./src/bma280.o
LOAD ./src/cmu.o
LOAD ./src/gpio.o
LOAD ./src/letimer0.o
LOAD ./src/spi.o
LOAD C:\Users\Satyanarayana\SimplicityStudio\v4_workspace\soc-smartPhone_NoBuff\protocol\bluetooth_2.6\lib\EFR32BG13P\GCC\bgapi.a
LOAD C:\Users\Satyanarayana\SimplicityStudio\v4_workspace\soc-smartPhone_NoBuff\protocol\bluetooth_2.6\lib\EFR32BG13P\EABI\binstack.o
LOAD C:\Users\Satyanarayana\SimplicityStudio\v4_workspace\soc-smartPhone_NoBuff\protocol\bluetooth_2.6\lib\EFR32BG13P\EABI\stack.a
LOAD c:/siliconlabs/simplicitystudio/v4/developer/toolchains/gnu_arm/4.9_2015q3/bin/../lib/gcc/arm-none-eabi/4.9.3/../../../../arm-none-eabi/lib/armv7e-m/fpu\libm.a
START GROUP
LOAD c:/siliconlabs/simplicitystudio/v4/developer/toolchains/gnu_arm/4.9_2015q3/bin/../lib/gcc/arm-none-eabi/4.9.3/armv7e-m/fpu\libgcc.a
LOAD c:/siliconlabs/simplicitystudio/v4/developer/toolchains/gnu_arm/4.9_2015q3/bin/../lib/gcc/arm-none-eabi/4.9.3/../../../../arm-none-eabi/lib/armv7e-m/fpu\libc.a
LOAD c:/siliconlabs/simplicitystudio/v4/developer/toolchains/gnu_arm/4.9_2015q3/bin/../lib/gcc/arm-none-eabi/4.9.3/../../../../arm-none-eabi/lib/armv7e-m/fpu\libnosys.a
END GROUP
START GROUP
LOAD c:/siliconlabs/simplicitystudio/v4/developer/toolchains/gnu_arm/4.9_2015q3/bin/../lib/gcc/arm-none-eabi/4.9.3/armv7e-m/fpu\libgcc.a
LOAD c:/siliconlabs/simplicitystudio/v4/developer/toolchains/gnu_arm/4.9_2015q3/bin/../lib/gcc/arm-none-eabi/4.9.3/../../../../arm-none-eabi/lib/armv7e-m/fpu\libg.a
LOAD c:/siliconlabs/simplicitystudio/v4/developer/toolchains/gnu_arm/4.9_2015q3/bin/../lib/gcc/arm-none-eabi/4.9.3/../../../../arm-none-eabi/lib/armv7e-m/fpu\libc.a
END GROUP
LOAD c:/siliconlabs/simplicitystudio/v4/developer/toolchains/gnu_arm/4.9_2015q3/bin/../lib/gcc/arm-none-eabi/4.9.3/armv7e-m/fpu/crtend.o
LOAD c:/siliconlabs/simplicitystudio/v4/developer/toolchains/gnu_arm/4.9_2015q3/bin/../lib/gcc/arm-none-eabi/4.9.3/armv7e-m/fpu/crtn.o

.text_bootloader
                0x0fe10000        0x0
 *(.binbootloader*)
                0x0fe10000                . = ALIGN (0x4000)

.text_stack_bin
                0x00000000    0x1e777
 *(.binstack*)
 .binstack      0x00000000    0x1e777 C:\Users\Satyanarayana\SimplicityStudio\v4_workspace\soc-smartPhone_NoBuff\protocol\bluetooth_2.6\lib\EFR32BG13P\EABI\binstack.o

.text_signature
                0x0001e777       0x89
                0x0001e7b7                . = (. + 0x40)
 *fill*         0x0001e777       0x40 
                0x0001e800                . = ALIGN (0x800)
 *fill*         0x0001e7b7       0x49 
                0x0001e800                __text_start__ = .

.text_app       0x0001e800     0xd554
 *(.AAT)
 .AAT           0x0001e800       0x80 ./main.o
                0x0001e800                AppAddressTable
 *(.vectors)
 .vectors       0x0001e880       0xfc ./platform/Device/SiliconLabs/EFR32BG13P/Source/GCC/startup_efr32bg13p.o
                0x0001e880                __Vectors
                0x0001e97c                __Vectors_End = .
                0x000000fc                __Vectors_Size = (__Vectors_End - __Vectors)
                0x0001e97c                __end__ = .
 *(.gecko_configuration)
 *(.xo_configuration)
 *(.gatt_header)
 .gatt_header   0x0001e97c       0x34 ./gatt_db.o
                0x0001e97c                bg_gattdb_data
 *(.gatt_data)
 .gatt_data     0x0001e9b0      0x291 ./gatt_db.o
                0x0001e9b0                bg_gattdb_data_uuidtable_16_map
                0x0001e9d4                bg_gattdb_data_uuidtable_128_map
                0x0001e9f4                bg_gattdb_data_attribute_field_28
                0x0001e9fc                bg_gattdb_data_attribute_field_27
                0x0001ea14                bg_gattdb_data_attribute_field_26
                0x0001ea28                bg_gattdb_data_attribute_field_25
                0x0001ea30                bg_gattdb_data_attribute_field_24
                0x0001ea38                bg_gattdb_data_attribute_field_23
                0x0001ea3c                bg_gattdb_data_attribute_field_22
                0x0001ea44                bg_gattdb_data_attribute_field_21
                0x0001ea4c                bg_gattdb_data_attribute_field_19
                0x0001ea54                bg_gattdb_data_attribute_field_18
                0x0001ea5c                bg_gattdb_data_attribute_field_17
                0x0001ea64                bg_gattdb_data_attribute_field_16
                0x0001ea6c                bg_gattdb_data_attribute_field_14
                0x0001ea74                bg_gattdb_data_attribute_field_13
                0x0001ea7c                bg_gattdb_data_attribute_field_12
                0x0001ea80                bg_gattdb_data_attribute_field_11
                0x0001ea90                bg_gattdb_data_attribute_field_10
                0x0001ea98                bg_gattdb_data_attribute_field_9
                0x0001ea9c                bg_gattdb_data_attribute_field_8
                0x0001eaa0                bg_gattdb_data_attribute_field_7
                0x0001eaa8                bg_gattdb_data_attribute_field_6
                0x0001eab0                bg_gattdb_data_attribute_field_5
                0x0001eab8                bg_gattdb_data_attribute_field_4
                0x0001eabc                bg_gattdb_data_attribute_field_2
                0x0001eac4                bg_gattdb_data_attribute_field_1
                0x0001eacc                bg_gattdb_data_attribute_field_0
                0x0001ead0                bg_gattdb_data_attributes_map
                0x0001ec2c                bg_gattdb_data_attributes_dynamic_mapping_map
                0x0001ec3c                bg_gattdb_data_adv_uuid16_map
                0x0001ec40                bg_gattdb_data_adv_uuid128_map
 *(.application_properties)
 *fill*         0x0001ec41        0x3 
 .application_properties
                0x0001ec44       0x38 ./application_properties.o
                0x0001ec44                applicationProperties
 *(.text*)
 .text          0x0001ec7c       0x5c c:/siliconlabs/simplicitystudio/v4/developer/toolchains/gnu_arm/4.9_2015q3/bin/../lib/gcc/arm-none-eabi/4.9.3/armv7e-m/fpu/crtbegin.o
 .text          0x0001ecd8       0x74 c:/siliconlabs/simplicitystudio/v4/developer/toolchains/gnu_arm/4.9_2015q3/bin/../lib/gcc/arm-none-eabi/4.9.3/../../../../arm-none-eabi/lib/armv7e-m/fpu/crt0.o
                0x0001ecd8                _start
                0x0001ecd8                _mainCRTStartup
 .text.gecko_cmd_le_gap_set_mode
                0x0001ed4c       0x58 ./advertisement.o
 .text.advSetup
                0x0001eda4       0x38 ./advertisement.o
                0x0001eda4                advSetup
 .text.advSwitchAdvMessage
                0x0001eddc       0x3c ./advertisement.o
                0x0001eddc                advSwitchAdvMessage
 .text.advConnectionStarted
                0x0001ee18       0x18 ./advertisement.o
                0x0001ee18                advConnectionStarted
 .text.gecko_cmd_system_get_bt_address
                0x0001ee30       0x38 ./app.o
 .text.gecko_cmd_gatt_server_write_attribute_value
                0x0001ee68       0x98 ./app.o
 .text.appInit  0x0001ef00       0x50 ./app.o
                0x0001ef00                appInit
 .text.appHwInit
                0x0001ef50       0x2c ./app_hw.o
                0x0001ef50                appHwInit
 .text.appHwInitTempSens
                0x0001ef7c       0x28 ./app_hw.o
                0x0001ef7c                appHwInitTempSens
 .text.appBtnCback
                0x0001efa4       0x18 ./app_hw.o
 .text.BUS_RegBitRead
                0x0001efbc       0x2c ./app_ui.o
 .text.GPIO_PinInGet
                0x0001efe8       0x54 ./app_ui.o
 .text.gecko_cmd_hardware_set_soft_timer
                0x0001f03c       0x60 ./app_ui.o
 .text.appUiBtnRegister
                0x0001f09c       0x1c ./app_ui.o
                0x0001f09c                appUiBtnRegister
 .text.appUiLedOff
                0x0001f0b8       0x1c ./app_ui.o
                0x0001f0b8                appUiLedOff
 .text.appUiLedLowAlert
                0x0001f0d4       0x1c ./app_ui.o
                0x0001f0d4                appUiLedLowAlert
 .text.appUiLedHighAlert
                0x0001f0f0       0x1c ./app_ui.o
                0x0001f0f0                appUiLedHighAlert
 .text.appUiInit
                0x0001f10c       0x1c ./app_ui.o
                0x0001f10c                appUiInit
 .text.appUiTick
                0x0001f128       0x1c ./app_ui.o
                0x0001f128                appUiTick
 .text.appUiWriteString
                0x0001f144       0x14 ./app_ui.o
                0x0001f144                appUiWriteString
 .text.appUiLedTimerCback
                0x0001f158       0xb4 ./app_ui.o
 .text.appUiButtonTimerCallback
                0x0001f20c      0x110 ./app_ui.o
 .text.appUiPushButtonsGet
                0x0001f31c       0x4c ./app_ui.o
 .text.appUiBtnSendEvent
                0x0001f368       0x1c ./app_ui.o
 .text.gecko_cmd_le_gap_set_mode
                0x0001f384       0x58 ./beacon.o
 .text.gecko_cmd_le_gap_set_adv_data
                0x0001f3dc       0x8c ./beacon.o
 .text.bcnSetupAdvBeaconing
                0x0001f468       0x38 ./beacon.o
                0x0001f468                bcnSetupAdvBeaconing
 .text.graphWriteString
                0x0001f4a0       0x40 ./graphics.o
                0x0001f4a0                graphWriteString
 .text.graphPrintCenter
                0x0001f4e0       0xc0 ./graphics.o
 .text.gecko_cmd_gatt_server_send_characteristic_notification
                0x0001f5a0       0x9c ./htm.o
 .text.gecko_cmd_hardware_set_soft_timer
                0x0001f63c       0x60 ./htm.o
 .text.htmInit  0x0001f69c       0x1c ./htm.o
                0x0001f69c                htmInit
 .text.htmTemperatureCharStatusChange
                0x0001f6b8       0x38 ./htm.o
                0x0001f6b8                htmTemperatureCharStatusChange
 .text.htmTemperatureMeasure
                0x0001f6f0       0x34 ./htm.o
                0x0001f6f0                htmTemperatureMeasure
 .text.htmBuildTempMeas
                0x0001f724      0x14c ./htm.o
 .text.htmProcMsg
                0x0001f870      0x1a4 ./htm.o
 .text.iaImmediateAlertWrite
                0x0001fa14       0x4c ./ia.o
                0x0001fa14                iaImmediateAlertWrite
 .text.GPIO_IntEnable
                0x0001fa60       0x28 ./main.o
 .text.gecko_initCoexHAL
                0x0001fa88        0xc ./main.o
 .text.gecko_init
                0x0001fa94       0x44 ./main.o
 .text.gecko_cmd_system_reset
                0x0001fad8       0x40 ./main.o
 .text.gecko_cmd_gatt_server_send_user_write_response
                0x0001fb18       0x64 ./main.o
 .text.gecko_cmd_endpoint_close
                0x0001fb7c       0x48 ./main.o
 .text.button_init
                0x0001fbc4       0x20 ./main.o
 .text.led_init
                0x0001fbe4       0x20 ./main.o
 *fill*         0x0001fc04        0x4 
 .text.main     0x0001fc08      0x180 ./main.o
                0x0001fc08                main
 .text.BUS_RegBitWrite
                0x0001fd88       0x2c ./emlib/em_cmu.o
 .text.BUS_RegBitRead
                0x0001fdb4       0x2c ./emlib/em_cmu.o
 .text.BUS_RegMaskedSet
                0x0001fde0       0x24 ./emlib/em_cmu.o
 .text.BUS_RegMaskedClear
                0x0001fe04       0x24 ./emlib/em_cmu.o
 .text.BUS_RegMaskedWrite
                0x0001fe28       0x24 ./emlib/em_cmu.o
 .text.CMU_Log2ToDiv
                0x0001fe4c       0x1c ./emlib/em_cmu.o
 .text.CMU_PrescToLog2
                0x0001fe68       0x28 ./emlib/em_cmu.o
 .text.EMU_VScaleWait
                0x0001fe90       0x1c ./emlib/em_cmu.o
 .text.EMU_VScaleGet
                0x0001feac       0x1c ./emlib/em_cmu.o
 .text.setHfLeConfig
                0x0001fec8       0x64 ./emlib/em_cmu.o
 .text.auxClkGet
                0x0001ff2c       0x20 ./emlib/em_cmu.o
 .text.hfSrcClkGet
                0x0001ff4c       0x2c ./emlib/em_cmu.o
 .text.dbgClkGet
                0x0001ff78       0x3c ./emlib/em_cmu.o
 .text.adcAsyncClkGet
                0x0001ffb4       0x80 ./emlib/em_cmu.o
 .text.flashWaitStateControl
                0x00020034       0xac ./emlib/em_cmu.o
 .text.flashWaitStateMax
                0x000200e0       0x14 ./emlib/em_cmu.o
 .text.CMU_UpdateWaitStates
                0x000200f4       0x18 ./emlib/em_cmu.o
                0x000200f4                CMU_UpdateWaitStates
 .text.getRegIshUpperVal
                0x0002010c       0x38 ./emlib/em_cmu.o
 .text.getHfxoTuningMode
                0x00020144       0x1c ./emlib/em_cmu.o
 .text.setHfxoTuningMode
                0x00020160       0x28 ./emlib/em_cmu.o
 .text.lfClkGet
                0x00020188       0xf4 ./emlib/em_cmu.o
 .text.syncReg  0x0002027c       0x38 ./emlib/em_cmu.o
 .text.CMU_AUXHFRCODevinfoGet
                0x000202b4       0xdc ./emlib/em_cmu.o
 .text.CMU_AUXHFRCOBandSet
                0x00020390       0x98 ./emlib/em_cmu.o
                0x00020390                CMU_AUXHFRCOBandSet
 .text.CMU_ClockDivSet
                0x00020428       0x1c ./emlib/em_cmu.o
                0x00020428                CMU_ClockDivSet
 .text.CMU_ClockEnable
                0x00020444       0xcc ./emlib/em_cmu.o
                0x00020444                CMU_ClockEnable
 .text.CMU_ClockFreqGet
                0x00020510      0x1f8 ./emlib/em_cmu.o
                0x00020510                CMU_ClockFreqGet
 .text.CMU_ClockPrescSet
                0x00020708      0x268 ./emlib/em_cmu.o
                0x00020708                CMU_ClockPrescSet
 .text.CMU_ClockSelectGet
                0x00020970      0x1d0 ./emlib/em_cmu.o
                0x00020970                CMU_ClockSelectGet
 .text.CMU_ClockSelectSet
                0x00020b40      0x2d0 ./emlib/em_cmu.o
                0x00020b40                CMU_ClockSelectSet
 .text.CMU_HFRCOBandGet
                0x00020e10       0x18 ./emlib/em_cmu.o
                0x00020e10                CMU_HFRCOBandGet
 .text.CMU_HFXOAutostartEnable
                0x00020e28       0x84 ./emlib/em_cmu.o
                0x00020e28                CMU_HFXOAutostartEnable
 .text.CMU_HFXOInit
                0x00020eac       0xe4 ./emlib/em_cmu.o
                0x00020eac                CMU_HFXOInit
 .text.CMU_LFXOInit
                0x00020f90       0x50 ./emlib/em_cmu.o
                0x00020f90                CMU_LFXOInit
 .text.CMU_OscillatorEnable
                0x00020fe0      0x19c ./emlib/em_cmu.o
                0x00020fe0                CMU_OscillatorEnable
 .text.CMU_OscillatorTuningGet
                0x0002117c       0x74 ./emlib/em_cmu.o
                0x0002117c                CMU_OscillatorTuningGet
 .text.CMU_OscillatorTuningSet
                0x000211f0       0xfc ./emlib/em_cmu.o
                0x000211f0                CMU_OscillatorTuningSet
 .text.CMU_OscillatorTuningWait
                0x000212ec       0x8c ./emlib/em_cmu.o
                0x000212ec                CMU_OscillatorTuningWait
 .text.CMU_OscillatorTuningOptimize
                0x00021378       0x4c ./emlib/em_cmu.o
                0x00021378                CMU_OscillatorTuningOptimize
 .text.BUS_RegBitWrite
                0x000213c4       0x2c ./emlib/em_gpio.o
 .text.BUS_RegMaskedSet
                0x000213f0       0x24 ./emlib/em_gpio.o
 .text.BUS_RegMaskedClear
                0x00021414       0x24 ./emlib/em_gpio.o
 .text.BUS_RegMaskedWrite
                0x00021438       0x24 ./emlib/em_gpio.o
 .text.GPIO_PinOutClear
                0x0002145c       0x58 ./emlib/em_gpio.o
 .text.GPIO_PinOutSet
                0x000214b4       0x58 ./emlib/em_gpio.o
 .text.GPIO_ExtIntConfig
                0x0002150c      0x128 ./emlib/em_gpio.o
                0x0002150c                GPIO_ExtIntConfig
 .text.GPIO_PinModeSet
                0x00021634      0x108 ./emlib/em_gpio.o
                0x00021634                GPIO_PinModeSet
 .text.I2C_Transfer
                0x0002173c      0x454 ./emlib/em_i2c.o
                0x0002173c                I2C_Transfer
 .text.I2C_TransferInit
                0x00021b90       0xe8 ./emlib/em_i2c.o
                0x00021b90                I2C_TransferInit
 .text.LETIMER_CompareSet
                0x00021c78       0x58 ./emlib/em_letimer.o
                0x00021c78                LETIMER_CompareSet
 .text.LETIMER_Init
                0x00021cd0       0xcc ./emlib/em_letimer.o
                0x00021cd0                LETIMER_Init
 .text.RTCC_Init
                0x00021d9c       0x60 ./emlib/em_rtcc.o
                0x00021d9c                RTCC_Init
 .text.USART_BaudrateSyncSet
                0x00021dfc       0x40 ./emlib/em_usart.o
                0x00021dfc                USART_BaudrateSyncSet
 .text.USART_Enable
                0x00021e3c       0x58 ./emlib/em_usart.o
                0x00021e3c                USART_Enable
 .text.USART_InitSync
                0x00021e94       0xf8 ./emlib/em_usart.o
                0x00021e94                USART_InitSync
 .text.USART_Reset
                0x00021f8c       0xb0 ./emlib/em_usart.o
                0x00021f8c                USART_Reset
 .text.USART_SpiTransfer
                0x0002203c       0x40 ./emlib/em_usart.o
                0x0002203c                USART_SpiTransfer
 .text.BUS_RegMaskedSet
                0x0002207c       0x24 ./hardware/kit/common/bsp/bsp_stk_leds.o
 .text.BUS_RegMaskedClear
                0x000220a0       0x24 ./hardware/kit/common/bsp/bsp_stk_leds.o
 .text.GPIO_PinOutClear
                0x000220c4       0x58 ./hardware/kit/common/bsp/bsp_stk_leds.o
 .text.GPIO_PinOutSet
                0x0002211c       0x58 ./hardware/kit/common/bsp/bsp_stk_leds.o
 .text.BSP_LedClear
                0x00022174       0x44 ./hardware/kit/common/bsp/bsp_stk_leds.o
                0x00022174                BSP_LedClear
 .text.BSP_LedSet
                0x000221b8       0x44 ./hardware/kit/common/bsp/bsp_stk_leds.o
                0x000221b8                BSP_LedSet
 .text.I2CSPM_Transfer
                0x000221fc       0x40 ./hardware/kit/common/drivers/i2cspm.o
                0x000221fc                I2CSPM_Transfer
 .text.BUS_RegMaskedSet
                0x0002223c       0x24 ./hardware/kit/common/drivers/mx25flash_spi.o
 .text.BUS_RegMaskedClear
                0x00022260       0x24 ./hardware/kit/common/drivers/mx25flash_spi.o
 .text.GPIO_PinOutClear
                0x00022284       0x58 ./hardware/kit/common/drivers/mx25flash_spi.o
 .text.GPIO_PinOutSet
                0x000222dc       0x58 ./hardware/kit/common/drivers/mx25flash_spi.o
 .text.MX25_init
                0x00022334       0x98 ./hardware/kit/common/drivers/mx25flash_spi.o
                0x00022334                MX25_init
 .text.Wait_Flash_WarmUp
                0x000223cc       0x24 ./hardware/kit/common/drivers/mx25flash_spi.o
                0x000223cc                Wait_Flash_WarmUp
 .text.Initial_Spi
                0x000223f0        0xc ./hardware/kit/common/drivers/mx25flash_spi.o
                0x000223f0                Initial_Spi
 .text.CS_Low   0x000223fc       0x10 ./hardware/kit/common/drivers/mx25flash_spi.o
                0x000223fc                CS_Low
 .text.CS_High  0x0002240c       0x10 ./hardware/kit/common/drivers/mx25flash_spi.o
                0x0002240c                CS_High
 .text.InsertDummyCycle
                0x0002241c       0x38 ./hardware/kit/common/drivers/mx25flash_spi.o
                0x0002241c                InsertDummyCycle
 .text.SendByte
                0x00022454       0x3c ./hardware/kit/common/drivers/mx25flash_spi.o
                0x00022454                SendByte
 .text.MX25_DP  0x00022490       0x34 ./hardware/kit/common/drivers/mx25flash_spi.o
                0x00022490                MX25_DP
 .text.Si7013_Detect
                0x000224c4       0x64 ./hardware/kit/common/drivers/si7013.o
                0x000224c4                Si7013_Detect
 .text.Reset_Handler
                0x00022528       0x38 ./platform/Device/SiliconLabs/EFR32BG13P/Source/GCC/startup_efr32bg13p.o
                0x00022528                Reset_Handler
 .text.Default_Handler
                0x00022560        0x8 ./platform/Device/SiliconLabs/EFR32BG13P/Source/GCC/startup_efr32bg13p.o
                0x00022560                DebugMon_Handler
                0x00022560                USART0_TX_IRQHandler
                0x00022560                PRORTC_IRQHandler
                0x00022560                I2C0_IRQHandler
                0x00022560                HardFault_Handler
                0x00022560                SysTick_Handler
                0x00022560                USART1_RX_IRQHandler
                0x00022560                PendSV_Handler
                0x00022560                NMI_Handler
                0x00022560                SYNTH_IRQHandler
                0x00022560                I2C1_IRQHandler
                0x00022560                WTIMER0_IRQHandler
                0x00022560                CRYPTO0_IRQHandler
                0x00022560                WDOG0_IRQHandler
                0x00022560                USART1_TX_IRQHandler
                0x00022560                SMU_IRQHandler
                0x00022560                MSC_IRQHandler
                0x00022560                ADC0_IRQHandler
                0x00022560                UsageFault_Handler
                0x00022560                WDOG1_IRQHandler
                0x00022560                LEUART0_IRQHandler
                0x00022560                FPUEH_IRQHandler
                0x00022560                GPIO_EVEN_IRQHandler
                0x00022560                VDAC0_IRQHandler
                0x00022560                CSEN_IRQHandler
                0x00022560                CRYPTO1_IRQHandler
                0x00022560                TIMER0_IRQHandler
                0x00022560                TIMER1_IRQHandler
                0x00022560                TRNG0_IRQHandler
                0x00022560                RFSENSE_IRQHandler
                0x00022560                BUFC_IRQHandler
                0x00022560                MODEM_IRQHandler
                0x00022560                USART2_RX_IRQHandler
                0x00022560                Default_Handler
                0x00022560                RAC_SEQ_IRQHandler
                0x00022560                FRC_PRI_IRQHandler
                0x00022560                FRC_IRQHandler
                0x00022560                CRYOTIMER_IRQHandler
                0x00022560                PCNT0_IRQHandler
                0x00022560                AGC_IRQHandler
                0x00022560                ACMP0_IRQHandler
                0x00022560                USART0_RX_IRQHandler
                0x00022560                MemManage_Handler
                0x00022560                SVC_Handler
                0x00022560                RTCC_IRQHandler
                0x00022560                CMU_IRQHandler
                0x00022560                RAC_RSM_IRQHandler
                0x00022560                LESENSE_IRQHandler
                0x00022560                PROTIMER_IRQHandler
                0x00022560                BusFault_Handler
                0x00022560                USART2_TX_IRQHandler
                0x00022560                IDAC0_IRQHandler
 .text.LDMA_IRQHandler
                0x00022568       0xe0 ./platform/emdrv/dmadrv/src/dmadrv.o
                0x00022568                LDMA_IRQHandler
 .text.DMD_setClippingArea
                0x00022648       0x8c ./platform/middleware/glib/dmd/display/dmd_display.o
                0x00022648                DMD_setClippingArea
 .text.DMD_writeColor
                0x000226d4      0x2b4 ./platform/middleware/glib/dmd/display/dmd_display.o
                0x000226d4                DMD_writeColor
 .text.DMD_updateDisplay
                0x00022988      0x114 ./platform/middleware/glib/dmd/display/dmd_display.o
                0x00022988                DMD_updateDisplay
 .text.GLIB_colorTranslate24bppInl
                0x00022a9c       0x34 ./platform/middleware/glib/glib/glib.o
 .text.GLIB_clear
                0x00022ad0       0x70 ./platform/middleware/glib/glib/glib.o
                0x00022ad0                GLIB_clear
 .text.GLIB_resetDisplayClippingArea
                0x00022b40       0x30 ./platform/middleware/glib/glib/glib.o
                0x00022b40                GLIB_resetDisplayClippingArea
 .text.GLIB_colorTranslate24bpp
                0x00022b70       0x20 ./platform/middleware/glib/glib/glib.o
                0x00022b70                GLIB_colorTranslate24bpp
 .text.GLIB_drawPixel
                0x00022b90       0x6c ./platform/middleware/glib/glib/glib.o
                0x00022b90                GLIB_drawPixel
 .text.GLIB_drawPixelColor
                0x00022bfc       0x6c ./platform/middleware/glib/glib/glib.o
                0x00022bfc                GLIB_drawPixelColor
 .text.GLIB_rectContainsPoint
                0x00022c68       0x4c ./platform/middleware/glib/glib/glib_rectangle.o
                0x00022c68                GLIB_rectContainsPoint
 .text.GLIB_drawChar
                0x00022cb4      0x1d4 ./platform/middleware/glib/glib/glib_string.o
                0x00022cb4                GLIB_drawChar
 .text.GLIB_drawString
                0x00022e88       0xd0 ./platform/middleware/glib/glib/glib_string.o
                0x00022e88                GLIB_drawString
 .text.CHIP_Init
                0x00022f58       0x50 ./src/InitDevice.o
 .text.enter_DefaultMode_from_RESET
                0x00022fa8       0x30 ./src/InitDevice.o
                0x00022fa8                enter_DefaultMode_from_RESET
 .text.EMU_enter_DefaultMode_from_RESET
                0x00022fd8       0xb4 ./src/InitDevice.o
                0x00022fd8                EMU_enter_DefaultMode_from_RESET
 .text.LFXO_enter_DefaultMode_from_RESET
                0x0002308c        0xc ./src/InitDevice.o
                0x0002308c                LFXO_enter_DefaultMode_from_RESET
 .text.CMU_enter_DefaultMode_from_RESET
                0x00023098      0x138 ./src/InitDevice.o
                0x00023098                CMU_enter_DefaultMode_from_RESET
 .text.RTCC_enter_DefaultMode_from_RESET
                0x000231d0       0x4c ./src/InitDevice.o
                0x000231d0                RTCC_enter_DefaultMode_from_RESET
 .text.GPCRC_enter_DefaultMode_from_RESET
                0x0002321c        0xc ./src/InitDevice.o
                0x0002321c                GPCRC_enter_DefaultMode_from_RESET
 .text.LDMA_enter_DefaultMode_from_RESET
                0x00023228        0xc ./src/InitDevice.o
                0x00023228                LDMA_enter_DefaultMode_from_RESET
 .text.PRS_enter_DefaultMode_from_RESET
                0x00023234       0x20 ./src/InitDevice.o
                0x00023234                PRS_enter_DefaultMode_from_RESET
 .text.CRYPTO0_enter_DefaultMode_from_RESET
                0x00023254        0xc ./src/InitDevice.o
                0x00023254                CRYPTO0_enter_DefaultMode_from_RESET
 .text.PORTIO_enter_DefaultMode_from_RESET
                0x00023260        0xc ./src/InitDevice.o
                0x00023260                PORTIO_enter_DefaultMode_from_RESET
 .text.BMA280_RegisterRead
                0x0002326c       0x64 ./src/bma280.o
                0x0002326c                BMA280_RegisterRead
 .text.BMA280_RegisterWrite
                0x000232d0       0x58 ./src/bma280.o
                0x000232d0                BMA280_RegisterWrite
 .text.BMA280_Enable
                0x00023328       0x64 ./src/bma280.o
                0x00023328                BMA280_Enable
 .text.cmu_init
                0x0002338c       0xd0 ./src/cmu.o
                0x0002338c                cmu_init
 .text.NVIC_EnableIRQ
                0x0002345c       0x2c ./src/gpio.o
 .text.BUS_RegMaskedSet
                0x00023488       0x24 ./src/gpio.o
 .text.GPIO_IntClear
                0x000234ac       0x20 ./src/gpio.o
 .text.GPIO_IntEnable
                0x000234cc       0x28 ./src/gpio.o
 .text.GPIO_IntGet
                0x000234f4       0x18 ./src/gpio.o
 .text.GPIO_PinOutSet
                0x0002350c       0x58 ./src/gpio.o
 .text.GPIO_PinOutToggle
                0x00023564       0x58 ./src/gpio.o
 .text.GPIO_IntConfig
                0x000235bc       0x34 ./src/gpio.o
 .text.gpio_init
                0x000235f0       0x38 ./src/gpio.o
                0x000235f0                gpio_init
 .text.gpio_interrupt_int
                0x00023628       0x40 ./src/gpio.o
                0x00023628                gpio_interrupt_int
 .text.GPIO_ODD_IRQHandler
                0x00023668      0x264 ./src/gpio.o
                0x00023668                GPIO_ODD_IRQHandler
 .text.NVIC_EnableIRQ
                0x000238cc       0x2c ./src/letimer0.o
 .text.LETIMER_IntClear
                0x000238f8       0x1c ./src/letimer0.o
 .text.LETIMER_IntEnable
                0x00023914       0x20 ./src/letimer0.o
 .text.LETIMER_IntGet
                0x00023934       0x18 ./src/letimer0.o
 .text.LETIMER0_IRQHandler
                0x0002394c       0x3c ./src/letimer0.o
                0x0002394c                LETIMER0_IRQHandler
 .text.LETIMER0_call
                0x00023988       0x94 ./src/letimer0.o
                0x00023988                LETIMER0_call
 .text.spi_init
                0x00023a1c       0x98 ./src/spi.o
                0x00023a1c                spi_init
 .text          0x00023ab4       0x18 C:\Users\Satyanarayana\SimplicityStudio\v4_workspace\soc-smartPhone_NoBuff\protocol\bluetooth_2.6\lib\EFR32BG13P\GCC\bgapi.a(gecko_bgapi_hardware.c.obj)
                0x00023ab4                gecko_bgapi_class_hardware_init
 .text          0x00023acc       0x18 C:\Users\Satyanarayana\SimplicityStudio\v4_workspace\soc-smartPhone_NoBuff\protocol\bluetooth_2.6\lib\EFR32BG13P\GCC\bgapi.a(gecko_bgapi_test.c.obj)
                0x00023acc                gecko_bgapi_class_test_init
 .text          0x00023ae4       0x18 C:\Users\Satyanarayana\SimplicityStudio\v4_workspace\soc-smartPhone_NoBuff\protocol\bluetooth_2.6\lib\EFR32BG13P\GCC\bgapi.a(gecko_bgapi_dfu.c.obj)
                0x00023ae4                gecko_bgapi_class_dfu_init
 .text          0x00023afc       0x18 C:\Users\Satyanarayana\SimplicityStudio\v4_workspace\soc-smartPhone_NoBuff\protocol\bluetooth_2.6\lib\EFR32BG13P\GCC\bgapi.a(gecko_bgapi_gap.c.obj)
                0x00023afc                gecko_bgapi_class_le_gap_init
 .text          0x00023b14       0x18 C:\Users\Satyanarayana\SimplicityStudio\v4_workspace\soc-smartPhone_NoBuff\protocol\bluetooth_2.6\lib\EFR32BG13P\GCC\bgapi.a(gecko_bgapi_gatt.c.obj)
                0x00023b14                gecko_bgapi_class_gatt_init
 .text          0x00023b2c       0x18 C:\Users\Satyanarayana\SimplicityStudio\v4_workspace\soc-smartPhone_NoBuff\protocol\bluetooth_2.6\lib\EFR32BG13P\GCC\bgapi.a(gecko_bgapi_gatt_server.c.obj)
                0x00023b2c                gecko_bgapi_class_gatt_server_init
 .text          0x00023b44       0x18 C:\Users\Satyanarayana\SimplicityStudio\v4_workspace\soc-smartPhone_NoBuff\protocol\bluetooth_2.6\lib\EFR32BG13P\GCC\bgapi.a(gecko_bgapi_flash.c.obj)
                0x00023b44                gecko_bgapi_class_flash_init
 .text          0x00023b5c       0x18 C:\Users\Satyanarayana\SimplicityStudio\v4_workspace\soc-smartPhone_NoBuff\protocol\bluetooth_2.6\lib\EFR32BG13P\GCC\bgapi.a(gecko_bgapi_sm.c.obj)
                0x00023b5c                gecko_bgapi_class_sm_init
 .text          0x00023b74       0x18 C:\Users\Satyanarayana\SimplicityStudio\v4_workspace\soc-smartPhone_NoBuff\protocol\bluetooth_2.6\lib\EFR32BG13P\GCC\bgapi.a(gecko_bgapi_system.c.obj)
                0x00023b74                gecko_bgapi_class_system_init
 .text          0x00023b8c       0x18 C:\Users\Satyanarayana\SimplicityStudio\v4_workspace\soc-smartPhone_NoBuff\protocol\bluetooth_2.6\lib\EFR32BG13P\GCC\bgapi.a(gecko_bgapi_endpoint.c.obj)
                0x00023b8c                gecko_bgapi_class_endpoint_init
 .text          0x00023ba4       0x18 C:\Users\Satyanarayana\SimplicityStudio\v4_workspace\soc-smartPhone_NoBuff\protocol\bluetooth_2.6\lib\EFR32BG13P\GCC\bgapi.a(gecko_bgapi_le_connection.c.obj)
                0x00023ba4                gecko_bgapi_class_le_connection_init
 .text          0x00023bbc      0x1b8 C:\Users\Satyanarayana\SimplicityStudio\v4_workspace\soc-smartPhone_NoBuff\protocol\bluetooth_2.6\lib\EFR32BG13P\GCC\bgapi.a(bgapi_hardware.c.obj)
                0x00023bbc                bgapi_hardware_soft_timer_listener
                0x00023c90                lib_hardware_handler_init
                0x00023ca4                gecko_cmd_hardware_set_soft_timer
                0x00023cd8                gecko_cmd_hardware_set_lazy_soft_timer
                0x00023d0c                gecko_cmd_hardware_get_time
                0x00023d40                gecko_cmd_hardware_enable_dcdc
 .text          0x00023d74      0x3e0 C:\Users\Satyanarayana\SimplicityStudio\v4_workspace\soc-smartPhone_NoBuff\protocol\bluetooth_2.6\lib\EFR32BG13P\GCC\bgapi.a(bgapi_test_lib.c.obj)
                0x00023d74                bgapi_test_lib_msg_handler
                0x00023dcc                lib_test_handler_init
                0x00023dec                disable_interrupts
                0x00023e10                gecko_cmd_test_dtm_tx
                0x00023f28                gecko_cmd_test_dtm_rx
                0x00023f74                gecko_cmd_test_dtm_end
                0x00024008                gecko_cmd_test_debug_command
                0x000240d8                gecko_cmd_test_debug_counter
 .text          0x00024154       0x8c C:\Users\Satyanarayana\SimplicityStudio\v4_workspace\soc-smartPhone_NoBuff\protocol\bluetooth_2.6\lib\EFR32BG13P\GCC\bgapi.a(bgapi_dfu.c.obj)
                0x00024154                lib_dfu_handler_init
                0x00024156                gecko_cmd_dfu_reset
                0x0002415c                gecko_cmd_dfu_flash_set_address
                0x00024188                gecko_cmd_dfu_flash_upload
                0x000241b4                gecko_cmd_dfu_flash_upload_finish
 .text          0x000241e0      0x368 C:\Users\Satyanarayana\SimplicityStudio\v4_workspace\soc-smartPhone_NoBuff\protocol\bluetooth_2.6\lib\EFR32BG13P\GCC\bgapi.a(bgapi_gap.c.obj)
                0x000241e0                lib_le_gap_handler_init
                0x000241e2                gecko_cmd_le_gap_set_mode
                0x00024228                gecko_cmd_le_gap_bt5_set_mode
                0x0002426c                gecko_cmd_le_gap_set_adv_data
                0x000242bc                gecko_cmd_le_gap_bt5_set_adv_data
                0x00024318                gecko_cmd_le_gap_set_adv_timeout
                0x0002436c                gecko_cmd_le_gap_open
                0x000243bc                gecko_cmd_le_gap_discover
                0x000243e8                gecko_cmd_le_gap_end_procedure
                0x00024414                gecko_cmd_le_gap_set_adv_parameters
                0x00024448                gecko_cmd_le_gap_bt5_set_adv_parameters
                0x00024484                gecko_cmd_le_gap_set_scan_parameters
                0x000244b4                gecko_cmd_le_gap_set_conn_parameters
                0x000244ec                gecko_cmd_le_gap_set_phy
                0x00024518                gecko_cmd_le_gap_set_privacy_mode
 .text          0x00024548      0x660 C:\Users\Satyanarayana\SimplicityStudio\v4_workspace\soc-smartPhone_NoBuff\protocol\bluetooth_2.6\lib\EFR32BG13P\GCC\bgapi.a(bgapi_gatt_lib.c.obj)
                0x00024548                lib_gatt_handler_init
                0x0002454c                lib_gatt_server_handler_init
                0x0002454e                gecko_cmd_gatt_set_max_mtu
                0x00024588                gecko_cmd_gatt_discover_primary_services
                0x000245b4                gecko_cmd_gatt_discover_primary_services_by_uuid
                0x000245ec                gecko_cmd_gatt_find_included_services
                0x0002461c                gecko_cmd_gatt_discover_characteristics
                0x0002464c                gecko_cmd_gatt_discover_characteristics_by_uuid
                0x00024688                gecko_cmd_gatt_read_characteristic_value
                0x000246bc                gecko_cmd_gatt_read_characteristic_value_from_offset
                0x000246f4                gecko_cmd_gatt_read_characteristic_value_by_uuid
                0x00024730                gecko_cmd_gatt_read_multiple_characteristic_values
                0x00024760                gecko_cmd_gatt_write_characteristic_value
                0x00024794                gecko_cmd_gatt_write_characteristic_value_without_response
                0x000247d4                gecko_cmd_gatt_prepare_characteristic_value_write
                0x00024820                gecko_cmd_gatt_execute_characteristic_value_write
                0x00024850                gecko_cmd_gatt_set_characteristic_notification
                0x00024884                gecko_cmd_gatt_discover_descriptors
                0x000248b4                gecko_cmd_gatt_read_descriptor_value
                0x000248e4                gecko_cmd_gatt_write_descriptor_value
                0x00024918                gecko_cmd_gatt_server_read_attribute_value
                0x00024960                gecko_cmd_gatt_server_read_attribute_type
                0x000249a4                gecko_cmd_gatt_server_find_attribute
                0x000249e0                gecko_cmd_gatt_server_write_attribute_value
                0x00024a14                gecko_cmd_gatt_server_send_user_read_response
                0x00024a58                gecko_cmd_gatt_server_send_user_write_response
                0x00024a8c                gecko_cmd_gatt_server_send_characteristic_notification
                0x00024ad0                gecko_cmd_gatt_send_characteristic_confirmation
                0x00024afc                gecko_cmd_gatt_server_set_database
                0x00024b2c                gecko_cmd_gatt_server_set_capabilities
                0x00024b5c                gecko_cmd_gatt_prepare_characteristic_value_reliable_write
 .text          0x00024ba8      0x1d0 C:\Users\Satyanarayana\SimplicityStudio\v4_workspace\soc-smartPhone_NoBuff\protocol\bluetooth_2.6\lib\EFR32BG13P\GCC\bgapi.a(bgapi_ps.c.obj)
                0x00024ba8                bgapi_ps_dump_listener
                0x00024be8                lib_flash_handler_init
                0x00024bfc                gecko_cmd_flash_ps_dump
                0x00024c94                gecko_cmd_flash_ps_erase_all
                0x00024cc4                gecko_cmd_flash_ps_save
                0x00024d00                gecko_cmd_flash_ps_load
                0x00024d44                gecko_cmd_flash_ps_erase
 .text          0x00024d78      0x3bc C:\Users\Satyanarayana\SimplicityStudio\v4_workspace\soc-smartPhone_NoBuff\protocol\bluetooth_2.6\lib\EFR32BG13P\GCC\bgapi.a(bgapi_sm.c.obj)
                0x00024e40                lib_sm_handler_init
                0x00024e54                gecko_cmd_sm_list_all_bondings
                0x00024e8c                gecko_cmd_sm_increase_security
                0x00024eb8                gecko_cmd_sm_set_bondable_mode
                0x00024ee4                gecko_cmd_sm_delete_bonding
                0x00024f14                gecko_cmd_sm_delete_bondings
                0x00024f44                gecko_cmd_sm_configure
                0x00024f74                gecko_cmd_sm_enter_passkey
                0x00024fa4                gecko_cmd_sm_set_passkey
                0x00024fd0                gecko_cmd_sm_passkey_confirm
                0x00025000                gecko_cmd_sm_set_oob_data
                0x00025030                gecko_cmd_sm_set_sc_remote_oob_data
                0x00025060                gecko_cmd_sm_use_sc_oob
                0x000250a0                gecko_cmd_sm_store_bonding_configuration
                0x000250d4                gecko_cmd_sm_bonding_confirm
                0x00025104                gecko_cmd_sm_set_debug_mode
 .text          0x00025134      0x208 C:\Users\Satyanarayana\SimplicityStudio\v4_workspace\soc-smartPhone_NoBuff\protocol\bluetooth_2.6\lib\EFR32BG13P\GCC\bgapi.a(bgapi_system.c.obj)
                0x00025134                bgapi_system_listener
                0x00025164                lib_system_handler_init
                0x00025178                gecko_cmd_system_get_bt_address
                0x000251b0                gecko_cmd_system_set_bt_address
                0x000251e4                gecko_cmd_system_set_device_name
                0x00025220                gecko_cmd_system_get_random_data
                0x00025268                gecko_cmd_system_halt
                0x0002529c                gecko_cmd_system_set_tx_power
                0x000252cc                gecko_cmd_system_hello
                0x000252f4                gecko_cmd_system_reset
                0x000252fa                gecko_send_system_awake
                0x0002530c                gecko_cmd_system_linklayer_configure
 .text          0x0002533c       0x40 C:\Users\Satyanarayana\SimplicityStudio\v4_workspace\soc-smartPhone_NoBuff\protocol\bluetooth_2.6\lib\EFR32BG13P\GCC\bgapi.a(bgapi_endpoint.c.obj)
                0x0002533c                lib_endpoint_handler_init
                0x0002533e                gecko_cmd_endpoint_close
 .text          0x0002537c      0x13c C:\Users\Satyanarayana\SimplicityStudio\v4_workspace\soc-smartPhone_NoBuff\protocol\bluetooth_2.6\lib\EFR32BG13P\GCC\bgapi.a(bgapi_le_connection.c.obj)
                0x0002537c                lib_le_connection_handler_init
                0x0002537e                gecko_cmd_le_connection_set_parameters
                0x000253c8                gecko_cmd_le_connection_get_rssi
                0x000253f4                gecko_cmd_le_connection_disable_slave_latency
                0x00025438                gecko_cmd_le_connection_set_phy
                0x00025474                bgapi_close_le_connection
                0x0002548a                gecko_cmd_le_connection_close
 .text          0x000254b8      0xda8 C:\Users\Satyanarayana\SimplicityStudio\v4_workspace\soc-smartPhone_NoBuff\protocol\bluetooth_2.6\lib\EFR32BG13P\GCC\bgapi.a(gatt_client.c.obj)
                0x00025714                gatt_discover_primary_services
                0x00025752                gatt_discover_primary_services_by_uuid
                0x000257a6                gatt_find_included_services
                0x000257f8                gatt_find_included_services_handler
                0x000258a8                gatt_discover_characteristics
                0x000258ca                gatt_discover_characteristics_by_uuid
                0x00025908                gatt_discover_descriptors
                0x00025944                gatt_read_characteristic_value
                0x0002597c                gatt_read_characteristic_value_by_uuid
                0x000259b6                gatt_read_multiple_characteristic_values
                0x000259da                gatt_write_characteristic_value
                0x00025a00                gatt_write_characteristic_value_without_response
                0x00025a1a                gatt_prepare_characteristic_value_write
                0x00025a8c                gatt_execute_characteristic_value_write
                0x00025aae                gatt_set_characteristic_notification
                0x00025aee                gatt_read_descriptor_value
                0x00025b16                gatt_write_descriptor_value
                0x00025b3c                gatt_handle_exchange_mtu_rsp
                0x00025b58                gatt_handle_find_information_response
                0x00025caa                gatt_handle_find_by_type_value_response
                0x00025d4a                gatt_handle_read_response
                0x00025ea2                gatt_handle_read_blob_response
                0x00025ed8                gatt_handle_read_multiple_response
                0x00025f14                gatt_handle_read_by_type_response
                0x0002605c                gatt_handle_read_by_group_type_response
                0x0002610a                gatt_handle_write_response
                0x0002611e                gatt_handle_prepare_write_response
                0x000261d4                gatt_handle_execute_write_response
                0x00026210                gatt_client_handle_value_notification
                0x00026222                gatt_client_handle_value_indication
                0x00026236                gatt_send_characteristic_confirmation
                0x00026254                gatt_client_init
 .text          0x00026260      0x250 C:\Users\Satyanarayana\SimplicityStudio\v4_workspace\soc-smartPhone_NoBuff\protocol\bluetooth_2.6\lib\EFR32BG13P\GCC\bgapi.a(ubt_gatt_client.c.obj)
                0x00026260                ubt_gatt_discover_primary_services
                0x00026276                ubt_gatt_discover_primary_services_by_uuid
                0x000262a2                ubt_gatt_find_included_services
                0x000262bc                ubt_gatt_discover_characteristics
                0x000262d6                ubt_gatt_discover_characteristics_by_uuid
                0x00026306                ubt_gatt_discover_descriptors
                0x00026320                ubt_gatt_read_characteristic_value
                0x00026342                ubt_gatt_read_characteristic_value_by_uuid
                0x00026372                ubt_gatt_read_multiple_characteristic_values
                0x00026390                ubt_gatt_write_characteristic_value
                0x000263b2                ubt_gatt_write_characteristic_value_without_response
                0x000263ec                ubt_gatt_prepare_characteristic_value_write
                0x00026426                ubt_gatt_execute_characteristic_value_write
                0x00026440                ubt_gatt_send_characteristic_confirmation
                0x00026456                ubt_gatt_read_descriptor_value
                0x00026470                ubt_gatt_write_descriptor_value
                0x00026492                ubt_gatt_set_characteristic_notification
 .text          0x000264b0      0x514 C:\Users\Satyanarayana\SimplicityStudio\v4_workspace\soc-smartPhone_NoBuff\protocol\bluetooth_2.6\lib\EFR32BG13P\GCC\bgapi.a(att_client.c.obj)
                0x000264b0                att_send_find_information_request
                0x000264d6                att_send_find_by_type_value_request
                0x00026508                att_send_read_by_type_request
                0x00026534                att_send_read_request
                0x00026554                att_send_read_blob_request
                0x0002657a                att_send_read_multiple_request
                0x000265a6                att_send_read_by_group_type_request
                0x000265d2                att_send_write_request
                0x000265fe                att_send_write_command
                0x0002662a                att_send_signed_write_command
                0x00026664                att_send_prepare_write_request
                0x000266d8                att_send_execute_write_request
                0x000266f6                att_send_handle_value_confirmation
                0x0002670e                validate_gatt_client_pdu_len
                0x000267bc                att_gatt_client_handler
 .text          0x000269c4      0x424 c:/siliconlabs/simplicitystudio/v4/developer/toolchains/gnu_arm/4.9_2015q3/bin/../lib/gcc/arm-none-eabi/4.9.3/armv7e-m/fpu\libgcc.a(_arm_muldivdf3.o)
                0x000269c4                __aeabi_dmul
                0x000269c4                __muldf3
                0x00026c18                __divdf3
                0x00026c18                __aeabi_ddiv
 .text          0x00026de8       0x50 c:/siliconlabs/simplicitystudio/v4/developer/toolchains/gnu_arm/4.9_2015q3/bin/../lib/gcc/arm-none-eabi/4.9.3/armv7e-m/fpu\libgcc.a(_arm_fixdfsi.o)
                0x00026de8                __aeabi_d2iz
                0x00026de8                __fixdfsi
 .text          0x00026e38       0x30 c:/siliconlabs/simplicitystudio/v4/developer/toolchains/gnu_arm/4.9_2015q3/bin/../lib/gcc/arm-none-eabi/4.9.3/armv7e-m/fpu\libgcc.a(_aeabi_uldivmod.o)
                0x00026e38                __aeabi_uldivmod
 .text          0x00026e68       0x60 c:/siliconlabs/simplicitystudio/v4/developer/toolchains/gnu_arm/4.9_2015q3/bin/../lib/gcc/arm-none-eabi/4.9.3/armv7e-m/fpu\libgcc.a(bpabi.o)
                0x00026e68                __gnu_ldivmod_helper
                0x00026e98                __gnu_uldivmod_helper
 .text          0x00026ec8        0x4 c:/siliconlabs/simplicitystudio/v4/developer/toolchains/gnu_arm/4.9_2015q3/bin/../lib/gcc/arm-none-eabi/4.9.3/armv7e-m/fpu\libgcc.a(_dvmd_tls.o)
                0x00026ec8                __aeabi_idiv0
                0x00026ec8                __aeabi_ldiv0
 .text          0x00026ecc      0x29c c:/siliconlabs/simplicitystudio/v4/developer/toolchains/gnu_arm/4.9_2015q3/bin/../lib/gcc/arm-none-eabi/4.9.3/armv7e-m/fpu\libgcc.a(_divdi3.o)
                0x00026ecc                __divdi3
 .text          0x00027168      0x26c c:/siliconlabs/simplicitystudio/v4/developer/toolchains/gnu_arm/4.9_2015q3/bin/../lib/gcc/arm-none-eabi/4.9.3/armv7e-m/fpu\libgcc.a(_udivdi3.o)
                0x00027168                __udivdi3
 .text.exit     0x000273d4       0x20 c:/siliconlabs/simplicitystudio/v4/developer/toolchains/gnu_arm/4.9_2015q3/bin/../lib/gcc/arm-none-eabi/4.9.3/../../../../arm-none-eabi/lib/armv7e-m/fpu\libc.a(lib_a-exit.o)
                0x000273d4                exit
 .text.__libc_init_array
                0x000273f4       0x50 c:/siliconlabs/simplicitystudio/v4/developer/toolchains/gnu_arm/4.9_2015q3/bin/../lib/gcc/arm-none-eabi/4.9.3/../../../../arm-none-eabi/lib/armv7e-m/fpu\libc.a(lib_a-init.o)
                0x000273f4                __libc_init_array
 .text          0x00027444      0x134 c:/siliconlabs/simplicitystudio/v4/developer/toolchains/gnu_arm/4.9_2015q3/bin/../lib/gcc/arm-none-eabi/4.9.3/../../../../arm-none-eabi/lib/armv7e-m/fpu\libc.a(lib_a-memcpy.o)
                0x00027444                memcpy
 .text.memset   0x00027578       0x9c c:/siliconlabs/simplicitystudio/v4/developer/toolchains/gnu_arm/4.9_2015q3/bin/../lib/gcc/arm-none-eabi/4.9.3/../../../../arm-none-eabi/lib/armv7e-m/fpu\libc.a(lib_a-memset.o)
                0x00027578                memset
 .text.snprintf
                0x00027614       0x9c c:/siliconlabs/simplicitystudio/v4/developer/toolchains/gnu_arm/4.9_2015q3/bin/../lib/gcc/arm-none-eabi/4.9.3/../../../../arm-none-eabi/lib/armv7e-m/fpu\libc.a(lib_a-snprintf.o)
                0x00027614                snprintf
 .text.strlen   0x000276b0       0x5c c:/siliconlabs/simplicitystudio/v4/developer/toolchains/gnu_arm/4.9_2015q3/bin/../lib/gcc/arm-none-eabi/4.9.3/../../../../arm-none-eabi/lib/armv7e-m/fpu\libc.a(lib_a-strlen.o)
                0x000276b0                strlen
 *fill*         0x0002770c        0x4 
 .text._svfprintf_r
                0x00027710     0x14cc c:/siliconlabs/simplicitystudio/v4/developer/toolchains/gnu_arm/4.9_2015q3/bin/../lib/gcc/arm-none-eabi/4.9.3/../../../../arm-none-eabi/lib/armv7e-m/fpu\libc.a(lib_a-svfprintf.o)
                0x00027710                _svfprintf_r
 .text.startup.register_fini
                0x00028bdc       0x14 c:/siliconlabs/simplicitystudio/v4/developer/toolchains/gnu_arm/4.9_2015q3/bin/../lib/gcc/arm-none-eabi/4.9.3/../../../../arm-none-eabi/lib/armv7e-m/fpu\libc.a(lib_a-__call_atexit.o)
 .text.__call_exitprocs
                0x00028bf0       0xd4 c:/siliconlabs/simplicitystudio/v4/developer/toolchains/gnu_arm/4.9_2015q3/bin/../lib/gcc/arm-none-eabi/4.9.3/../../../../arm-none-eabi/lib/armv7e-m/fpu\libc.a(lib_a-__call_atexit.o)
                0x00028bf0                __call_exitprocs
 .text.atexit   0x00028cc4        0xc c:/siliconlabs/simplicitystudio/v4/developer/toolchains/gnu_arm/4.9_2015q3/bin/../lib/gcc/arm-none-eabi/4.9.3/../../../../arm-none-eabi/lib/armv7e-m/fpu\libc.a(lib_a-atexit.o)
                0x00028cc4                atexit
 .text.quorem   0x00028cd0      0x12c c:/siliconlabs/simplicitystudio/v4/developer/toolchains/gnu_arm/4.9_2015q3/bin/../lib/gcc/arm-none-eabi/4.9.3/../../../../arm-none-eabi/lib/armv7e-m/fpu\libc.a(lib_a-dtoa.o)
 *fill*         0x00028dfc        0x4 
 .text._dtoa_r  0x00028e00      0xea4 c:/siliconlabs/simplicitystudio/v4/developer/toolchains/gnu_arm/4.9_2015q3/bin/../lib/gcc/arm-none-eabi/4.9.3/../../../../arm-none-eabi/lib/armv7e-m/fpu\libc.a(lib_a-dtoa.o)
                0x00028e00                _dtoa_r
 .text.__libc_fini_array
                0x00029ca4       0x2c c:/siliconlabs/simplicitystudio/v4/developer/toolchains/gnu_arm/4.9_2015q3/bin/../lib/gcc/arm-none-eabi/4.9.3/../../../../arm-none-eabi/lib/armv7e-m/fpu\libc.a(lib_a-fini.o)
                0x00029ca4                __libc_fini_array
 .text._localeconv_r
                0x00029cd0        0x8 c:/siliconlabs/simplicitystudio/v4/developer/toolchains/gnu_arm/4.9_2015q3/bin/../lib/gcc/arm-none-eabi/4.9.3/../../../../arm-none-eabi/lib/armv7e-m/fpu\libc.a(lib_a-locale.o)
                0x00029cd0                _localeconv_r
 .text._malloc_r
                0x00029cd8      0x524 c:/siliconlabs/simplicitystudio/v4/developer/toolchains/gnu_arm/4.9_2015q3/bin/../lib/gcc/arm-none-eabi/4.9.3/../../../../arm-none-eabi/lib/armv7e-m/fpu\libc.a(lib_a-mallocr.o)
                0x00029cd8                _malloc_r
 .text.memchr   0x0002a1fc       0x94 c:/siliconlabs/simplicitystudio/v4/developer/toolchains/gnu_arm/4.9_2015q3/bin/../lib/gcc/arm-none-eabi/4.9.3/../../../../arm-none-eabi/lib/armv7e-m/fpu\libc.a(lib_a-memchr.o)
                0x0002a1fc                memchr
 .text.__malloc_lock
                0x0002a290        0x4 c:/siliconlabs/simplicitystudio/v4/developer/toolchains/gnu_arm/4.9_2015q3/bin/../lib/gcc/arm-none-eabi/4.9.3/../../../../arm-none-eabi/lib/armv7e-m/fpu\libc.a(lib_a-mlock.o)
                0x0002a290                __malloc_lock
 .text.__malloc_unlock
                0x0002a294        0x4 c:/siliconlabs/simplicitystudio/v4/developer/toolchains/gnu_arm/4.9_2015q3/bin/../lib/gcc/arm-none-eabi/4.9.3/../../../../arm-none-eabi/lib/armv7e-m/fpu\libc.a(lib_a-mlock.o)
                0x0002a294                __malloc_unlock
 .text._Balloc  0x0002a298       0x4c c:/siliconlabs/simplicitystudio/v4/developer/toolchains/gnu_arm/4.9_2015q3/bin/../lib/gcc/arm-none-eabi/4.9.3/../../../../arm-none-eabi/lib/armv7e-m/fpu\libc.a(lib_a-mprec.o)
                0x0002a298                _Balloc
 .text._Bfree   0x0002a2e4       0x14 c:/siliconlabs/simplicitystudio/v4/developer/toolchains/gnu_arm/4.9_2015q3/bin/../lib/gcc/arm-none-eabi/4.9.3/../../../../arm-none-eabi/lib/armv7e-m/fpu\libc.a(lib_a-mprec.o)
                0x0002a2e4                _Bfree
 .text.__multadd
                0x0002a2f8       0x84 c:/siliconlabs/simplicitystudio/v4/developer/toolchains/gnu_arm/4.9_2015q3/bin/../lib/gcc/arm-none-eabi/4.9.3/../../../../arm-none-eabi/lib/armv7e-m/fpu\libc.a(lib_a-mprec.o)
                0x0002a2f8                __multadd
 .text.__hi0bits
                0x0002a37c       0x40 c:/siliconlabs/simplicitystudio/v4/developer/toolchains/gnu_arm/4.9_2015q3/bin/../lib/gcc/arm-none-eabi/4.9.3/../../../../arm-none-eabi/lib/armv7e-m/fpu\libc.a(lib_a-mprec.o)
                0x0002a37c                __hi0bits
 .text.__lo0bits
                0x0002a3bc       0x5c c:/siliconlabs/simplicitystudio/v4/developer/toolchains/gnu_arm/4.9_2015q3/bin/../lib/gcc/arm-none-eabi/4.9.3/../../../../arm-none-eabi/lib/armv7e-m/fpu\libc.a(lib_a-mprec.o)
                0x0002a3bc                __lo0bits
 .text.__i2b    0x0002a418       0x14 c:/siliconlabs/simplicitystudio/v4/developer/toolchains/gnu_arm/4.9_2015q3/bin/../lib/gcc/arm-none-eabi/4.9.3/../../../../arm-none-eabi/lib/armv7e-m/fpu\libc.a(lib_a-mprec.o)
                0x0002a418                __i2b
 .text.__multiply
                0x0002a42c      0x134 c:/siliconlabs/simplicitystudio/v4/developer/toolchains/gnu_arm/4.9_2015q3/bin/../lib/gcc/arm-none-eabi/4.9.3/../../../../arm-none-eabi/lib/armv7e-m/fpu\libc.a(lib_a-mprec.o)
                0x0002a42c                __multiply
 .text.__pow5mult
                0x0002a560       0xa0 c:/siliconlabs/simplicitystudio/v4/developer/toolchains/gnu_arm/4.9_2015q3/bin/../lib/gcc/arm-none-eabi/4.9.3/../../../../arm-none-eabi/lib/armv7e-m/fpu\libc.a(lib_a-mprec.o)
                0x0002a560                __pow5mult
 .text.__lshift
                0x0002a600       0xac c:/siliconlabs/simplicitystudio/v4/developer/toolchains/gnu_arm/4.9_2015q3/bin/../lib/gcc/arm-none-eabi/4.9.3/../../../../arm-none-eabi/lib/armv7e-m/fpu\libc.a(lib_a-mprec.o)
                0x0002a600                __lshift
 .text.__mcmp   0x0002a6ac       0x48 c:/siliconlabs/simplicitystudio/v4/developer/toolchains/gnu_arm/4.9_2015q3/bin/../lib/gcc/arm-none-eabi/4.9.3/../../../../arm-none-eabi/lib/armv7e-m/fpu\libc.a(lib_a-mprec.o)
                0x0002a6ac                __mcmp
 .text.__mdiff  0x0002a6f4       0xd4 c:/siliconlabs/simplicitystudio/v4/developer/toolchains/gnu_arm/4.9_2015q3/bin/../lib/gcc/arm-none-eabi/4.9.3/../../../../arm-none-eabi/lib/armv7e-m/fpu\libc.a(lib_a-mprec.o)
                0x0002a6f4                __mdiff
 .text.__d2b    0x0002a7c8       0xbc c:/siliconlabs/simplicitystudio/v4/developer/toolchains/gnu_arm/4.9_2015q3/bin/../lib/gcc/arm-none-eabi/4.9.3/../../../../arm-none-eabi/lib/armv7e-m/fpu\libc.a(lib_a-mprec.o)
                0x0002a7c8                __d2b
 .text.__fpclassifyd
                0x0002a884       0x5c c:/siliconlabs/simplicitystudio/v4/developer/toolchains/gnu_arm/4.9_2015q3/bin/../lib/gcc/arm-none-eabi/4.9.3/../../../../arm-none-eabi/lib/armv7e-m/fpu\libc.a(lib_a-s_fpclassify.o)
                0x0002a884                __fpclassifyd
 .text._sbrk_r  0x0002a8e0       0x24 c:/siliconlabs/simplicitystudio/v4/developer/toolchains/gnu_arm/4.9_2015q3/bin/../lib/gcc/arm-none-eabi/4.9.3/../../../../arm-none-eabi/lib/armv7e-m/fpu\libc.a(lib_a-sbrkr.o)
                0x0002a8e0                _sbrk_r
 .text.__ssprint_r
                0x0002a904      0x104 c:/siliconlabs/simplicitystudio/v4/developer/toolchains/gnu_arm/4.9_2015q3/bin/../lib/gcc/arm-none-eabi/4.9.3/../../../../arm-none-eabi/lib/armv7e-m/fpu\libc.a(lib_a-svfiprintf.o)
                0x0002a904                __ssprint_r
 .text.__register_exitproc
                0x0002aa08       0xa4 c:/siliconlabs/simplicitystudio/v4/developer/toolchains/gnu_arm/4.9_2015q3/bin/../lib/gcc/arm-none-eabi/4.9.3/../../../../arm-none-eabi/lib/armv7e-m/fpu\libc.a(lib_a-__atexit.o)
                0x0002aa08                __register_exitproc
 .text._calloc_r
                0x0002aaac       0x60 c:/siliconlabs/simplicitystudio/v4/developer/toolchains/gnu_arm/4.9_2015q3/bin/../lib/gcc/arm-none-eabi/4.9.3/../../../../arm-none-eabi/lib/armv7e-m/fpu\libc.a(lib_a-callocr.o)
                0x0002aaac                _calloc_r
 .text._malloc_trim_r
                0x0002ab0c       0x9c c:/siliconlabs/simplicitystudio/v4/developer/toolchains/gnu_arm/4.9_2015q3/bin/../lib/gcc/arm-none-eabi/4.9.3/../../../../arm-none-eabi/lib/armv7e-m/fpu\libc.a(lib_a-freer.o)
                0x0002ab0c                _malloc_trim_r
 .text._free_r  0x0002aba8      0x1b0 c:/siliconlabs/simplicitystudio/v4/developer/toolchains/gnu_arm/4.9_2015q3/bin/../lib/gcc/arm-none-eabi/4.9.3/../../../../arm-none-eabi/lib/armv7e-m/fpu\libc.a(lib_a-freer.o)
                0x0002aba8                _free_r
 .text.memmove  0x0002ad58       0xc8 c:/siliconlabs/simplicitystudio/v4/developer/toolchains/gnu_arm/4.9_2015q3/bin/../lib/gcc/arm-none-eabi/4.9.3/../../../../arm-none-eabi/lib/armv7e-m/fpu\libc.a(lib_a-memmove.o)
                0x0002ad58                memmove
 .text._realloc_r
                0x0002ae20      0x3ec c:/siliconlabs/simplicitystudio/v4/developer/toolchains/gnu_arm/4.9_2015q3/bin/../lib/gcc/arm-none-eabi/4.9.3/../../../../arm-none-eabi/lib/armv7e-m/fpu\libc.a(lib_a-reallocr.o)
                0x0002ae20                _realloc_r
 .text._sbrk    0x0002b20c       0x1c c:/siliconlabs/simplicitystudio/v4/developer/toolchains/gnu_arm/4.9_2015q3/bin/../lib/gcc/arm-none-eabi/4.9.3/../../../../arm-none-eabi/lib/armv7e-m/fpu\libnosys.a(sbrk.o)
                0x0002b20c                _sbrk
 .text._exit    0x0002b228        0x4 c:/siliconlabs/simplicitystudio/v4/developer/toolchains/gnu_arm/4.9_2015q3/bin/../lib/gcc/arm-none-eabi/4.9.3/../../../../arm-none-eabi/lib/armv7e-m/fpu\libnosys.a(_exit.o)
                0x0002b228                _exit
 .text          0x0002b22c      0x370 c:/siliconlabs/simplicitystudio/v4/developer/toolchains/gnu_arm/4.9_2015q3/bin/../lib/gcc/arm-none-eabi/4.9.3/armv7e-m/fpu\libgcc.a(_arm_addsubdf3.o)
                0x0002b22c                __aeabi_drsub
                0x0002b234                __aeabi_dsub
                0x0002b234                __subdf3
                0x0002b238                __aeabi_dadd
                0x0002b238                __adddf3
                0x0002b4b0                __floatunsidf
                0x0002b4b0                __aeabi_ui2d
                0x0002b4d0                __floatsidf
                0x0002b4d0                __aeabi_i2d
                0x0002b4f4                __aeabi_f2d
                0x0002b4f4                __extendsfdf2
                0x0002b530                __floatundidf
                0x0002b530                __aeabi_ul2d
                0x0002b540                __floatdidf
                0x0002b540                __aeabi_l2d
 .text          0x0002b59c      0x110 c:/siliconlabs/simplicitystudio/v4/developer/toolchains/gnu_arm/4.9_2015q3/bin/../lib/gcc/arm-none-eabi/4.9.3/armv7e-m/fpu\libgcc.a(_arm_cmpdf2.o)
                0x0002b59c                __gtdf2
                0x0002b59c                __gedf2
                0x0002b5a4                __ltdf2
                0x0002b5a4                __ledf2
                0x0002b5ac                __nedf2
                0x0002b5ac                __eqdf2
                0x0002b5ac                __cmpdf2
                0x0002b628                __aeabi_cdrcmple
                0x0002b638                __aeabi_cdcmpeq
                0x0002b638                __aeabi_cdcmple
                0x0002b648                __aeabi_dcmpeq
                0x0002b65c                __aeabi_dcmplt
                0x0002b670                __aeabi_dcmple
                0x0002b684                __aeabi_dcmpge
                0x0002b698                __aeabi_dcmpgt
 *(.init)
 .init          0x0002b6ac        0x4 c:/siliconlabs/simplicitystudio/v4/developer/toolchains/gnu_arm/4.9_2015q3/bin/../lib/gcc/arm-none-eabi/4.9.3/armv7e-m/fpu/crti.o
                0x0002b6ac                _init
 .init          0x0002b6b0        0x8 c:/siliconlabs/simplicitystudio/v4/developer/toolchains/gnu_arm/4.9_2015q3/bin/../lib/gcc/arm-none-eabi/4.9.3/armv7e-m/fpu/crtn.o
 *(.fini)
 .fini          0x0002b6b8        0x4 c:/siliconlabs/simplicitystudio/v4/developer/toolchains/gnu_arm/4.9_2015q3/bin/../lib/gcc/arm-none-eabi/4.9.3/armv7e-m/fpu/crti.o
                0x0002b6b8                _fini
 .fini          0x0002b6bc        0x8 c:/siliconlabs/simplicitystudio/v4/developer/toolchains/gnu_arm/4.9_2015q3/bin/../lib/gcc/arm-none-eabi/4.9.3/armv7e-m/fpu/crtn.o
 *crtbegin.o(.ctors)
 *crtbegin?.o(.ctors)
 *(EXCLUDE_FILE(*crtend.o *crtend?.o) .ctors)
 *(SORT(.ctors.*))
 *(.ctors)
 *crtbegin.o(.dtors)
 *crtbegin?.o(.dtors)
 *(EXCLUDE_FILE(*crtend.o *crtend?.o) .dtors)
 *(SORT(.dtors.*))
 *(.dtors)
 *(.rodata*)
 .rodata        0x0002b6c4       0x1f ./advertisement.o
 *fill*         0x0002b6e3        0x1 
 .rodata        0x0002b6e4        0x7 ./app.o
 *fill*         0x0002b6eb        0x1 
 .rodata        0x0002b6ec       0x20 ./app_hw.o
 .rodata        0x0002b70c       0x17 ./beacon.o
 *fill*         0x0002b723        0x1 
 .rodata        0x0002b724       0x26 ./htm.o
 *fill*         0x0002b74a        0x2 
 .rodata        0x0002b74c       0x45 ./ia.o
 *fill*         0x0002b791        0x3 
 .rodata        0x0002b794        0x4 ./main.o
 .rodata.config
                0x0002b798       0x38 ./main.o
 .rodata.flashWsTable
                0x0002b7d0       0x28 ./emlib/em_cmu.o
 .rodata.ledArray
                0x0002b7f8       0x10 ./hardware/kit/common/bsp/bsp_stk_leds.o
 .rodata        0x0002b808       0x24 ./hardware/kit/common/drivers/mx25flash_spi.o
 .rodata        0x0002b82c       0x50 ./src/InitDevice.o
 .rodata        0x0002b87c       0x28 C:\Users\Satyanarayana\SimplicityStudio\v4_workspace\soc-smartPhone_NoBuff\protocol\bluetooth_2.6\lib\EFR32BG13P\GCC\bgapi.a(gecko_bgapi_hardware.c.obj)
 .rodata        0x0002b8a4       0x30 C:\Users\Satyanarayana\SimplicityStudio\v4_workspace\soc-smartPhone_NoBuff\protocol\bluetooth_2.6\lib\EFR32BG13P\GCC\bgapi.a(gecko_bgapi_test.c.obj)
 .rodata        0x0002b8d4       0x28 C:\Users\Satyanarayana\SimplicityStudio\v4_workspace\soc-smartPhone_NoBuff\protocol\bluetooth_2.6\lib\EFR32BG13P\GCC\bgapi.a(gecko_bgapi_dfu.c.obj)
 .rodata        0x0002b8fc       0x78 C:\Users\Satyanarayana\SimplicityStudio\v4_workspace\soc-smartPhone_NoBuff\protocol\bluetooth_2.6\lib\EFR32BG13P\GCC\bgapi.a(gecko_bgapi_gap.c.obj)
 .rodata        0x0002b974       0xa8 C:\Users\Satyanarayana\SimplicityStudio\v4_workspace\soc-smartPhone_NoBuff\protocol\bluetooth_2.6\lib\EFR32BG13P\GCC\bgapi.a(gecko_bgapi_gatt.c.obj)
 .rodata        0x0002ba1c       0x50 C:\Users\Satyanarayana\SimplicityStudio\v4_workspace\soc-smartPhone_NoBuff\protocol\bluetooth_2.6\lib\EFR32BG13P\GCC\bgapi.a(gecko_bgapi_gatt_server.c.obj)
 .rodata        0x0002ba6c       0x30 C:\Users\Satyanarayana\SimplicityStudio\v4_workspace\soc-smartPhone_NoBuff\protocol\bluetooth_2.6\lib\EFR32BG13P\GCC\bgapi.a(gecko_bgapi_flash.c.obj)
 .rodata        0x0002ba9c       0x80 C:\Users\Satyanarayana\SimplicityStudio\v4_workspace\soc-smartPhone_NoBuff\protocol\bluetooth_2.6\lib\EFR32BG13P\GCC\bgapi.a(gecko_bgapi_sm.c.obj)
 .rodata        0x0002bb1c       0x50 C:\Users\Satyanarayana\SimplicityStudio\v4_workspace\soc-smartPhone_NoBuff\protocol\bluetooth_2.6\lib\EFR32BG13P\GCC\bgapi.a(gecko_bgapi_system.c.obj)
 .rodata        0x0002bb6c       0x10 C:\Users\Satyanarayana\SimplicityStudio\v4_workspace\soc-smartPhone_NoBuff\protocol\bluetooth_2.6\lib\EFR32BG13P\GCC\bgapi.a(gecko_bgapi_endpoint.c.obj)
 .rodata        0x0002bb7c       0x30 C:\Users\Satyanarayana\SimplicityStudio\v4_workspace\soc-smartPhone_NoBuff\protocol\bluetooth_2.6\lib\EFR32BG13P\GCC\bgapi.a(gecko_bgapi_le_connection.c.obj)
 .rodata        0x0002bbac       0x18 C:\Users\Satyanarayana\SimplicityStudio\v4_workspace\soc-smartPhone_NoBuff\protocol\bluetooth_2.6\lib\EFR32BG13P\GCC\bgapi.a(bgapi_sm.c.obj)
 .rodata        0x0002bbc4        0x4 C:\Users\Satyanarayana\SimplicityStudio\v4_workspace\soc-smartPhone_NoBuff\protocol\bluetooth_2.6\lib\EFR32BG13P\GCC\bgapi.a(gatt_client.c.obj)
 .rodata.str1.4
                0x0002bbc8        0x2 c:/siliconlabs/simplicitystudio/v4/developer/toolchains/gnu_arm/4.9_2015q3/bin/../lib/gcc/arm-none-eabi/4.9.3/../../../../arm-none-eabi/lib/armv7e-m/fpu\libc.a(lib_a-impure.o)
 *fill*         0x0002bbca        0x2 
 .rodata._global_impure_ptr
                0x0002bbcc        0x4 c:/siliconlabs/simplicitystudio/v4/developer/toolchains/gnu_arm/4.9_2015q3/bin/../lib/gcc/arm-none-eabi/4.9.3/../../../../arm-none-eabi/lib/armv7e-m/fpu\libc.a(lib_a-impure.o)
                0x0002bbcc                _global_impure_ptr
 .rodata.zeroes.6911
                0x0002bbd0       0x10 c:/siliconlabs/simplicitystudio/v4/developer/toolchains/gnu_arm/4.9_2015q3/bin/../lib/gcc/arm-none-eabi/4.9.3/../../../../arm-none-eabi/lib/armv7e-m/fpu\libc.a(lib_a-svfprintf.o)
 .rodata.blanks.6910
                0x0002bbe0       0x10 c:/siliconlabs/simplicitystudio/v4/developer/toolchains/gnu_arm/4.9_2015q3/bin/../lib/gcc/arm-none-eabi/4.9.3/../../../../arm-none-eabi/lib/armv7e-m/fpu\libc.a(lib_a-svfprintf.o)
 .rodata.str1.4
                0x0002bbf0       0x42 c:/siliconlabs/simplicitystudio/v4/developer/toolchains/gnu_arm/4.9_2015q3/bin/../lib/gcc/arm-none-eabi/4.9.3/../../../../arm-none-eabi/lib/armv7e-m/fpu\libc.a(lib_a-svfprintf.o)
 *fill*         0x0002bc32        0x2 
 .rodata.str1.4
                0x0002bc34       0x10 c:/siliconlabs/simplicitystudio/v4/developer/toolchains/gnu_arm/4.9_2015q3/bin/../lib/gcc/arm-none-eabi/4.9.3/../../../../arm-none-eabi/lib/armv7e-m/fpu\libc.a(lib_a-dtoa.o)
                                 0x12 (size before relaxing)
 .rodata.str1.4
                0x0002bc44        0xc c:/siliconlabs/simplicitystudio/v4/developer/toolchains/gnu_arm/4.9_2015q3/bin/../lib/gcc/arm-none-eabi/4.9.3/../../../../arm-none-eabi/lib/armv7e-m/fpu\libc.a(lib_a-locale.o)
                                 0x12 (size before relaxing)
 .rodata.__mprec_tens
                0x0002bc50       0xc8 c:/siliconlabs/simplicitystudio/v4/developer/toolchains/gnu_arm/4.9_2015q3/bin/../lib/gcc/arm-none-eabi/4.9.3/../../../../arm-none-eabi/lib/armv7e-m/fpu\libc.a(lib_a-mprec.o)
                0x0002bc50                __mprec_tens
 .rodata.p05.5302
                0x0002bd18        0xc c:/siliconlabs/simplicitystudio/v4/developer/toolchains/gnu_arm/4.9_2015q3/bin/../lib/gcc/arm-none-eabi/4.9.3/../../../../arm-none-eabi/lib/armv7e-m/fpu\libc.a(lib_a-mprec.o)
 *fill*         0x0002bd24        0x4 
 .rodata.__mprec_bigtens
                0x0002bd28       0x28 c:/siliconlabs/simplicitystudio/v4/developer/toolchains/gnu_arm/4.9_2015q3/bin/../lib/gcc/arm-none-eabi/4.9.3/../../../../arm-none-eabi/lib/armv7e-m/fpu\libc.a(lib_a-mprec.o)
                0x0002bd28                __mprec_bigtens
 *(.eh_frame*)
 .eh_frame      0x0002bd50        0x0 c:/siliconlabs/simplicitystudio/v4/developer/toolchains/gnu_arm/4.9_2015q3/bin/../lib/gcc/arm-none-eabi/4.9.3/armv7e-m/fpu/crtbegin.o
 .eh_frame      0x0002bd50        0x0 c:/siliconlabs/simplicitystudio/v4/developer/toolchains/gnu_arm/4.9_2015q3/bin/../lib/gcc/arm-none-eabi/4.9.3/../../../../arm-none-eabi/lib/armv7e-m/fpu\libc.a(lib_a-strcmp.o)
                                 0x70 (size before relaxing)
 .eh_frame      0x0002bd50        0x4 c:/siliconlabs/simplicitystudio/v4/developer/toolchains/gnu_arm/4.9_2015q3/bin/../lib/gcc/arm-none-eabi/4.9.3/armv7e-m/fpu/crtend.o
                0x0002bd54                . = ALIGN (0x4)

.glue_7         0x0002bd54        0x0
 .glue_7        0x00000000        0x0 linker stubs

.glue_7t        0x0002bd54        0x0
 .glue_7t       0x00000000        0x0 linker stubs

.vfp11_veneer   0x0002bd54        0x0
 .vfp11_veneer  0x00000000        0x0 linker stubs

.v4_bx          0x0002bd54        0x0
 .v4_bx         0x00000000        0x0 linker stubs

.iplt           0x0002bd54        0x0
 .iplt          0x00000000        0x0 c:/siliconlabs/simplicitystudio/v4/developer/toolchains/gnu_arm/4.9_2015q3/bin/../lib/gcc/arm-none-eabi/4.9.3/armv7e-m/fpu/crtbegin.o

.igot.plt       0x0002bd54        0x0
 .igot.plt      0x00000000        0x0 c:/siliconlabs/simplicitystudio/v4/developer/toolchains/gnu_arm/4.9_2015q3/bin/../lib/gcc/arm-none-eabi/4.9.3/armv7e-m/fpu/crtbegin.o

.text_app_ARM.extab
 *(.ARM.extab* .gnu.linkonce.armextab.*)
                0x0002bd54                __exidx_start = .

.text_app_ARM.exidx
                0x0002bd54        0x8
 *(.ARM.exidx* .gnu.linkonce.armexidx.*)
 .ARM.exidx     0x0002bd54        0x8 c:/siliconlabs/simplicitystudio/v4/developer/toolchains/gnu_arm/4.9_2015q3/bin/../lib/gcc/arm-none-eabi/4.9.3/../../../../arm-none-eabi/lib/armv7e-m/fpu/crt0.o
 .ARM.exidx     0x0002bd5c        0x0 c:/siliconlabs/simplicitystudio/v4/developer/toolchains/gnu_arm/4.9_2015q3/bin/../lib/gcc/arm-none-eabi/4.9.3/armv7e-m/fpu\libgcc.a(_divdi3.o)
                                  0x8 (size before relaxing)
 .ARM.exidx     0x0002bd5c        0x0 c:/siliconlabs/simplicitystudio/v4/developer/toolchains/gnu_arm/4.9_2015q3/bin/../lib/gcc/arm-none-eabi/4.9.3/armv7e-m/fpu\libgcc.a(_udivdi3.o)
                                  0x8 (size before relaxing)
                0x0002bd5c                __exidx_end = .
                0x0002bd5c                __etext = .

.rel.dyn        0x0002bd5c        0x0
 .rel.iplt      0x00000000        0x0 c:/siliconlabs/simplicitystudio/v4/developer/toolchains/gnu_arm/4.9_2015q3/bin/../lib/gcc/arm-none-eabi/4.9.3/armv7e-m/fpu/crtbegin.o

.text_app_data  0x20003000      0x92c load address 0x0002bd5c
                0x20003000                __data_start__ = .
 *(vtable)
 *(.data*)
 .data.advConnectableMode
                0x20003000        0x1 ./advertisement.o
 *fill*         0x20003001        0x3 
 .data.appUiLedSeqOffReq
                0x20003004        0x8 ./app_ui.o
 .data.appUiLedSeqLowAlert
                0x2000300c       0x20 ./app_ui.o
 .data.appUiLedSeqLowAlertReq
                0x2000302c        0x8 ./app_ui.o
 .data.appUiLedSeqHighAlert
                0x20003034        0x8 ./app_ui.o
 .data.appUiLedSeqHighAlertReq
                0x2000303c        0x8 ./app_ui.o
 .data.activeReq.9266
                0x20003044        0x4 ./app_ui.o
 .data.button0Released.9270
                0x20003048        0x1 ./app_ui.o
 .data.button1Released.9271
                0x20003049        0x1 ./app_ui.o
 *fill*         0x2000304a        0x2 
 .data.bcnBeaconAdvData
                0x2000304c       0x1e ./beacon.o
 *fill*         0x2000306a        0x2 
 .data.bg_gattdb_data_attribute_field_22_data
                0x2000306c        0x2 ./gatt_db.o
                0x2000306c                bg_gattdb_data_attribute_field_22_data
 *fill*         0x2000306e        0x2 
 .data.bg_gattdb_data_attribute_field_17_data
                0x20003070        0x1 ./gatt_db.o
                0x20003070                bg_gattdb_data_attribute_field_17_data
 *fill*         0x20003071        0x3 
 .data.bg_gattdb_data_attribute_field_6_data
                0x20003074        0x7 ./gatt_db.o
                0x20003074                bg_gattdb_data_attribute_field_6_data
 *fill*         0x2000307b        0x1 
 .data.htmTempMeas
                0x2000307c       0x18 ./htm.o
 .data.htmDateTime
                0x20003094        0x8 ./htm.o
 .data.htmClientConnection
                0x2000309c        0x1 ./htm.o
 *fill*         0x2000309d        0x3 
 .data.auxHfrcoFreq
                0x200030a0        0x4 ./emlib/em_cmu.o
 *fill*         0x200030a4        0x4 
 .data.impure_data
                0x200030a8      0x428 c:/siliconlabs/simplicitystudio/v4/developer/toolchains/gnu_arm/4.9_2015q3/bin/../lib/gcc/arm-none-eabi/4.9.3/../../../../arm-none-eabi/lib/armv7e-m/fpu\libc.a(lib_a-impure.o)
 .data._impure_ptr
                0x200034d0        0x4 c:/siliconlabs/simplicitystudio/v4/developer/toolchains/gnu_arm/4.9_2015q3/bin/../lib/gcc/arm-none-eabi/4.9.3/../../../../arm-none-eabi/lib/armv7e-m/fpu\libc.a(lib_a-impure.o)
                0x200034d0                _impure_ptr
 .data.lconv    0x200034d4       0x38 c:/siliconlabs/simplicitystudio/v4/developer/toolchains/gnu_arm/4.9_2015q3/bin/../lib/gcc/arm-none-eabi/4.9.3/../../../../arm-none-eabi/lib/armv7e-m/fpu\libc.a(lib_a-locale.o)
 .data.__malloc_av_
                0x2000350c      0x408 c:/siliconlabs/simplicitystudio/v4/developer/toolchains/gnu_arm/4.9_2015q3/bin/../lib/gcc/arm-none-eabi/4.9.3/../../../../arm-none-eabi/lib/armv7e-m/fpu\libc.a(lib_a-mallocr.o)
                0x2000350c                __malloc_av_
 .data.__malloc_trim_threshold
                0x20003914        0x4 c:/siliconlabs/simplicitystudio/v4/developer/toolchains/gnu_arm/4.9_2015q3/bin/../lib/gcc/arm-none-eabi/4.9.3/../../../../arm-none-eabi/lib/armv7e-m/fpu\libc.a(lib_a-mallocr.o)
                0x20003914                __malloc_trim_threshold
 .data.__malloc_sbrk_base
                0x20003918        0x4 c:/siliconlabs/simplicitystudio/v4/developer/toolchains/gnu_arm/4.9_2015q3/bin/../lib/gcc/arm-none-eabi/4.9.3/../../../../arm-none-eabi/lib/armv7e-m/fpu\libc.a(lib_a-mallocr.o)
                0x20003918                __malloc_sbrk_base
                0x2000391c                . = ALIGN (0x4)
 *(.ram)
                0x2000391c                . = ALIGN (0x4)
                0x2000391c                PROVIDE (__preinit_array_start, .)
 *(.preinit_array)
                0x2000391c                PROVIDE (__preinit_array_end, .)
                0x2000391c                . = ALIGN (0x4)
                0x2000391c                PROVIDE (__init_array_start, .)
 *(SORT(.init_array.*))
 .init_array.00000
                0x2000391c        0x4 c:/siliconlabs/simplicitystudio/v4/developer/toolchains/gnu_arm/4.9_2015q3/bin/../lib/gcc/arm-none-eabi/4.9.3/../../../../arm-none-eabi/lib/armv7e-m/fpu\libc.a(lib_a-__call_atexit.o)
 *(.init_array)
 .init_array    0x20003920        0x4 c:/siliconlabs/simplicitystudio/v4/developer/toolchains/gnu_arm/4.9_2015q3/bin/../lib/gcc/arm-none-eabi/4.9.3/armv7e-m/fpu/crtbegin.o
                0x20003924                PROVIDE (__init_array_end, .)
                0x20003924                . = ALIGN (0x4)
                0x20003924                PROVIDE (__fini_array_start, .)
 *(SORT(.fini_array.*))
 *(.fini_array)
 .fini_array    0x20003924        0x4 c:/siliconlabs/simplicitystudio/v4/developer/toolchains/gnu_arm/4.9_2015q3/bin/../lib/gcc/arm-none-eabi/4.9.3/armv7e-m/fpu/crtbegin.o
                0x20003928                PROVIDE (__fini_array_end, .)
 *(.jcr*)
 .jcr           0x20003928        0x0 c:/siliconlabs/simplicitystudio/v4/developer/toolchains/gnu_arm/4.9_2015q3/bin/../lib/gcc/arm-none-eabi/4.9.3/armv7e-m/fpu/crtbegin.o
 .jcr           0x20003928        0x4 c:/siliconlabs/simplicitystudio/v4/developer/toolchains/gnu_arm/4.9_2015q3/bin/../lib/gcc/arm-none-eabi/4.9.3/armv7e-m/fpu/crtend.o
                0x2000392c                . = ALIGN (0x4)
                0x2000392c                __data_end__ = .

.bss            0x2000392c     0x1ca0 load address 0x0002c688
                0x2000392c                . = ALIGN (0x4)
                0x2000392c                __bss_start__ = .
 *(.bss*)
 .bss           0x2000392c       0x1c c:/siliconlabs/simplicitystudio/v4/developer/toolchains/gnu_arm/4.9_2015q3/bin/../lib/gcc/arm-none-eabi/4.9.3/armv7e-m/fpu/crtbegin.o
 .bss.advIsConnected
                0x20003948        0x1 ./advertisement.o
 .bss.si7013_status
                0x20003949        0x1 ./app_hw.o
 *fill*         0x2000394a        0x2 
 .bss.appUiBtn  0x2000394c        0x4 ./app_ui.o
 .bss.appUiLedSeqOff
                0x20003950        0x2 ./app_ui.o
 *fill*         0x20003952        0x2 
 .bss.appUiLedSeqReq
                0x20003954        0x4 ./app_ui.o
 .bss.pos.9265  0x20003958        0x1 ./app_ui.o
 *fill*         0x20003959        0x1 
 .bss.button0Time.9272
                0x2000395a        0x2 ./app_ui.o
 .bss.button1Time.9273
                0x2000395c        0x2 ./app_ui.o
 *fill*         0x2000395e        0x2 
 .bss.bg_gattdb_data_attribute_field_25_data
                0x20003960        0x1 ./gatt_db.o
                0x20003960                bg_gattdb_data_attribute_field_25_data
 *fill*         0x20003961        0x3 
 .bss.bg_gattdb_data_attribute_field_19_data
                0x20003964        0xd ./gatt_db.o
                0x20003964                bg_gattdb_data_attribute_field_19_data
 *fill*         0x20003971        0x3 
 .bss.bg_gattdb_data_attribute_field_14_data
                0x20003974        0xd ./gatt_db.o
                0x20003974                bg_gattdb_data_attribute_field_14_data
 *fill*         0x20003981        0x3 
 .bss.bg_gattdb_data_attribute_field_2_data
                0x20003984        0x4 ./gatt_db.o
                0x20003984                bg_gattdb_data_attribute_field_2_data
 .bss.glibContext
                0x20003988       0x2c ./graphics.o
 .bss.graphLineNum
                0x200039b4        0x1 ./graphics.o
 *fill*         0x200039b5        0x3 
 .bss.deviceHeader
                0x200039b8        0x4 ./graphics.o
 .bss.boot_to_dfu.9425
                0x200039bc        0x1 ./main.o
 *fill*         0x200039bd        0x3 
 .bss.i2cTransfer
                0x200039c0       0x20 ./emlib/em_i2c.o
 .bss.chTable   0x200039e0       0xa0 ./platform/emdrv/dmadrv/src/dmadrv.o
 .bss.dmaXfer   0x20003a80      0x100 ./platform/emdrv/dmadrv/src/dmadrv.o
 .bss.moduleInitialized
                0x20003b80        0x1 ./platform/middleware/glib/dmd/display/dmd_display.o
 *fill*         0x20003b81        0x3 
 .bss.displayDevice
                0x20003b84       0x30 ./platform/middleware/glib/dmd/display/dmd_display.o
 .bss.pixelMatrixBuffer
                0x20003bb4        0x4 ./platform/middleware/glib/dmd/display/dmd_display.o
 .bss.dimensions
                0x20003bb8        0xc ./platform/middleware/glib/dmd/display/dmd_display.o
 .bss.switch_on
                0x20003bc4        0x4 ./src/gpio.o
                0x20003bc4                switch_on
 .bss.xtempValue
                0x20003bc8        0x2 ./src/gpio.o
                0x20003bc8                xtempValue
 .bss.ytempValue
                0x20003bca        0x2 ./src/gpio.o
                0x20003bca                ytempValue
 .bss.ztempValue
                0x20003bcc        0x2 ./src/gpio.o
                0x20003bcc                ztempValue
 .bss.bma280_temp
                0x20003bce        0x2 ./src/gpio.o
                0x20003bce                bma280_temp
 .bss.fifo_index
                0x20003bd0        0x1 ./src/gpio.o
 *fill*         0x20003bd1        0x3 
 .bss           0x20003bd4        0x4 C:\Users\Satyanarayana\SimplicityStudio\v4_workspace\soc-smartPhone_NoBuff\protocol\bluetooth_2.6\lib\EFR32BG13P\GCC\bgapi.a(bgapi_hardware.c.obj)
 .bss           0x20003bd8        0x5 C:\Users\Satyanarayana\SimplicityStudio\v4_workspace\soc-smartPhone_NoBuff\protocol\bluetooth_2.6\lib\EFR32BG13P\GCC\bgapi.a(bgapi_test_lib.c.obj)
 *fill*         0x20003bdd        0x1 
 .bss           0x20003bde        0x2 C:\Users\Satyanarayana\SimplicityStudio\v4_workspace\soc-smartPhone_NoBuff\protocol\bluetooth_2.6\lib\EFR32BG13P\GCC\bgapi.a(bgapi_gap.c.obj)
                0x20003bde                legacy_maxadv_events
 .bss           0x20003be0        0x4 C:\Users\Satyanarayana\SimplicityStudio\v4_workspace\soc-smartPhone_NoBuff\protocol\bluetooth_2.6\lib\EFR32BG13P\GCC\bgapi.a(bgapi_ps.c.obj)
 .bss           0x20003be4        0x4 C:\Users\Satyanarayana\SimplicityStudio\v4_workspace\soc-smartPhone_NoBuff\protocol\bluetooth_2.6\lib\EFR32BG13P\GCC\bgapi.a(bgapi_sm.c.obj)
 .bss           0x20003be8        0x4 C:\Users\Satyanarayana\SimplicityStudio\v4_workspace\soc-smartPhone_NoBuff\protocol\bluetooth_2.6\lib\EFR32BG13P\GCC\bgapi.a(bgapi_system.c.obj)
 .bss.__malloc_max_total_mem
                0x20003bec        0x4 c:/siliconlabs/simplicitystudio/v4/developer/toolchains/gnu_arm/4.9_2015q3/bin/../lib/gcc/arm-none-eabi/4.9.3/../../../../arm-none-eabi/lib/armv7e-m/fpu\libc.a(lib_a-mallocr.o)
                0x20003bec                __malloc_max_total_mem
 .bss.__malloc_max_sbrked_mem
                0x20003bf0        0x4 c:/siliconlabs/simplicitystudio/v4/developer/toolchains/gnu_arm/4.9_2015q3/bin/../lib/gcc/arm-none-eabi/4.9.3/../../../../arm-none-eabi/lib/armv7e-m/fpu\libc.a(lib_a-mallocr.o)
                0x20003bf0                __malloc_max_sbrked_mem
 .bss.__malloc_top_pad
                0x20003bf4        0x4 c:/siliconlabs/simplicitystudio/v4/developer/toolchains/gnu_arm/4.9_2015q3/bin/../lib/gcc/arm-none-eabi/4.9.3/../../../../arm-none-eabi/lib/armv7e-m/fpu\libc.a(lib_a-mallocr.o)
                0x20003bf4                __malloc_top_pad
 .bss.__malloc_current_mallinfo
                0x20003bf8       0x28 c:/siliconlabs/simplicitystudio/v4/developer/toolchains/gnu_arm/4.9_2015q3/bin/../lib/gcc/arm-none-eabi/4.9.3/../../../../arm-none-eabi/lib/armv7e-m/fpu\libc.a(lib_a-mallocr.o)
                0x20003bf8                __malloc_current_mallinfo
 .bss.heap_end.4079
                0x20003c20        0x4 c:/siliconlabs/simplicitystudio/v4/developer/toolchains/gnu_arm/4.9_2015q3/bin/../lib/gcc/arm-none-eabi/4.9.3/../../../../arm-none-eabi/lib/armv7e-m/fpu\libnosys.a(sbrk.o)
 *(COMMON)
 COMMON         0x20003c24     0x1988 ./main.o
                0x20003c24                bluetooth_stack_heap
 COMMON         0x200055ac       0x10 ./platform/middleware/glib/dmd/display/dmd_display.o
                0x200055ac                dirtyRows
 COMMON         0x200055bc        0x6 ./src/gpio.o
                0x200055bc                Ydata_FIFO
                0x200055be                Xdata_FIFO
                0x200055c0                Zdata_FIFO
 *fill*         0x200055c2        0x2 
 COMMON         0x200055c4        0x4 C:\Users\Satyanarayana\SimplicityStudio\v4_workspace\soc-smartPhone_NoBuff\protocol\bluetooth_2.6\lib\EFR32BG13P\GCC\bgapi.a(bgapi_test_lib.c.obj)
                0x200055c4                msg_sender
 COMMON         0x200055c8        0x4 c:/siliconlabs/simplicitystudio/v4/developer/toolchains/gnu_arm/4.9_2015q3/bin/../lib/gcc/arm-none-eabi/4.9.3/../../../../arm-none-eabi/lib/armv7e-m/fpu\libc.a(lib_a-reent.o)
                0x200055c8                errno
                0x200055cc                . = ALIGN (0x4)
                0x200055cc                __bss_end__ = .

.heap           0x200055d0      0xc00
                0x200055d0                __HeapBase = .
                0x200055d0                __end__ = .
                0x200055d0                end = __end__
                0x200055d0                _end = __end__
 *(.heap*)
 .heap          0x200055d0      0xc00 ./platform/Device/SiliconLabs/EFR32BG13P/Source/GCC/startup_efr32bg13p.o
                0x200061d0                __HeapLimit = .

.stack_dummy    0x200061d0      0x400
 *(.stack*)
 .stack         0x200061d0      0x400 ./platform/Device/SiliconLabs/EFR32BG13P/Source/GCC/startup_efr32bg13p.o
                0x2000fffc                __StackTop = (ORIGIN (RAM) + 0xcffc)
                0x2000fbfc                __StackLimit = (__StackTop - SIZEOF (.stack_dummy))
                0x2000fffc                PROVIDE (__stack, __StackTop)
                0x00000001                ASSERT ((__StackLimit >= __HeapLimit), region RAM overflowed with stack)
                0x00000001                ASSERT ((0x7f000 >= (__etext + SIZEOF (.text_app_data))), FLASH memory overflowed !)
OUTPUT(soc-smartPhone_NoBuff.axf elf32-littlearm)

.ARM.attributes
                0x00000000       0x30
 .ARM.attributes
                0x00000000       0x22 c:/siliconlabs/simplicitystudio/v4/developer/toolchains/gnu_arm/4.9_2015q3/bin/../lib/gcc/arm-none-eabi/4.9.3/armv7e-m/fpu/crti.o
 .ARM.attributes
                0x00000022       0x34 c:/siliconlabs/simplicitystudio/v4/developer/toolchains/gnu_arm/4.9_2015q3/bin/../lib/gcc/arm-none-eabi/4.9.3/armv7e-m/fpu/crtbegin.o
 .ARM.attributes
                0x00000056       0x20 c:/siliconlabs/simplicitystudio/v4/developer/toolchains/gnu_arm/4.9_2015q3/bin/../lib/gcc/arm-none-eabi/4.9.3/../../../../arm-none-eabi/lib/armv7e-m/fpu/crt0.o
 .ARM.attributes
                0x00000076       0x39 ./advertisement.o
 .ARM.attributes
                0x000000af       0x39 ./app.o
 .ARM.attributes
                0x000000e8       0x39 ./app_hw.o
 .ARM.attributes
                0x00000121       0x39 ./app_ui.o
 .ARM.attributes
                0x0000015a       0x39 ./application_properties.o
 .ARM.attributes
                0x00000193       0x39 ./beacon.o
 .ARM.attributes
                0x000001cc       0x39 ./gatt_db.o
 .ARM.attributes
                0x00000205       0x39 ./graphics.o
 .ARM.attributes
                0x0000023e       0x39 ./htm.o
 .ARM.attributes
                0x00000277       0x39 ./ia.o
 .ARM.attributes
                0x000002b0       0x39 ./main.o
 .ARM.attributes
                0x000002e9       0x39 ./emlib/em_cmu.o
 .ARM.attributes
                0x00000322       0x39 ./emlib/em_gpio.o
 .ARM.attributes
                0x0000035b       0x39 ./emlib/em_i2c.o
 .ARM.attributes
                0x00000394       0x39 ./emlib/em_letimer.o
 .ARM.attributes
                0x000003cd       0x39 ./emlib/em_rtcc.o
 .ARM.attributes
                0x00000406       0x39 ./emlib/em_usart.o
 .ARM.attributes
                0x0000043f       0x39 ./hardware/kit/common/bsp/bsp_stk_leds.o
 .ARM.attributes
                0x00000478       0x39 ./hardware/kit/common/drivers/i2cspm.o
 .ARM.attributes
                0x000004b1       0x39 ./hardware/kit/common/drivers/mx25flash_spi.o
 .ARM.attributes
                0x000004ea       0x39 ./hardware/kit/common/drivers/si7013.o
 .ARM.attributes
                0x00000523       0x39 ./platform/Device/SiliconLabs/EFR32BG13P/Source/GCC/startup_efr32bg13p.o
 .ARM.attributes
                0x0000055c       0x39 ./platform/emdrv/dmadrv/src/dmadrv.o
 .ARM.attributes
                0x00000595       0x39 ./platform/middleware/glib/dmd/display/dmd_display.o
 .ARM.attributes
                0x000005ce       0x39 ./platform/middleware/glib/glib/glib.o
 .ARM.attributes
                0x00000607       0x39 ./platform/middleware/glib/glib/glib_rectangle.o
 .ARM.attributes
                0x00000640       0x39 ./platform/middleware/glib/glib/glib_string.o
 .ARM.attributes
                0x00000679       0x39 ./src/InitDevice.o
 .ARM.attributes
                0x000006b2       0x39 ./src/bma280.o
 .ARM.attributes
                0x000006eb       0x39 ./src/cmu.o
 .ARM.attributes
                0x00000724       0x39 ./src/gpio.o
 .ARM.attributes
                0x0000075d       0x39 ./src/letimer0.o
 .ARM.attributes
                0x00000796       0x39 ./src/spi.o
 .ARM.attributes
                0x000007cf       0x39 C:\Users\Satyanarayana\SimplicityStudio\v4_workspace\soc-smartPhone_NoBuff\protocol\bluetooth_2.6\lib\EFR32BG13P\GCC\bgapi.a(gecko_bgapi_hardware.c.obj)
 .ARM.attributes
                0x00000808       0x39 C:\Users\Satyanarayana\SimplicityStudio\v4_workspace\soc-smartPhone_NoBuff\protocol\bluetooth_2.6\lib\EFR32BG13P\GCC\bgapi.a(gecko_bgapi_test.c.obj)
 .ARM.attributes
                0x00000841       0x39 C:\Users\Satyanarayana\SimplicityStudio\v4_workspace\soc-smartPhone_NoBuff\protocol\bluetooth_2.6\lib\EFR32BG13P\GCC\bgapi.a(gecko_bgapi_dfu.c.obj)
 .ARM.attributes
                0x0000087a       0x39 C:\Users\Satyanarayana\SimplicityStudio\v4_workspace\soc-smartPhone_NoBuff\protocol\bluetooth_2.6\lib\EFR32BG13P\GCC\bgapi.a(gecko_bgapi_gap.c.obj)
 .ARM.attributes
                0x000008b3       0x39 C:\Users\Satyanarayana\SimplicityStudio\v4_workspace\soc-smartPhone_NoBuff\protocol\bluetooth_2.6\lib\EFR32BG13P\GCC\bgapi.a(gecko_bgapi_gatt.c.obj)
 .ARM.attributes
                0x000008ec       0x39 C:\Users\Satyanarayana\SimplicityStudio\v4_workspace\soc-smartPhone_NoBuff\protocol\bluetooth_2.6\lib\EFR32BG13P\GCC\bgapi.a(gecko_bgapi_gatt_server.c.obj)
 .ARM.attributes
                0x00000925       0x39 C:\Users\Satyanarayana\SimplicityStudio\v4_workspace\soc-smartPhone_NoBuff\protocol\bluetooth_2.6\lib\EFR32BG13P\GCC\bgapi.a(gecko_bgapi_flash.c.obj)
 .ARM.attributes
                0x0000095e       0x39 C:\Users\Satyanarayana\SimplicityStudio\v4_workspace\soc-smartPhone_NoBuff\protocol\bluetooth_2.6\lib\EFR32BG13P\GCC\bgapi.a(gecko_bgapi_sm.c.obj)
 .ARM.attributes
                0x00000997       0x39 C:\Users\Satyanarayana\SimplicityStudio\v4_workspace\soc-smartPhone_NoBuff\protocol\bluetooth_2.6\lib\EFR32BG13P\GCC\bgapi.a(gecko_bgapi_system.c.obj)
 .ARM.attributes